[     0.0s 21:35:25] hunt worker start: engine=alt seed=IMPORTED_89_sunyangli.json rng=606 total=8400s lns={'kmax': 4, 'kshake': 12, 'snapback': 12, 'nsamp': (12, 12), 'up_prob': 0.5, 'up_slack': 4, 'harvest_path': '../runs_hunt/w6_syl89.pop.jsonl', 'pop_glob': '../runs_hunt/*.pop.jsonl', 'pop_period_s': 120.0} walk={'hub_move_p': 0.3, 'close_hamming': 8, 'repair_one': 40, 'repair_hub': 24, 'plateau_slack_p': 0.15, 'harvest_path': '../runs_hunt/w6_syl89.pop.jsonl'}
[     0.0s 21:35:25]   NEW BEST 89 gates depth 9 VERIFIED 
[     0.5s 21:35:26]   NEW BEST 89 gates depth 8 VERIFIED depth-tiebreak it=178
[     4.2s 21:35:30]   NEW BEST 89 gates depth 7 VERIFIED depth-tiebreak it=1472
[    10.0s 21:35:35]   NEW BEST 89 gates depth 6 VERIFIED depth-tiebreak it=3841
[    54.3s 21:36:20] [walk] 54s iters=20000 cur=89 best=89 harv=2067
[   122.3s 21:37:28] [walk] 122s iters=40000 cur=89 best=89 harv=4190
[   195.5s 21:38:41] [walk] 195s iters=60000 cur=89 best=89 harv=6369
[   267.0s 21:39:52] [walk] 267s iters=80000 cur=89 best=89 harv=8552
[   424.7s 21:42:30] [lns] cross-pollinated 673 masks (pool=4431)
[   688.6s 21:46:54] [lns] 389s iters=20000 cur=95 best=89 pool=4500 hot=70650 harv=7 peelgain=3658
[   971.7s 21:51:37] [walk] 71s iters=20000 cur=89 best=89 harv=2104
[  1060.3s 21:53:06] [walk] 160s iters=40000 cur=89 best=89 harv=4196
[  1145.2s 21:54:31] [walk] 245s iters=60000 cur=89 best=89 harv=6221
[  1330.3s 21:57:36] [lns] cross-pollinated 684 masks (pool=4462)
[  1599.4s 22:02:05] [lns] 399s iters=20000 cur=97 best=89 pool=4545 hot=72509 harv=1 peelgain=3726
[  1876.5s 22:06:42] [walk] 76s iters=20000 cur=89 best=89 harv=2201
[  1960.4s 22:08:06] [walk] 160s iters=40000 cur=89 best=89 harv=4319
[  2045.7s 22:09:31] [walk] 245s iters=60000 cur=89 best=89 harv=6391
[  2239.2s 22:12:45] [lns] cross-pollinated 845 masks (pool=4595)
[  2341.2s 22:14:27] [lns] cross-pollinated 5 masks (pool=4653)
[  2461.4s 22:16:27] [lns] cross-pollinated 9 masks (pool=4711)
[  2633.8s 22:19:19] [lns] 533s iters=20000 cur=96 best=89 pool=4769 hot=68743 harv=2 peelgain=5134
[  2782.5s 22:21:48] [walk] 81s iters=20000 cur=89 best=89 harv=2025
[  2851.0s 22:22:56] [walk] 150s iters=40000 cur=89 best=89 harv=4111
[  2915.4s 22:24:01] [walk] 214s iters=60000 cur=89 best=89 harv=6198
[  2977.2s 22:25:03] [walk] 276s iters=80000 cur=89 best=89 harv=8313
[  3141.5s 22:27:47] [lns] cross-pollinated 863 masks (pool=4642)
[  3241.7s 22:29:27] [lns] cross-pollinated 2 masks (pool=4675)
[  3361.8s 22:31:27] [lns] cross-pollinated 1 masks (pool=4712)
[  3442.1s 22:32:48] [lns] 441s iters=20000 cur=94 best=89 pool=4719 hot=69745 harv=9 peelgain=5145
[  3668.2s 22:36:34] [walk] 67s iters=20000 cur=89 best=89 harv=2150
[  3738.7s 22:37:44] [walk] 137s iters=40000 cur=89 best=89 harv=4214
[  3810.6s 22:38:56] [walk] 209s iters=60000 cur=89 best=89 harv=6363
[  3882.9s 22:40:08] [walk] 281s iters=80000 cur=89 best=89 harv=8563
[  4047.5s 22:42:53] [lns] cross-pollinated 867 masks (pool=4649)
[  4262.7s 22:46:28] [lns] cross-pollinated 6 masks (pool=4723)
[  4322.5s 22:47:28] [lns] 421s iters=20000 cur=94 best=89 pool=4729 hot=69251 harv=2 peelgain=4906
[  4502.9s 22:50:28] [lns] cross-pollinated 2 masks (pool=4779)
[  4559.9s 22:51:25] [walk] 57s iters=20000 cur=89 best=89 harv=2081
[  4623.7s 22:52:29] [walk] 121s iters=40000 cur=89 best=89 harv=4207
[  4686.7s 22:53:32] [walk] 184s iters=60000 cur=89 best=89 harv=6392
[  4754.6s 22:54:40] [walk] 252s iters=80000 cur=89 best=89 harv=8462
[  4955.2s 22:58:01] [lns] cross-pollinated 870 masks (pool=4672)
[  5250.8s 23:02:56] [lns] 448s iters=20000 cur=95 best=89 pool=4807 hot=69756 harv=1 peelgain=5308
[  5472.4s 23:06:38] [walk] 69s iters=20000 cur=89 best=89 harv=2007
[  5565.8s 23:08:11] [walk] 162s iters=40000 cur=89 best=89 harv=4043
[  5647.4s 23:09:33] [walk] 244s iters=60000 cur=89 best=89 harv=6107
[  5864.1s 23:13:10] [lns] cross-pollinated 894 masks (pool=4674)
[  6102.1s 23:17:08] [lns] 399s iters=20000 cur=97 best=89 pool=4769 hot=71764 harv=1 peelgain=3945
[  6357.5s 23:21:23] [walk] 53s iters=20000 cur=89 best=89 harv=2066
[  6416.7s 23:22:22] [walk] 112s iters=40000 cur=89 best=89 harv=4011
[  6475.9s 23:23:21] [walk] 172s iters=60000 cur=89 best=89 harv=6140
