[     0.0s 21:35:25] hunt worker start: engine=alt seed=div_21_g90_d7_j127.json rng=707 total=8400s lns={'kmax': 4, 'kshake': 12, 'snapback': 12, 'nsamp': (12, 12), 'up_prob': 0.5, 'up_slack': 4, 'harvest_path': '../runs_hunt/w7_hyb90.pop.jsonl', 'pop_glob': '../runs_hunt/*.pop.jsonl', 'pop_period_s': 120.0} walk={'hub_move_p': 0.3, 'close_hamming': 8, 'repair_one': 40, 'repair_hub': 24, 'plateau_slack_p': 0.15, 'harvest_path': '../runs_hunt/w7_hyb90.pop.jsonl'}
[     0.0s 21:35:25]   NEW BEST 90 gates depth 7 VERIFIED 
[     0.1s 21:35:26]   NEW BEST 90 gates depth 5 VERIFIED depth-tiebreak it=35
[     5.8s 21:35:31]   NEW BEST 89 gates depth 6 VERIFIED it=2531
[     6.0s 21:35:31]   NEW BEST 89 gates depth 5 VERIFIED depth-tiebreak it=2620
[    48.6s 21:36:14] [walk] 49s iters=20000 cur=89 best=89 harv=2279
[   120.8s 21:37:26] [walk] 121s iters=40000 cur=89 best=89 harv=4513
[   195.5s 21:38:41] [walk] 195s iters=60000 cur=89 best=89 harv=6736
[   264.3s 21:39:50] [walk] 264s iters=80000 cur=89 best=89 harv=8876
[   425.2s 21:42:31] [lns] cross-pollinated 662 masks (pool=4452)
[   703.1s 21:47:09] [lns] 403s iters=20000 cur=92 best=89 pool=4509 hot=68273 harv=8 peelgain=4700
[   972.4s 21:51:38] [walk] 72s iters=20000 cur=89 best=89 harv=2222
[  1054.7s 21:53:00] [walk] 154s iters=40000 cur=89 best=89 harv=4423
[  1138.8s 21:54:24] [walk] 238s iters=60000 cur=89 best=89 harv=6699
[  1330.9s 21:57:36] [lns] cross-pollinated 698 masks (pool=4519)
[  1593.9s 22:01:59] [lns] 393s iters=20000 cur=93 best=89 pool=4566 hot=70070 harv=2 peelgain=4056
[  1876.1s 22:06:42] [walk] 75s iters=20000 cur=89 best=89 harv=2173
[  1959.5s 22:08:05] [walk] 159s iters=40000 cur=89 best=89 harv=4486
[  2044.6s 22:09:30] [walk] 244s iters=60000 cur=89 best=89 harv=6675
[  2237.8s 22:12:43] [lns] cross-pollinated 860 masks (pool=4613)
[  2341.4s 22:14:27] [lns] cross-pollinated 5 masks (pool=4626)
[  2461.2s 22:16:27] [lns] cross-pollinated 10 masks (pool=4653)
[  2598.8s 22:18:44] [lns] 498s iters=20000 cur=93 best=89 pool=4666 hot=66006 harv=9 peelgain=5064
[  2775.6s 22:21:41] [walk] 74s iters=20000 cur=89 best=89 harv=2294
[  2853.3s 22:22:59] [walk] 152s iters=40000 cur=89 best=89 harv=4468
[  2916.6s 22:24:02] [walk] 215s iters=60000 cur=89 best=89 harv=6678
[  2983.3s 22:25:09] [walk] 282s iters=80000 cur=89 best=89 harv=8857
[  3139.7s 22:27:45] [lns] cross-pollinated 879 masks (pool=4686)
[  3464.9s 22:33:10] [lns] 464s iters=20000 cur=94 best=89 pool=4743 hot=68976 harv=18 peelgain=5526
[  3671.9s 22:36:37] [walk] 70s iters=20000 cur=89 best=89 harv=2202
[  3749.1s 22:37:55] [walk] 147s iters=40000 cur=89 best=89 harv=4452
[  3815.3s 22:39:01] [walk] 214s iters=60000 cur=89 best=89 harv=6634
[  3887.5s 22:40:13] [walk] 286s iters=80000 cur=89 best=89 harv=8841
[  4050.6s 22:42:56] [lns] cross-pollinated 896 masks (pool=4684)
[  4262.5s 22:46:28] [lns] cross-pollinated 4 masks (pool=4768)
[  4319.2s 22:47:25] [lns] 417s iters=20000 cur=96 best=89 pool=4795 hot=68464 harv=6 peelgain=4537
[  4502.3s 22:50:28] [lns] cross-pollinated 2 masks (pool=4824)
[  4563.5s 22:51:29] [walk] 61s iters=20000 cur=89 best=89 harv=2159
[  4630.7s 22:52:36] [walk] 128s iters=40000 cur=89 best=89 harv=4422
[  4696.0s 22:53:41] [walk] 194s iters=60000 cur=89 best=89 harv=6645
[  4767.8s 22:54:53] [walk] 266s iters=80000 cur=89 best=89 harv=8888
[  4955.4s 22:58:01] [lns] cross-pollinated 895 masks (pool=4717)
[  5198.2s 23:02:04] [lns] 396s iters=20000 cur=95 best=89 pool=4774 hot=71223 harv=5 peelgain=4188
[  5486.7s 23:06:52] [walk] 84s iters=20000 cur=89 best=89 harv=2192
[  5575.8s 23:08:21] [walk] 173s iters=40000 cur=89 best=89 harv=4616
[  5654.4s 23:09:40] [walk] 252s iters=60000 cur=89 best=89 harv=6853
[  5863.4s 23:13:09] [lns] cross-pollinated 900 masks (pool=4715)
[  6091.3s 23:16:57] [lns] 388s iters=20000 cur=98 best=89 pool=4823 hot=71326 harv=6 peelgain=3733
[  6360.3s 23:21:26] [walk] 57s iters=20000 cur=89 best=89 harv=2257
[  6418.6s 23:22:24] [walk] 115s iters=40000 cur=89 best=89 harv=4462
[  6477.0s 23:23:22] [walk] 174s iters=60000 cur=89 best=89 harv=6695
