[     0.0s 21:35:25] hunt worker start: engine=alt seed=IMPORTED_88.json rng=303 total=8400s lns={'kmax': 4, 'kshake': 12, 'snapback': 12, 'nsamp': (12, 12), 'up_prob': 0.5, 'up_slack': 4, 'harvest_path': '../runs_hunt/w3_88_alt.pop.jsonl', 'pop_glob': '../runs_hunt/*.pop.jsonl', 'pop_period_s': 120.0} walk={'hub_move_p': 0.3, 'close_hamming': 8, 'repair_one': 40, 'repair_hub': 24, 'plateau_slack_p': 0.15, 'harvest_path': '../runs_hunt/w3_88_alt.pop.jsonl'}
[     0.0s 21:35:25]   NEW BEST 88 gates depth 7 VERIFIED 
[    51.4s 21:36:17] [walk] 51s iters=20000 cur=88 best=88 harv=1887
[   109.0s 21:37:14] [walk] 109s iters=40000 cur=88 best=88 harv=3734
[   184.0s 21:38:29] [walk] 184s iters=60000 cur=88 best=88 harv=5357
[   250.2s 21:39:36] [walk] 250s iters=80000 cur=88 best=88 harv=6926
[   425.5s 21:42:31] [lns] cross-pollinated 732 masks (pool=4483)
[   730.5s 21:47:36] [lns] 430s iters=20000 cur=95 best=88 pool=4629 hot=68471 harv=10 peelgain=4766
[   971.0s 21:51:36] [walk] 71s iters=20000 cur=88 best=88 harv=1730
[  1052.6s 21:52:58] [walk] 152s iters=40000 cur=88 best=88 harv=3641
[  1127.3s 21:54:13] [walk] 227s iters=60000 cur=88 best=88 harv=5189
[  1196.1s 21:55:22] [walk] 296s iters=80000 cur=88 best=88 harv=6716
[  1330.5s 21:57:36] [lns] cross-pollinated 806 masks (pool=4497)
[  1684.7s 22:03:30] [lns] 484s iters=20000 cur=93 best=88 pool=4655 hot=67892 harv=18 peelgain=5213
[  1875.7s 22:06:41] [walk] 75s iters=20000 cur=88 best=88 harv=1885
[  1957.0s 22:08:02] [walk] 156s iters=40000 cur=88 best=88 harv=3672
[  2036.2s 22:09:22] [walk] 236s iters=60000 cur=88 best=88 harv=5481
[  2237.8s 22:12:43] [lns] cross-pollinated 947 masks (pool=4641)
[  2340.9s 22:14:26] [lns] cross-pollinated 4 masks (pool=4672)
[  2461.2s 22:16:27] [lns] cross-pollinated 9 masks (pool=4725)
[  2541.8s 22:17:47] [lns] 441s iters=20000 cur=93 best=88 pool=4754 hot=70574 harv=9 peelgain=4742
[  2775.7s 22:21:41] [walk] 75s iters=20000 cur=88 best=88 harv=1864
[  2856.6s 22:23:02] [walk] 156s iters=40000 cur=88 best=88 harv=3553
[  2923.1s 22:24:08] [walk] 222s iters=60000 cur=88 best=88 harv=5283
[  2985.8s 22:25:11] [walk] 285s iters=80000 cur=88 best=88 harv=6846
[  3141.3s 22:27:47] [lns] cross-pollinated 981 masks (pool=4696)
[  3460.1s 22:33:05] [lns] 459s iters=20000 cur=95 best=88 pool=4808 hot=69862 harv=9 peelgain=4930
[  3662.9s 22:36:28] [walk] 62s iters=20000 cur=88 best=88 harv=1945
[  3729.1s 22:37:35] [walk] 128s iters=40000 cur=88 best=88 harv=3755
[  3801.9s 22:38:47] [walk] 201s iters=60000 cur=88 best=88 harv=5316
[  3867.3s 22:39:53] [walk] 266s iters=80000 cur=88 best=88 harv=6835
[  4049.5s 22:42:55] [lns] cross-pollinated 1020 masks (pool=4706)
[  4262.3s 22:46:28] [lns] cross-pollinated 5 masks (pool=4758)
[  4350.0s 22:47:55] [lns] 449s iters=20000 cur=92 best=88 pool=4766 hot=64344 harv=5 peelgain=5305
[  4502.4s 22:50:28] [lns] cross-pollinated 1 masks (pool=4807)
[  4564.8s 22:51:30] [walk] 62s iters=20000 cur=88 best=88 harv=1886
[  4618.7s 22:52:24] [walk] 116s iters=40000 cur=88 best=88 harv=3414
[  4685.6s 22:53:31] [walk] 183s iters=60000 cur=88 best=88 harv=5207
[  4748.5s 22:54:34] [walk] 246s iters=80000 cur=88 best=88 harv=6729
[  4952.1s 22:57:57] [lns] cross-pollinated 1011 masks (pool=4718)
[  5143.5s 23:01:09] [lns] 341s iters=20000 cur=93 best=88 pool=4768 hot=65242 harv=1 peelgain=3888
[  5474.8s 23:06:40] [walk] 72s iters=20000 cur=88 best=88 harv=1926
[  5563.3s 23:08:09] [walk] 160s iters=40000 cur=88 best=88 harv=3675
[  5643.2s 23:09:29] [walk] 240s iters=60000 cur=88 best=88 harv=5360
[  5867.6s 23:13:13] [lns] cross-pollinated 1014 masks (pool=4716)
[  6187.8s 23:18:33] [lns] 485s iters=20000 cur=91 best=88 pool=4803 hot=69275 harv=3 peelgain=5719
[  6357.0s 23:21:22] [walk] 53s iters=20000 cur=88 best=88 harv=1900
[  6412.2s 23:22:18] [walk] 109s iters=40000 cur=88 best=88 harv=3680
[  6471.5s 23:23:17] [walk] 168s iters=60000 cur=88 best=88 harv=5442
[  6528.8s 23:24:14] [walk] 225s iters=80000 cur=88 best=88 harv=6928
[  6583.6s 23:25:09] [walk] 280s iters=100000 cur=88 best=88 harv=8446
[  6761.5s 23:28:07] [lns] cross-pollinated 1121 masks (pool=4850)
[  6844.4s 23:29:30] [lns] cross-pollinated 2 masks (pool=4894)
[  6960.8s 23:31:26] [lns] 357s iters=20000 cur=93 best=88 pool=4923 hot=69021 harv=1 peelgain=4221
[  7249.0s 23:36:14] [walk] 45s iters=20000 cur=88 best=88 harv=1888
[  7295.1s 23:37:01] [walk] 91s iters=40000 cur=88 best=88 harv=3669
[  7338.9s 23:37:44] [walk] 135s iters=60000 cur=88 best=88 harv=5383
[  7386.1s 23:38:32] [walk] 182s iters=80000 cur=88 best=88 harv=6937
[  7439.4s 23:39:25] [walk] 235s iters=100000 cur=88 best=88 harv=8367
[  7499.0s 23:40:24] [walk] 295s iters=120000 cur=88 best=88 harv=9679
[  7663.9s 23:43:09] [lns] cross-pollinated 1157 masks (pool=4843)
[  7867.4s 23:46:33] [lns] 363s iters=20000 cur=91 best=88 pool=4884 hot=70703 harv=1 peelgain=5006
[  8144.7s 23:51:10] [walk] 40s iters=20000 cur=88 best=88 harv=1914
[  8184.8s 23:51:50] [walk] 80s iters=40000 cur=88 best=88 harv=3723
[  8224.8s 23:52:30] [walk] 120s iters=60000 cur=88 best=88 harv=5460
[  8264.6s 23:53:10] [walk] 160s iters=80000 cur=88 best=88 harv=6976
[  8304.9s 23:53:50] [walk] 200s iters=100000 cur=88 best=88 harv=8430
[  8345.7s 23:54:31] [walk] 241s iters=120000 cur=88 best=88 harv=9772
[  8385.3s 23:55:11] [walk] 281s iters=140000 cur=88 best=88 harv=10972
[  8400.0s 23:55:25] hunt worker done: best=88@7 iters(last chunk)=146865
