[     0.0s 21:35:25] hunt worker start: engine=lns seed=IMPORTED_88.json rng=404 total=8400s lns={'kmax': 4, 'kshake': 16, 'snapback': 12, 'nsamp': (12, 12), 'up_prob': 0.5, 'up_slack': 4, 'harvest_path': '../runs_hunt/w4_88_cone2.pop.jsonl', 'pop_glob': '../runs_hunt/*.pop.jsonl', 'pop_period_s': 120.0, 'op_mix': {'coneinj': 0.5, 'small': 0.3, 'biginj': 0.2}, 'cone_lo': 3, 'cone_hi': 8} walk={'hub_move_p': 0.3, 'close_hamming': 8, 'repair_one': 40, 'repair_hub': 24, 'plateau_slack_p': 0.15, 'harvest_path': '../runs_hunt/w4_88_cone2.pop.jsonl'}
[     0.0s 21:35:25]   NEW BEST 88 gates depth 7 VERIFIED 
[   123.3s 21:37:29] [lns] cross-pollinated 520 masks (pool=4254)
[   242.2s 21:39:28] [lns] cross-pollinated 152 masks (pool=4431)
[   356.2s 21:41:22] [lns] 356s iters=20000 cur=94 best=88 pool=4446 hot=73571 harv=6 peelgain=4240
[   361.4s 21:41:27] [lns] cross-pollinated 60 masks (pool=4506)
[   727.3s 21:47:33] [lns] cross-pollinated 751 masks (pool=4467)
[   961.8s 21:51:27] [lns] cross-pollinated 22 masks (pool=4607)
[   966.4s 21:51:32] [lns] 366s iters=20000 cur=95 best=88 pool=4608 hot=71159 harv=1 peelgain=4044
[  1082.8s 21:53:28] [lns] cross-pollinated 17 masks (pool=4654)
[  1202.0s 21:55:27] [lns] cross-pollinated 11 masks (pool=4679)
[  1335.3s 21:57:41] [lns] cross-pollinated 805 masks (pool=4511)
[  1621.3s 22:02:27] [lns] 419s iters=20000 cur=92 best=88 pool=4576 hot=70512 harv=1 peelgain=4440
[  1938.9s 22:07:44] [lns] cross-pollinated 889 masks (pool=4566)
[  2044.3s 22:09:30] [lns] cross-pollinated 48 masks (pool=4656)
[  2163.4s 22:11:29] [lns] cross-pollinated 2 masks (pool=4696)
[  2277.1s 22:13:23] [lns] 475s iters=20000 cur=92 best=88 pool=4727 hot=72182 harv=25 peelgain=5262
[  2283.1s 22:13:29] [lns] cross-pollinated 9 masks (pool=4742)
[  2402.9s 22:15:28] [lns] cross-pollinated 4 masks (pool=4762)
[  2542.5s 22:17:48] [lns] cross-pollinated 969 masks (pool=4649)
[  2764.2s 22:21:30] [lns] cross-pollinated 1 masks (pool=4730)
[  2860.7s 22:23:06] [lns] 458s iters=20000 cur=93 best=88 pool=4755 hot=72071 harv=6 peelgain=4824
[  2885.0s 22:23:30] [lns] cross-pollinated 15 masks (pool=4776)
[  3004.9s 22:25:30] [lns] cross-pollinated 9 masks (pool=4840)
[  3144.9s 22:27:50] [lns] cross-pollinated 983 masks (pool=4700)
[  3456.8s 22:33:02] [lns] 452s iters=20000 cur=95 best=88 pool=4813 hot=72566 harv=4 peelgain=5529
[  3753.8s 22:37:59] [lns] cross-pollinated 980 masks (pool=4719)
[  3846.9s 22:39:32] [lns] cross-pollinated 1 masks (pool=4734)
[  3966.5s 22:41:32] [lns] cross-pollinated 3 masks (pool=4750)
[  4076.1s 22:43:21] [lns] 471s iters=20000 cur=91 best=88 pool=4768 hot=71970 harv=4 peelgain=6155
[  4085.9s 22:43:31] [lns] cross-pollinated 1 masks (pool=4771)
[  4206.0s 22:45:31] [lns] cross-pollinated 3 masks (pool=4784)
[  4353.3s 22:47:59] [lns] cross-pollinated 984 masks (pool=4684)
[  4446.7s 22:49:32] [lns] cross-pollinated 1 masks (pool=4700)
[  4567.0s 22:51:32] [lns] cross-pollinated 1 masks (pool=4747)
[  4600.1s 22:52:06] [lns] 394s iters=20000 cur=93 best=88 pool=4756 hot=74229 harv=2 peelgain=4879
[  4687.8s 22:53:33] [lns] cross-pollinated 10 masks (pool=4795)
[  4807.3s 22:55:33] [lns] cross-pollinated 5 masks (pool=4838)
[  4958.6s 22:58:04] [lns] cross-pollinated 995 masks (pool=4730)
[  5179.3s 23:01:45] [lns] 372s iters=20000 cur=96 best=88 pool=4827 hot=72835 harv=8 peelgain=4405
[  5566.5s 23:08:12] [lns] cross-pollinated 988 masks (pool=4729)
[  5649.4s 23:09:35] [lns] cross-pollinated 3 masks (pool=4740)
[  5768.7s 23:11:34] [lns] cross-pollinated 2 masks (pool=4755)
[  5919.4s 23:14:05] [lns] 511s iters=20000 cur=91 best=88 pool=4780 hot=73889 harv=3 peelgain=5993
[  6168.7s 23:18:14] [lns] cross-pollinated 1016 masks (pool=4734)
[  6369.7s 23:21:35] [lns] cross-pollinated 9 masks (pool=4773)
[  6471.2s 23:23:17] [lns] 463s iters=20000 cur=91 best=88 pool=4782 hot=71182 harv=6 peelgain=6741
[  6489.7s 23:23:35] [lns] cross-pollinated 13 masks (pool=4798)
[  6609.6s 23:25:35] [lns] cross-pollinated 68 masks (pool=4902)
[  6771.8s 23:28:17] [lns] cross-pollinated 1125 masks (pool=4817)
[  6850.2s 23:29:36] [lns] cross-pollinated 1 masks (pool=4840)
[  7014.4s 23:32:20] [lns] 405s iters=20000 cur=93 best=88 pool=4883 hot=71252 harv=7 peelgain=5549
[  7366.8s 23:38:12] [lns] cross-pollinated 1089 masks (pool=4861)
[  7451.0s 23:39:36] [lns] cross-pollinated 7 masks (pool=4899)
[  7535.7s 23:41:01] [lns] 326s iters=20000 cur=94 best=88 pool=4920 hot=69685 harv=13 peelgain=4540
[  7571.2s 23:41:37] [lns] cross-pollinated 11 masks (pool=4948)
[  7691.3s 23:43:37] [lns] cross-pollinated 2 masks (pool=4981)
[  7969.9s 23:48:15] [lns] cross-pollinated 1128 masks (pool=4876)
[  8115.5s 23:50:41] [lns] 305s iters=20000 cur=94 best=88 pool=4923 hot=73858 harv=2 peelgain=4792
[  8355.1s 23:54:40] [lns] 544s iters=40000 cur=93 best=88 pool=4986 hot=146834 harv=9 peelgain=9308
[  8400.1s 23:55:25] hunt worker done: best=88@7 iters(last chunk)=43608
