[     0.0s 21:35:25] hunt worker start: engine=walk seed=IMPORTED_88.json rng=505 total=8400s lns={'kmax': 4, 'kshake': 12, 'snapback': 12, 'nsamp': (12, 12), 'up_prob': 0.5, 'up_slack': 4, 'harvest_path': '../runs_hunt/w5_88_walk.pop.jsonl', 'pop_glob': '../runs_hunt/*.pop.jsonl', 'pop_period_s': 120.0} walk={'hub_move_p': 0.3, 'close_hamming': 8, 'repair_one': 40, 'repair_hub': 24, 'plateau_slack_p': 0.15, 'harvest_path': '../runs_hunt/w5_88_walk.pop.jsonl'}
[     0.0s 21:35:25]   NEW BEST 88 gates depth 7 VERIFIED 
[    52.5s 21:36:18] [walk] 52s iters=20000 cur=88 best=88 harv=1683
[   114.0s 21:37:19] [walk] 114s iters=40000 cur=88 best=88 harv=3559
[   169.9s 21:38:15] [walk] 170s iters=60000 cur=88 best=88 harv=5034
[   234.9s 21:39:20] [walk] 235s iters=80000 cur=88 best=88 harv=6686
[   306.0s 21:40:31] [walk] 306s iters=100000 cur=88 best=88 harv=8259
[   375.7s 21:41:41] [walk] 376s iters=120000 cur=88 best=88 harv=9525
[   440.4s 21:42:46] [walk] 440s iters=140000 cur=88 best=88 harv=10691
[   511.0s 21:43:56] [walk] 511s iters=160000 cur=88 best=88 harv=11784
[   581.9s 21:45:07] [walk] 582s iters=180000 cur=88 best=88 harv=12732
[   677.7s 21:46:43] [walk] 78s iters=20000 cur=88 best=88 harv=1830
[   744.2s 21:47:50] [walk] 144s iters=40000 cur=88 best=88 harv=3528
[   810.2s 21:48:56] [walk] 210s iters=60000 cur=88 best=88 harv=5127
[   875.2s 21:50:01] [walk] 275s iters=80000 cur=88 best=88 harv=6357
[   947.3s 21:51:13] [walk] 347s iters=100000 cur=88 best=88 harv=7820
[  1026.3s 21:52:32] [walk] 426s iters=120000 cur=88 best=88 harv=9224
[  1111.4s 21:53:57] [walk] 511s iters=140000 cur=88 best=88 harv=10473
[  1184.2s 21:55:10] [walk] 584s iters=160000 cur=88 best=88 harv=11387
[  1276.1s 21:56:42] [walk] 76s iters=20000 cur=88 best=88 harv=1636
[  1358.0s 21:58:03] [walk] 158s iters=40000 cur=88 best=88 harv=3295
[  1432.6s 21:59:18] [walk] 232s iters=60000 cur=88 best=88 harv=5075
[  1507.8s 22:00:33] [walk] 307s iters=80000 cur=88 best=88 harv=6742
[  1588.1s 22:01:54] [walk] 388s iters=100000 cur=88 best=88 harv=8127
[  1671.5s 22:03:17] [walk] 471s iters=120000 cur=88 best=88 harv=9509
[  1761.9s 22:04:47] [walk] 562s iters=140000 cur=88 best=88 harv=10459
[  1877.7s 22:06:43] [walk] 77s iters=20000 cur=88 best=88 harv=1920
[  1960.7s 22:08:06] [walk] 160s iters=40000 cur=88 best=88 harv=3683
[  2043.6s 22:09:29] [walk] 243s iters=60000 cur=88 best=88 harv=5348
[  2113.8s 22:10:39] [walk] 313s iters=80000 cur=88 best=88 harv=6803
[  2198.5s 22:12:04] [walk] 398s iters=100000 cur=88 best=88 harv=8271
[  2277.4s 22:13:23] [walk] 477s iters=120000 cur=88 best=88 harv=9626
[  2354.4s 22:14:40] [walk] 554s iters=140000 cur=88 best=88 harv=10885
[  2475.8s 22:16:41] [walk] 75s iters=20000 cur=88 best=88 harv=2034
[  2560.7s 22:18:06] [walk] 160s iters=40000 cur=88 best=88 harv=3832
[  2632.6s 22:19:18] [walk] 232s iters=60000 cur=88 best=88 harv=5534
[  2708.2s 22:20:34] [walk] 308s iters=80000 cur=88 best=88 harv=7048
[  2785.5s 22:21:51] [walk] 385s iters=100000 cur=88 best=88 harv=8466
[  2856.6s 22:23:02] [walk] 456s iters=120000 cur=88 best=88 harv=9734
[  2923.8s 22:24:09] [walk] 523s iters=140000 cur=88 best=88 harv=11004
[  2987.4s 22:25:13] [walk] 587s iters=160000 cur=88 best=88 harv=12201
[  3059.7s 22:26:25] [walk] 59s iters=20000 cur=88 best=88 harv=1892
[  3125.2s 22:27:31] [walk] 125s iters=40000 cur=88 best=88 harv=3777
[  3186.8s 22:28:32] [walk] 186s iters=60000 cur=88 best=88 harv=5485
[  3245.6s 22:29:31] [walk] 245s iters=80000 cur=88 best=88 harv=7102
[  3303.1s 22:30:29] [walk] 303s iters=100000 cur=88 best=88 harv=8524
[  3370.4s 22:31:36] [walk] 370s iters=120000 cur=88 best=88 harv=9881
[  3427.6s 22:32:33] [walk] 427s iters=140000 cur=88 best=88 harv=11089
[  3490.8s 22:33:36] [walk] 490s iters=160000 cur=88 best=88 harv=12146
[  3559.7s 22:34:45] [walk] 559s iters=180000 cur=88 best=88 harv=13234
[  3664.7s 22:36:30] [walk] 64s iters=20000 cur=88 best=88 harv=1970
[  3726.7s 22:37:32] [walk] 126s iters=40000 cur=88 best=88 harv=3780
[  3797.0s 22:38:42] [walk] 196s iters=60000 cur=88 best=88 harv=5430
[  3864.1s 22:39:50] [walk] 264s iters=80000 cur=88 best=88 harv=7013
[  3937.2s 22:41:03] [walk] 337s iters=100000 cur=88 best=88 harv=8438
[  4002.4s 22:42:08] [walk] 402s iters=120000 cur=88 best=88 harv=9801
[  4065.5s 22:43:11] [walk] 465s iters=140000 cur=88 best=88 harv=11025
[  4127.2s 22:44:13] [walk] 527s iters=160000 cur=88 best=88 harv=12002
[  4190.1s 22:45:15] [walk] 589s iters=180000 cur=88 best=88 harv=13010
[  4264.0s 22:46:29] [walk] 63s iters=20000 cur=88 best=88 harv=1931
[  4329.3s 22:47:35] [walk] 129s iters=40000 cur=88 best=88 harv=3756
[  4386.9s 22:48:32] [walk] 186s iters=60000 cur=88 best=88 harv=5389
[  4449.4s 22:49:35] [walk] 249s iters=80000 cur=88 best=88 harv=6956
[  4506.6s 22:50:32] [walk] 306s iters=100000 cur=88 best=88 harv=8419
[  4564.3s 22:51:30] [walk] 364s iters=120000 cur=88 best=88 harv=9702
[  4627.4s 22:52:33] [walk] 427s iters=140000 cur=88 best=88 harv=10970
[  4697.0s 22:53:42] [walk] 496s iters=160000 cur=88 best=88 harv=12108
[  4757.2s 22:54:43] [walk] 557s iters=180000 cur=88 best=88 harv=13163
[  4866.0s 22:56:31] [walk] 65s iters=20000 cur=88 best=88 harv=1889
[  4937.4s 22:57:43] [walk] 137s iters=40000 cur=88 best=88 harv=3761
[  5001.0s 22:58:46] [walk] 200s iters=60000 cur=88 best=88 harv=5389
[  5062.9s 22:59:48] [walk] 262s iters=80000 cur=88 best=88 harv=6985
[  5125.2s 23:00:51] [walk] 324s iters=100000 cur=88 best=88 harv=8375
[  5193.1s 23:01:59] [walk] 392s iters=120000 cur=88 best=88 harv=9741
[  5250.2s 23:02:56] [walk] 449s iters=140000 cur=88 best=88 harv=10991
[  5307.3s 23:03:53] [walk] 507s iters=160000 cur=88 best=88 harv=12119
[  5376.4s 23:05:02] [walk] 576s iters=180000 cur=88 best=88 harv=13170
[  5482.2s 23:06:48] [walk] 81s iters=20000 cur=88 best=88 harv=2022
[  5552.5s 23:07:58] [walk] 152s iters=40000 cur=88 best=88 harv=3804
[  5625.0s 23:09:10] [walk] 224s iters=60000 cur=88 best=88 harv=5450
[  5698.7s 23:10:24] [walk] 298s iters=80000 cur=88 best=88 harv=7012
[  5763.1s 23:11:29] [walk] 362s iters=100000 cur=88 best=88 harv=8301
[  5833.3s 23:12:39] [walk] 432s iters=120000 cur=88 best=88 harv=9591
[  5899.5s 23:13:45] [walk] 499s iters=140000 cur=88 best=88 harv=10886
[  5961.2s 23:14:47] [walk] 560s iters=160000 cur=88 best=88 harv=11996
[  6062.2s 23:16:28] [walk] 61s iters=20000 cur=88 best=88 harv=1856
[  6121.1s 23:17:27] [walk] 120s iters=40000 cur=88 best=88 harv=3722
[  6186.2s 23:18:32] [walk] 185s iters=60000 cur=88 best=88 harv=5365
[  6251.8s 23:19:37] [walk] 251s iters=80000 cur=88 best=88 harv=6811
[  6306.5s 23:20:32] [walk] 305s iters=100000 cur=88 best=88 harv=8245
[  6361.4s 23:21:27] [walk] 360s iters=120000 cur=88 best=88 harv=9676
[  6417.5s 23:22:23] [walk] 416s iters=140000 cur=88 best=88 harv=10826
[  6472.5s 23:23:18] [walk] 472s iters=160000 cur=88 best=88 harv=12061
[  6526.4s 23:24:12] [walk] 525s iters=180000 cur=88 best=88 harv=13101
[  6582.6s 23:25:08] [walk] 582s iters=200000 cur=88 best=88 harv=14026
[  6658.6s 23:26:24] [walk] 58s iters=20000 cur=88 best=88 harv=1974
[  6713.1s 23:27:19] [walk] 112s iters=40000 cur=88 best=88 harv=3690
[  6772.7s 23:28:18] [walk] 172s iters=60000 cur=88 best=88 harv=5370
[  6831.1s 23:29:17] [walk] 230s iters=80000 cur=88 best=88 harv=6877
[  6890.1s 23:30:15] [walk] 289s iters=100000 cur=88 best=88 harv=8316
[  6942.6s 23:31:08] [walk] 342s iters=120000 cur=88 best=88 harv=9601
[  7005.9s 23:32:11] [walk] 405s iters=140000 cur=88 best=88 harv=10830
[  7057.3s 23:33:03] [walk] 456s iters=160000 cur=88 best=88 harv=12010
[  7115.7s 23:34:01] [walk] 515s iters=180000 cur=88 best=88 harv=13043
[  7169.8s 23:34:55] [walk] 569s iters=200000 cur=88 best=88 harv=14028
[  7246.9s 23:36:12] [walk] 46s iters=20000 cur=88 best=88 harv=1929
[  7293.1s 23:36:58] [walk] 92s iters=40000 cur=88 best=88 harv=3712
[  7336.8s 23:37:42] [walk] 136s iters=60000 cur=88 best=88 harv=5407
[  7384.7s 23:38:30] [walk] 184s iters=80000 cur=88 best=88 harv=7020
[  7434.4s 23:39:20] [walk] 233s iters=100000 cur=88 best=88 harv=8463
[  7488.2s 23:40:14] [walk] 287s iters=120000 cur=88 best=88 harv=9764
[  7545.7s 23:41:11] [walk] 345s iters=140000 cur=88 best=88 harv=10947
[  7602.1s 23:42:08] [walk] 401s iters=160000 cur=88 best=88 harv=12004
[  7656.4s 23:43:02] [walk] 455s iters=180000 cur=88 best=88 harv=13111
[  7713.3s 23:43:59] [walk] 512s iters=200000 cur=88 best=88 harv=14096
[  7769.9s 23:44:55] [walk] 569s iters=220000 cur=88 best=88 harv=14876
[  7847.2s 23:46:13] [walk] 46s iters=20000 cur=88 best=88 harv=1883
[  7891.4s 23:46:57] [walk] 90s iters=40000 cur=88 best=88 harv=3674
[  7935.3s 23:47:41] [walk] 134s iters=60000 cur=88 best=88 harv=5355
[  7979.5s 23:48:25] [walk] 178s iters=80000 cur=88 best=88 harv=6886
[  8021.8s 23:49:07] [walk] 221s iters=100000 cur=88 best=88 harv=8382
[  8062.3s 23:49:48] [walk] 261s iters=120000 cur=88 best=88 harv=9580
[  8100.8s 23:50:26] [walk] 300s iters=140000 cur=88 best=88 harv=10807
[  8140.8s 23:51:06] [walk] 340s iters=160000 cur=88 best=88 harv=11996
[  8180.8s 23:51:46] [walk] 380s iters=180000 cur=88 best=88 harv=13129
[  8221.2s 23:52:27] [walk] 420s iters=200000 cur=88 best=88 harv=13993
[  8259.1s 23:53:04] [walk] 458s iters=220000 cur=88 best=88 harv=14853
[  8299.0s 23:53:44] [walk] 498s iters=240000 cur=88 best=88 harv=15738
[  8339.7s 23:54:25] [walk] 539s iters=260000 cur=88 best=88 harv=16536
[  8380.3s 23:55:06] [walk] 579s iters=280000 cur=88 best=88 harv=17274
[  8400.0s 23:55:25] hunt worker done: best=88@7 iters(last chunk)=289371
