tasks=50 already-decided=32 todo=18 timeout=1800s procs=4 solver=kissat
launch 47988a049a82 k=13 nB=38 nv=14730 nc=341733
launch ce69ac05dd17 k=11 nB=36 nv=13692 nc=319601
launch 084ec34754fa k=14 nB=33 nv=13867 nc=324913
launch 9968fa3fc706 k=16 nB=32 nv=14166 nc=335702
{"id": "47988a049a82", "k": 13, "r": 12, "mode": "cone", "nB": 38, "miss_t": 5, "nv": 14730, "nc": 341733, "t": 329.2, "sb": "pf", "solver": "kissat", "timeout_budget": 1800.0, "status": "unsat"}
launch c98336120b7f k=13 nB=26 nv=11721 nc=273064
{"id": "ce69ac05dd17", "k": 11, "r": 10, "mode": "cone", "nB": 36, "miss_t": 3, "nv": 13692, "nc": 319601, "t": 1199.8, "sb": "pf", "solver": "kissat", "timeout_budget": 1800.0, "status": "unsat"}
launch 72ab39a4b287 k=14 nB=26 nv=12164 nc=286095
{"id": "084ec34754fa", "k": 14, "r": 13, "mode": "cone", "nB": 33, "miss_t": 6, "nv": 13867, "nc": 324913, "t": 1801.3, "sb": "pf", "solver": "kissat", "timeout_budget": 1800.0, "status": "timeout"}
{"id": "9968fa3fc706", "k": 16, "r": 15, "mode": "cone", "nB": 32, "miss_t": 7, "nv": 14166, "nc": 335702, "t": 1800.7, "sb": "pf", "solver": "kissat", "timeout_budget": 1800.0, "status": "timeout"}
launch 11453f4703c1 k=16 nB=24 nv=12214 nc=287119
launch d693c85cafd9 k=15 nB=23 nv=11636 nc=271956
{"id": "c98336120b7f", "k": 13, "r": 12, "mode": "cone", "nB": 26, "miss_t": 6, "nv": 11721, "nc": 273064, "t": 1800.8, "sb": "pf", "solver": "kissat", "timeout_budget": 1800.0, "status": "timeout"}
launch b92e74abd0ef k=16 nB=23 nv=11927 nc=275745
{"id": "72ab39a4b287", "k": 14, "r": 13, "mode": "cone", "nB": 26, "miss_t": 8, "nv": 12164, "nc": 286095, "t": 1801.7, "sb": "pf", "solver": "kissat", "timeout_budget": 1800.0, "status": "timeout"}
launch a3c04844cb5b k=13 nB=21 nv=10478 nc=243952
{"id": "11453f4703c1", "k": 16, "r": 15, "mode": "cone", "nB": 24, "miss_t": 6, "nv": 12214, "nc": 287119, "t": 1800.4, "sb": "pf", "solver": "kissat", "timeout_budget": 1800.0, "status": "timeout"}
launch e805274896bd k=14 nB=21 nv=10807 nc=250223
{"id": "d693c85cafd9", "k": 15, "r": 14, "mode": "cone", "nB": 23, "miss_t": 4, "nv": 11636, "nc": 271956, "t": 1803.3, "sb": "pf", "solver": "kissat", "timeout_budget": 1800.0, "status": "timeout"}
launch df25efad6f9c k=13 nB=20 nv=10211 nc=236660
{"id": "b92e74abd0ef", "k": 16, "r": 15, "mode": "cone", "nB": 23, "miss_t": 8, "nv": 11927, "nc": 275745, "t": 1802.8, "sb": "pf", "solver": "kissat", "timeout_budget": 1800.0, "status": "timeout"}
launch 9708266e99cf k=13 nB=18 nv=9671 nc=218812
{"id": "9708266e99cf", "k": 13, "r": 12, "mode": "cone", "nB": 18, "miss_t": 6, "nv": 9671, "nc": 218812, "t": 492.1, "sb": "pf", "solver": "kissat", "timeout_budget": 1800.0, "status": "unsat"}
launch 248c06c5dc26 k=14 nB=17 nv=9784 nc=226258
{"id": "a3c04844cb5b", "k": 13, "r": 12, "mode": "cone", "nB": 21, "miss_t": 6, "nv": 10478, "nc": 243952, "t": 1801.4, "sb": "pf", "solver": "kissat", "timeout_budget": 1800.0, "status": "timeout"}
launch 9c4f2b2f6afd k=14 nB=17 nv=9709 nc=220541
{"id": "9c4f2b2f6afd", "k": 14, "r": 13, "mode": "cone", "nB": 17, "miss_t": 6, "nv": 9709, "nc": 220541, "t": 436.0, "sb": "pf", "solver": "kissat", "timeout_budget": 1800.0, "status": "unsat"}
launch ef73551d99cf k=13 nB=16 nv=9068 nc=209096
{"id": "e805274896bd", "k": 14, "r": 13, "mode": "cone", "nB": 21, "miss_t": 8, "nv": 10807, "nc": 250223, "t": 1801.6, "sb": "pf", "solver": "kissat", "timeout_budget": 1800.0, "status": "timeout"}
launch ad3e11ed4d92 k=12 nB=15 nv=8487 nc=196976
{"id": "df25efad6f9c", "k": 13, "r": 12, "mode": "cone", "nB": 20, "miss_t": 6, "nv": 10211, "nc": 236660, "t": 1801.4, "sb": "pf", "solver": "kissat", "timeout_budget": 1800.0, "status": "timeout"}
launch 6c47018b03e4 k=16 nB=2 nv=6358 nc=139269
{"id": "248c06c5dc26", "k": 14, "r": 13, "mode": "cone", "nB": 17, "miss_t": 7, "nv": 9784, "nc": 226258, "t": 1801.6, "sb": "pf", "solver": "kissat", "timeout_budget": 1800.0, "status": "timeout"}
{"id": "ad3e11ed4d92", "k": 12, "r": 11, "mode": "cone", "nB": 15, "miss_t": 5, "nv": 8487, "nc": 196976, "t": 1549.3, "sb": "pf", "solver": "kissat", "timeout_budget": 1800.0, "status": "unsat"}
{"id": "ef73551d99cf", "k": 13, "r": 12, "mode": "cone", "nB": 16, "miss_t": 4, "nv": 9068, "nc": 209096, "t": 1801.9, "sb": "pf", "solver": "kissat", "timeout_budget": 1800.0, "status": "timeout"}
{"id": "6c47018b03e4", "k": 16, "r": 15, "mode": "cone", "nB": 2, "miss_t": 8, "nv": 6358, "nc": 139269, "t": 1803.0, "sb": "pf", "solver": "kissat", "timeout_budget": 1800.0, "status": "timeout"}
run complete
