population lines=54889, family3 distinct=53902, non-family3=987
harvest took 0.8s
sanity: 25/25 sampled states realizable with all targets
resume: 0 done, 53902 todo; top anchor-symdiffs [28, 28, 28, 28, 28]
  100 states scanned (4.85 st/s), done=100 / 53902
  200 states scanned (4.67 st/s), done=200 / 53902
  300 states scanned (4.76 st/s), done=300 / 53902
  400 states scanned (4.85 st/s), done=400 / 53902
  500 states scanned (4.88 st/s), done=500 / 53902
  600 states scanned (4.82 st/s), done=600 / 53902
  700 states scanned (4.85 st/s), done=700 / 53902
  800 states scanned (4.87 st/s), done=800 / 53902
  900 states scanned (4.83 st/s), done=900 / 53902
  1000 states scanned (4.85 st/s), done=1000 / 53902
  1100 states scanned (4.86 st/s), done=1100 / 53902
  1200 states scanned (4.83 st/s), done=1200 / 53902
  1300 states scanned (4.85 st/s), done=1300 / 53902
  1400 states scanned (4.86 st/s), done=1400 / 53902
  1500 states scanned (4.84 st/s), done=1500 / 53902
  1600 states scanned (4.85 st/s), done=1600 / 53902
  1700 states scanned (4.86 st/s), done=1700 / 53902
  1800 states scanned (4.84 st/s), done=1800 / 53902
  1900 states scanned (4.85 st/s), done=1900 / 53902
  2000 states scanned (4.86 st/s), done=2000 / 53902
  2100 states scanned (4.84 st/s), done=2100 / 53902
  2200 states scanned (4.85 st/s), done=2200 / 53902
  2300 states scanned (4.86 st/s), done=2300 / 53902
  2400 states scanned (4.86 st/s), done=2400 / 53902
  2500 states scanned (4.85 st/s), done=2500 / 53902
  2600 states scanned (4.85 st/s), done=2600 / 53902
  2700 states scanned (4.86 st/s), done=2700 / 53902
  2800 states scanned (4.84 st/s), done=2800 / 53902
  2900 states scanned (4.85 st/s), done=2900 / 53902
  3000 states scanned (4.85 st/s), done=3000 / 53902
  3100 states scanned (4.84 st/s), done=3100 / 53902
  3200 states scanned (4.85 st/s), done=3200 / 53902
  3300 states scanned (4.85 st/s), done=3300 / 53902
  3400 states scanned (4.84 st/s), done=3400 / 53902
  3500 states scanned (4.84 st/s), done=3500 / 53902
  3600 states scanned (4.85 st/s), done=3600 / 53902
  3700 states scanned (4.85 st/s), done=3700 / 53902
  3800 states scanned (4.84 st/s), done=3800 / 53902
  3900 states scanned (4.85 st/s), done=3900 / 53902
  4000 states scanned (4.85 st/s), done=4000 / 53902
  4100 states scanned (4.84 st/s), done=4100 / 53902
  4200 states scanned (4.85 st/s), done=4200 / 53902
  4300 states scanned (4.85 st/s), done=4300 / 53902
  4400 states scanned (4.84 st/s), done=4400 / 53902
  4500 states scanned (4.85 st/s), done=4500 / 53902
  4600 states scanned (4.85 st/s), done=4600 / 53902
  4700 states scanned (4.85 st/s), done=4700 / 53902
  4800 states scanned (4.85 st/s), done=4800 / 53902
  4900 states scanned (4.85 st/s), done=4900 / 53902
  5000 states scanned (4.85 st/s), done=5000 / 53902
  5100 states scanned (4.85 st/s), done=5100 / 53902
  5200 states scanned (4.85 st/s), done=5200 / 53902
  5300 states scanned (4.85 st/s), done=5300 / 53902
  5400 states scanned (4.85 st/s), done=5400 / 53902
  5500 states scanned (4.86 st/s), done=5500 / 53902
  5600 states scanned (4.86 st/s), done=5600 / 53902
  5700 states scanned (4.85 st/s), done=5700 / 53902
  5800 states scanned (4.85 st/s), done=5800 / 53902
  5900 states scanned (4.86 st/s), done=5900 / 53902
  6000 states scanned (4.85 st/s), done=6000 / 53902
  6100 states scanned (4.85 st/s), done=6100 / 53902
  6200 states scanned (4.86 st/s), done=6200 / 53902
  6300 states scanned (4.85 st/s), done=6300 / 53902
  6400 states scanned (4.85 st/s), done=6400 / 53902
  6500 states scanned (4.85 st/s), done=6500 / 53902
  6600 states scanned (4.85 st/s), done=6600 / 53902
  6700 states scanned (4.85 st/s), done=6700 / 53902
  6800 states scanned (4.86 st/s), done=6800 / 53902
  6900 states scanned (4.85 st/s), done=6900 / 53902
  7000 states scanned (4.85 st/s), done=7000 / 53902
  7100 states scanned (4.85 st/s), done=7100 / 53902
  7200 states scanned (4.85 st/s), done=7200 / 53902
  7300 states scanned (4.85 st/s), done=7300 / 53902
  7400 states scanned (4.85 st/s), done=7400 / 53902
  7500 states scanned (4.85 st/s), done=7500 / 53902
  7600 states scanned (4.85 st/s), done=7600 / 53902
  7700 states scanned (4.85 st/s), done=7700 / 53902
  7800 states scanned (4.85 st/s), done=7800 / 53902
  7900 states scanned (4.85 st/s), done=7900 / 53902
  8000 states scanned (4.85 st/s), done=8000 / 53902
  8100 states scanned (4.85 st/s), done=8100 / 53902
  8200 states scanned (4.85 st/s), done=8200 / 53902
  8300 states scanned (4.85 st/s), done=8300 / 53902
  8400 states scanned (4.85 st/s), done=8400 / 53902
  8500 states scanned (4.84 st/s), done=8500 / 53902
  8600 states scanned (4.85 st/s), done=8600 / 53902
  8700 states scanned (4.85 st/s), done=8700 / 53902
  8800 states scanned (4.85 st/s), done=8800 / 53902
  8900 states scanned (4.85 st/s), done=8900 / 53902
  9000 states scanned (4.85 st/s), done=9000 / 53902
  9100 states scanned (4.85 st/s), done=9100 / 53902
  9200 states scanned (4.84 st/s), done=9200 / 53902
  9300 states scanned (4.84 st/s), done=9300 / 53902
  9400 states scanned (4.85 st/s), done=9400 / 53902
  9500 states scanned (4.84 st/s), done=9500 / 53902
  9600 states scanned (4.84 st/s), done=9600 / 53902
  9700 states scanned (4.84 st/s), done=9700 / 53902
  9800 states scanned (4.85 st/s), done=9800 / 53902
  9900 states scanned (4.84 st/s), done=9900 / 53902
  10000 states scanned (4.84 st/s), done=10000 / 53902
  10100 states scanned (4.84 st/s), done=10100 / 53902
  10200 states scanned (4.84 st/s), done=10200 / 53902
  10300 states scanned (4.84 st/s), done=10300 / 53902
  10400 states scanned (4.84 st/s), done=10400 / 53902
  10500 states scanned (4.84 st/s), done=10500 / 53902
  10600 states scanned (4.84 st/s), done=10600 / 53902
  10700 states scanned (4.84 st/s), done=10700 / 53902
  10800 states scanned (4.84 st/s), done=10800 / 53902
  10900 states scanned (4.84 st/s), done=10900 / 53902
  11000 states scanned (4.84 st/s), done=11000 / 53902
  11100 states scanned (4.84 st/s), done=11100 / 53902
  11200 states scanned (4.84 st/s), done=11200 / 53902
  11300 states scanned (4.84 st/s), done=11300 / 53902
  11400 states scanned (4.84 st/s), done=11400 / 53902
  11500 states scanned (4.84 st/s), done=11500 / 53902
  11600 states scanned (4.84 st/s), done=11600 / 53902
  11700 states scanned (4.84 st/s), done=11700 / 53902
  11800 states scanned (4.84 st/s), done=11800 / 53902
  11900 states scanned (4.84 st/s), done=11900 / 53902
  12000 states scanned (4.84 st/s), done=12000 / 53902
  12100 states scanned (4.84 st/s), done=12100 / 53902
  12200 states scanned (4.84 st/s), done=12200 / 53902
  12300 states scanned (4.84 st/s), done=12300 / 53902
  12400 states scanned (4.84 st/s), done=12400 / 53902
  12500 states scanned (4.84 st/s), done=12500 / 53902
  12600 states scanned (4.84 st/s), done=12600 / 53902
  12700 states scanned (4.84 st/s), done=12700 / 53902
  12800 states scanned (4.83 st/s), done=12800 / 53902
  12900 states scanned (4.84 st/s), done=12900 / 53902
  13000 states scanned (4.84 st/s), done=13000 / 53902
  13100 states scanned (4.83 st/s), done=13100 / 53902
  13200 states scanned (4.83 st/s), done=13200 / 53902
  13300 states scanned (4.84 st/s), done=13300 / 53902
  13400 states scanned (4.83 st/s), done=13400 / 53902
  13500 states scanned (4.83 st/s), done=13500 / 53902
  13600 states scanned (4.84 st/s), done=13600 / 53902
  13700 states scanned (4.84 st/s), done=13700 / 53902
  13800 states scanned (4.83 st/s), done=13800 / 53902
  13900 states scanned (4.83 st/s), done=13900 / 53902
  14000 states scanned (4.83 st/s), done=14000 / 53902
  14100 states scanned (4.83 st/s), done=14100 / 53902
  14200 states scanned (4.83 st/s), done=14200 / 53902
  14300 states scanned (4.83 st/s), done=14300 / 53902
  14400 states scanned (4.83 st/s), done=14400 / 53902
  14500 states scanned (4.83 st/s), done=14500 / 53902
  14600 states scanned (4.83 st/s), done=14600 / 53902
  14700 states scanned (4.83 st/s), done=14700 / 53902
  14800 states scanned (4.83 st/s), done=14800 / 53902
  14900 states scanned (4.83 st/s), done=14900 / 53902
  15000 states scanned (4.83 st/s), done=15000 / 53902
  15100 states scanned (4.83 st/s), done=15100 / 53902
  15200 states scanned (4.83 st/s), done=15200 / 53902
  15300 states scanned (4.83 st/s), done=15300 / 53902
  15400 states scanned (4.83 st/s), done=15400 / 53902
  15500 states scanned (4.83 st/s), done=15500 / 53902
  15600 states scanned (4.83 st/s), done=15600 / 53902
  15700 states scanned (4.83 st/s), done=15700 / 53902
  15800 states scanned (4.83 st/s), done=15800 / 53902
  15900 states scanned (4.83 st/s), done=15900 / 53902
  16000 states scanned (4.83 st/s), done=16000 / 53902
  16100 states scanned (4.83 st/s), done=16100 / 53902
  16200 states scanned (4.83 st/s), done=16200 / 53902
  16300 states scanned (4.83 st/s), done=16300 / 53902
  16400 states scanned (4.83 st/s), done=16400 / 53902
  16500 states scanned (4.83 st/s), done=16500 / 53902
  16600 states scanned (4.83 st/s), done=16600 / 53902
  16700 states scanned (4.83 st/s), done=16700 / 53902
  16800 states scanned (4.83 st/s), done=16800 / 53902
  16900 states scanned (4.83 st/s), done=16900 / 53902
  17000 states scanned (4.83 st/s), done=17000 / 53902
  17100 states scanned (4.83 st/s), done=17100 / 53902
  17200 states scanned (4.83 st/s), done=17200 / 53902
  17300 states scanned (4.83 st/s), done=17300 / 53902
  17400 states scanned (4.83 st/s), done=17400 / 53902
  17500 states scanned (4.83 st/s), done=17500 / 53902
  17600 states scanned (4.83 st/s), done=17600 / 53902
  17700 states scanned (4.82 st/s), done=17700 / 53902
  17800 states scanned (4.82 st/s), done=17800 / 53902
  17900 states scanned (4.83 st/s), done=17900 / 53902
  18000 states scanned (4.83 st/s), done=18000 / 53902
  18100 states scanned (4.82 st/s), done=18100 / 53902
  18200 states scanned (4.82 st/s), done=18200 / 53902
  18300 states scanned (4.83 st/s), done=18300 / 53902
  18400 states scanned (4.82 st/s), done=18400 / 53902
  18500 states scanned (4.82 st/s), done=18500 / 53902
  18600 states scanned (4.82 st/s), done=18600 / 53902
  18700 states scanned (4.82 st/s), done=18700 / 53902
  18800 states scanned (4.82 st/s), done=18800 / 53902
  18900 states scanned (4.82 st/s), done=18900 / 53902
  19000 states scanned (4.82 st/s), done=19000 / 53902
  19100 states scanned (4.82 st/s), done=19100 / 53902
  19200 states scanned (4.82 st/s), done=19200 / 53902
  19300 states scanned (4.82 st/s), done=19300 / 53902
  19400 states scanned (4.82 st/s), done=19400 / 53902
  19500 states scanned (4.82 st/s), done=19500 / 53902
  19600 states scanned (4.82 st/s), done=19600 / 53902
  19700 states scanned (4.82 st/s), done=19700 / 53902
  19800 states scanned (4.82 st/s), done=19800 / 53902
  19900 states scanned (4.82 st/s), done=19900 / 53902
  20000 states scanned (4.82 st/s), done=20000 / 53902
  20100 states scanned (4.82 st/s), done=20100 / 53902
  20200 states scanned (4.82 st/s), done=20200 / 53902
  20300 states scanned (4.82 st/s), done=20300 / 53902
  20400 states scanned (4.82 st/s), done=20400 / 53902
  20500 states scanned (4.82 st/s), done=20500 / 53902
  20600 states scanned (4.82 st/s), done=20600 / 53902
  20700 states scanned (4.82 st/s), done=20700 / 53902
  20800 states scanned (4.82 st/s), done=20800 / 53902
  20900 states scanned (4.82 st/s), done=20900 / 53902
  21000 states scanned (4.82 st/s), done=21000 / 53902
  21100 states scanned (4.82 st/s), done=21100 / 53902
  21200 states scanned (4.82 st/s), done=21200 / 53902
  21300 states scanned (4.82 st/s), done=21300 / 53902
  21400 states scanned (4.82 st/s), done=21400 / 53902
  21500 states scanned (4.82 st/s), done=21500 / 53902
  21600 states scanned (4.82 st/s), done=21600 / 53902
  21700 states scanned (4.82 st/s), done=21700 / 53902
  21800 states scanned (4.82 st/s), done=21800 / 53902
  21900 states scanned (4.82 st/s), done=21900 / 53902
  22000 states scanned (4.82 st/s), done=22000 / 53902
  22100 states scanned (4.82 st/s), done=22100 / 53902
  22200 states scanned (4.82 st/s), done=22200 / 53902
  22300 states scanned (4.82 st/s), done=22300 / 53902
  22400 states scanned (4.82 st/s), done=22400 / 53902
  22500 states scanned (4.82 st/s), done=22500 / 53902
  22600 states scanned (4.82 st/s), done=22600 / 53902
  22700 states scanned (4.82 st/s), done=22700 / 53902
  22800 states scanned (4.82 st/s), done=22800 / 53902
  22900 states scanned (4.82 st/s), done=22900 / 53902
  23000 states scanned (4.82 st/s), done=23000 / 53902
  23100 states scanned (4.81 st/s), done=23100 / 53902
  23200 states scanned (4.81 st/s), done=23200 / 53902
  23300 states scanned (4.82 st/s), done=23300 / 53902
  23400 states scanned (4.81 st/s), done=23400 / 53902
  23500 states scanned (4.81 st/s), done=23500 / 53902
  23600 states scanned (4.82 st/s), done=23600 / 53902
  23700 states scanned (4.81 st/s), done=23700 / 53902
  23800 states scanned (4.81 st/s), done=23800 / 53902
  23900 states scanned (4.81 st/s), done=23900 / 53902
  24000 states scanned (4.81 st/s), done=24000 / 53902
  24100 states scanned (4.81 st/s), done=24100 / 53902
  24200 states scanned (4.81 st/s), done=24200 / 53902
  24300 states scanned (4.81 st/s), done=24300 / 53902
  24400 states scanned (4.81 st/s), done=24400 / 53902
  24500 states scanned (4.81 st/s), done=24500 / 53902
  24600 states scanned (4.81 st/s), done=24600 / 53902
  24700 states scanned (4.81 st/s), done=24700 / 53902
  24800 states scanned (4.81 st/s), done=24800 / 53902
  24900 states scanned (4.81 st/s), done=24900 / 53902
  25000 states scanned (4.81 st/s), done=25000 / 53902
  25100 states scanned (4.81 st/s), done=25100 / 53902
  25200 states scanned (4.81 st/s), done=25200 / 53902
  25300 states scanned (4.81 st/s), done=25300 / 53902
  25400 states scanned (4.81 st/s), done=25400 / 53902
  25500 states scanned (4.81 st/s), done=25500 / 53902
  25600 states scanned (4.81 st/s), done=25600 / 53902
  25700 states scanned (4.81 st/s), done=25700 / 53902
  25800 states scanned (4.81 st/s), done=25800 / 53902
  25900 states scanned (4.81 st/s), done=25900 / 53902
  26000 states scanned (4.81 st/s), done=26000 / 53902
  26100 states scanned (4.81 st/s), done=26100 / 53902
  26200 states scanned (4.81 st/s), done=26200 / 53902
  26300 states scanned (4.81 st/s), done=26300 / 53902
  26400 states scanned (4.81 st/s), done=26400 / 53902
  26500 states scanned (4.81 st/s), done=26500 / 53902
  26600 states scanned (4.82 st/s), done=26600 / 53902
  26700 states scanned (4.82 st/s), done=26700 / 53902
  26800 states scanned (4.82 st/s), done=26800 / 53902
  26900 states scanned (4.82 st/s), done=26900 / 53902
  27000 states scanned (4.82 st/s), done=27000 / 53902
  27100 states scanned (4.82 st/s), done=27100 / 53902
  27200 states scanned (4.82 st/s), done=27200 / 53902
  27300 states scanned (4.82 st/s), done=27300 / 53902
  27400 states scanned (4.82 st/s), done=27400 / 53902
  27500 states scanned (4.82 st/s), done=27500 / 53902
  27600 states scanned (4.82 st/s), done=27600 / 53902
  27700 states scanned (4.83 st/s), done=27700 / 53902
  27800 states scanned (4.82 st/s), done=27800 / 53902
  27900 states scanned (4.83 st/s), done=27900 / 53902
  28000 states scanned (4.83 st/s), done=28000 / 53902
  28100 states scanned (4.83 st/s), done=28100 / 53902
  28200 states scanned (4.83 st/s), done=28200 / 53902
  28300 states scanned (4.83 st/s), done=28300 / 53902
  28400 states scanned (4.83 st/s), done=28400 / 53902
  28500 states scanned (4.83 st/s), done=28500 / 53902
  28600 states scanned (4.83 st/s), done=28600 / 53902
  28700 states scanned (4.83 st/s), done=28700 / 53902
  28800 states scanned (4.83 st/s), done=28800 / 53902
  28900 states scanned (4.83 st/s), done=28900 / 53902
  29000 states scanned (4.83 st/s), done=29000 / 53902
  29100 states scanned (4.84 st/s), done=29100 / 53902
  29200 states scanned (4.84 st/s), done=29200 / 53902
  29300 states scanned (4.84 st/s), done=29300 / 53902
  29400 states scanned (4.84 st/s), done=29400 / 53902
  29500 states scanned (4.84 st/s), done=29500 / 53902
  29600 states scanned (4.84 st/s), done=29600 / 53902
  29700 states scanned (4.84 st/s), done=29700 / 53902
  29800 states scanned (4.84 st/s), done=29800 / 53902
  29900 states scanned (4.84 st/s), done=29900 / 53902
  30000 states scanned (4.85 st/s), done=30000 / 53902
  30100 states scanned (4.85 st/s), done=30100 / 53902
  30200 states scanned (4.85 st/s), done=30200 / 53902
  30300 states scanned (4.85 st/s), done=30300 / 53902
  30400 states scanned (4.85 st/s), done=30400 / 53902
  30500 states scanned (4.86 st/s), done=30500 / 53902
  30600 states scanned (4.86 st/s), done=30600 / 53902
  30700 states scanned (4.86 st/s), done=30700 / 53902
  30800 states scanned (4.86 st/s), done=30800 / 53902
  30900 states scanned (4.87 st/s), done=30900 / 53902
  31000 states scanned (4.87 st/s), done=31000 / 53902
  31100 states scanned (4.87 st/s), done=31100 / 53902
  31200 states scanned (4.87 st/s), done=31200 / 53902
  31300 states scanned (4.88 st/s), done=31300 / 53902
  31400 states scanned (4.87 st/s), done=31400 / 53902
  31500 states scanned (4.88 st/s), done=31500 / 53902
  31600 states scanned (4.88 st/s), done=31600 / 53902
  31700 states scanned (4.87 st/s), done=31700 / 53902
  31800 states scanned (4.87 st/s), done=31800 / 53902
  31900 states scanned (4.87 st/s), done=31900 / 53902
  32000 states scanned (4.87 st/s), done=32000 / 53902
  32100 states scanned (4.87 st/s), done=32100 / 53902
  32200 states scanned (4.87 st/s), done=32200 / 53902
  32300 states scanned (4.87 st/s), done=32300 / 53902
  32400 states scanned (4.87 st/s), done=32400 / 53902
  32500 states scanned (4.87 st/s), done=32500 / 53902
  32600 states scanned (4.87 st/s), done=32600 / 53902
  32700 states scanned (4.87 st/s), done=32700 / 53902
  32800 states scanned (4.87 st/s), done=32800 / 53902
  32900 states scanned (4.87 st/s), done=32900 / 53902
  33000 states scanned (4.87 st/s), done=33000 / 53902
  33100 states scanned (4.87 st/s), done=33100 / 53902
  33200 states scanned (4.87 st/s), done=33200 / 53902
  33300 states scanned (4.87 st/s), done=33300 / 53902
  33400 states scanned (4.87 st/s), done=33400 / 53902
  33500 states scanned (4.87 st/s), done=33500 / 53902
  33600 states scanned (4.87 st/s), done=33600 / 53902
  33700 states scanned (4.87 st/s), done=33700 / 53902
  33800 states scanned (4.87 st/s), done=33800 / 53902
  33900 states scanned (4.87 st/s), done=33900 / 53902
  34000 states scanned (4.87 st/s), done=34000 / 53902
  34100 states scanned (4.87 st/s), done=34100 / 53902
  34200 states scanned (4.87 st/s), done=34200 / 53902
  34300 states scanned (4.87 st/s), done=34300 / 53902
  34400 states scanned (4.87 st/s), done=34400 / 53902
  34500 states scanned (4.87 st/s), done=34500 / 53902
  34600 states scanned (4.87 st/s), done=34600 / 53902
  34700 states scanned (4.87 st/s), done=34700 / 53902
  34800 states scanned (4.87 st/s), done=34800 / 53902
  34900 states scanned (4.87 st/s), done=34900 / 53902
  35000 states scanned (4.87 st/s), done=35000 / 53902
  35100 states scanned (4.87 st/s), done=35100 / 53902
  35200 states scanned (4.87 st/s), done=35200 / 53902
  35300 states scanned (4.87 st/s), done=35300 / 53902
  35400 states scanned (4.87 st/s), done=35400 / 53902
  35500 states scanned (4.87 st/s), done=35500 / 53902
  35600 states scanned (4.87 st/s), done=35600 / 53902
  35700 states scanned (4.87 st/s), done=35700 / 53902
  35800 states scanned (4.87 st/s), done=35800 / 53902
  35900 states scanned (4.87 st/s), done=35900 / 53902
  36000 states scanned (4.87 st/s), done=36000 / 53902
  36100 states scanned (4.87 st/s), done=36100 / 53902
  36200 states scanned (4.87 st/s), done=36200 / 53902
  36300 states scanned (4.87 st/s), done=36300 / 53902
  36400 states scanned (4.87 st/s), done=36400 / 53902
  36500 states scanned (4.87 st/s), done=36500 / 53902
  36600 states scanned (4.88 st/s), done=36600 / 53902
  36700 states scanned (4.88 st/s), done=36700 / 53902
  36800 states scanned (4.88 st/s), done=36800 / 53902
  36900 states scanned (4.88 st/s), done=36900 / 53902
  37000 states scanned (4.88 st/s), done=37000 / 53902
  37100 states scanned (4.88 st/s), done=37100 / 53902
  37200 states scanned (4.88 st/s), done=37200 / 53902
  37300 states scanned (4.88 st/s), done=37300 / 53902
  37400 states scanned (4.88 st/s), done=37400 / 53902
  37500 states scanned (4.88 st/s), done=37500 / 53902
  37600 states scanned (4.88 st/s), done=37600 / 53902
  37700 states scanned (4.88 st/s), done=37700 / 53902
  37800 states scanned (4.88 st/s), done=37800 / 53902
  37900 states scanned (4.88 st/s), done=37900 / 53902
  38000 states scanned (4.88 st/s), done=38000 / 53902
  38100 states scanned (4.88 st/s), done=38100 / 53902
  38200 states scanned (4.88 st/s), done=38200 / 53902
  38300 states scanned (4.88 st/s), done=38300 / 53902
  38400 states scanned (4.88 st/s), done=38400 / 53902
  38500 states scanned (4.88 st/s), done=38500 / 53902
  38600 states scanned (4.88 st/s), done=38600 / 53902
  38700 states scanned (4.88 st/s), done=38700 / 53902
  38800 states scanned (4.88 st/s), done=38800 / 53902
  38900 states scanned (4.88 st/s), done=38900 / 53902
  39000 states scanned (4.88 st/s), done=39000 / 53902
  39100 states scanned (4.88 st/s), done=39100 / 53902
  39200 states scanned (4.88 st/s), done=39200 / 53902
  39300 states scanned (4.88 st/s), done=39300 / 53902
  39400 states scanned (4.87 st/s), done=39400 / 53902
  39500 states scanned (4.87 st/s), done=39500 / 53902
  39600 states scanned (4.87 st/s), done=39600 / 53902
  39700 states scanned (4.87 st/s), done=39700 / 53902
  39800 states scanned (4.87 st/s), done=39800 / 53902
  39900 states scanned (4.87 st/s), done=39900 / 53902
  40000 states scanned (4.87 st/s), done=40000 / 53902
  40100 states scanned (4.87 st/s), done=40100 / 53902
  40200 states scanned (4.87 st/s), done=40200 / 53902
  40300 states scanned (4.87 st/s), done=40300 / 53902
  40400 states scanned (4.87 st/s), done=40400 / 53902
  40500 states scanned (4.87 st/s), done=40500 / 53902
  40600 states scanned (4.87 st/s), done=40600 / 53902
  40700 states scanned (4.87 st/s), done=40700 / 53902
  40800 states scanned (4.87 st/s), done=40800 / 53902
  40900 states scanned (4.87 st/s), done=40900 / 53902
  41000 states scanned (4.87 st/s), done=41000 / 53902
  41100 states scanned (4.87 st/s), done=41100 / 53902
  41200 states scanned (4.87 st/s), done=41200 / 53902
  41300 states scanned (4.87 st/s), done=41300 / 53902
  41400 states scanned (4.87 st/s), done=41400 / 53902
  41500 states scanned (4.87 st/s), done=41500 / 53902
  41600 states scanned (4.87 st/s), done=41600 / 53902
  41700 states scanned (4.87 st/s), done=41700 / 53902
  41800 states scanned (4.87 st/s), done=41800 / 53902
  41900 states scanned (4.87 st/s), done=41900 / 53902
  42000 states scanned (4.87 st/s), done=42000 / 53902
  42100 states scanned (4.87 st/s), done=42100 / 53902
  42200 states scanned (4.87 st/s), done=42200 / 53902
  42300 states scanned (4.87 st/s), done=42300 / 53902
  42400 states scanned (4.87 st/s), done=42400 / 53902
  42500 states scanned (4.87 st/s), done=42500 / 53902
  42600 states scanned (4.87 st/s), done=42600 / 53902
  42700 states scanned (4.87 st/s), done=42700 / 53902
  42800 states scanned (4.87 st/s), done=42800 / 53902
  42900 states scanned (4.87 st/s), done=42900 / 53902
  43000 states scanned (4.87 st/s), done=43000 / 53902
  43100 states scanned (4.87 st/s), done=43100 / 53902
  43200 states scanned (4.87 st/s), done=43200 / 53902
  43300 states scanned (4.87 st/s), done=43300 / 53902
  43400 states scanned (4.87 st/s), done=43400 / 53902
  43500 states scanned (4.87 st/s), done=43500 / 53902
  43600 states scanned (4.87 st/s), done=43600 / 53902
  43700 states scanned (4.87 st/s), done=43700 / 53902
  43800 states scanned (4.86 st/s), done=43800 / 53902
  43900 states scanned (4.86 st/s), done=43900 / 53902
  44000 states scanned (4.86 st/s), done=44000 / 53902
  44100 states scanned (4.86 st/s), done=44100 / 53902
  44200 states scanned (4.86 st/s), done=44200 / 53902
  44300 states scanned (4.86 st/s), done=44300 / 53902
  44400 states scanned (4.86 st/s), done=44400 / 53902
  44500 states scanned (4.86 st/s), done=44500 / 53902
  44600 states scanned (4.86 st/s), done=44600 / 53902
  44700 states scanned (4.86 st/s), done=44700 / 53902
  44800 states scanned (4.86 st/s), done=44800 / 53902
  44900 states scanned (4.86 st/s), done=44900 / 53902
  45000 states scanned (4.86 st/s), done=45000 / 53902
  45100 states scanned (4.86 st/s), done=45100 / 53902
  45200 states scanned (4.86 st/s), done=45200 / 53902
  45300 states scanned (4.86 st/s), done=45300 / 53902
  45400 states scanned (4.86 st/s), done=45400 / 53902
  45500 states scanned (4.86 st/s), done=45500 / 53902
  45600 states scanned (4.86 st/s), done=45600 / 53902
  45700 states scanned (4.86 st/s), done=45700 / 53902
  45800 states scanned (4.86 st/s), done=45800 / 53902
  45900 states scanned (4.86 st/s), done=45900 / 53902
  46000 states scanned (4.86 st/s), done=46000 / 53902
  46100 states scanned (4.86 st/s), done=46100 / 53902
  46200 states scanned (4.86 st/s), done=46200 / 53902
  46300 states scanned (4.86 st/s), done=46300 / 53902
  46400 states scanned (4.86 st/s), done=46400 / 53902
  46500 states scanned (4.87 st/s), done=46500 / 53902
  46600 states scanned (4.87 st/s), done=46600 / 53902
  46700 states scanned (4.87 st/s), done=46700 / 53902
  46800 states scanned (4.87 st/s), done=46800 / 53902
  46900 states scanned (4.87 st/s), done=46900 / 53902
  47000 states scanned (4.87 st/s), done=47000 / 53902
  47100 states scanned (4.87 st/s), done=47100 / 53902
  47200 states scanned (4.87 st/s), done=47200 / 53902
  47300 states scanned (4.88 st/s), done=47300 / 53902
  47400 states scanned (4.88 st/s), done=47400 / 53902
  47500 states scanned (4.88 st/s), done=47500 / 53902
  47600 states scanned (4.88 st/s), done=47600 / 53902
  47700 states scanned (4.88 st/s), done=47700 / 53902
  47800 states scanned (4.88 st/s), done=47800 / 53902
  47900 states scanned (4.88 st/s), done=47900 / 53902
  48000 states scanned (4.88 st/s), done=48000 / 53902
  48100 states scanned (4.88 st/s), done=48100 / 53902
  48200 states scanned (4.89 st/s), done=48200 / 53902
  48300 states scanned (4.89 st/s), done=48300 / 53902
  48400 states scanned (4.89 st/s), done=48400 / 53902
  48500 states scanned (4.89 st/s), done=48500 / 53902
  48600 states scanned (4.89 st/s), done=48600 / 53902
  48700 states scanned (4.89 st/s), done=48700 / 53902
  48800 states scanned (4.89 st/s), done=48800 / 53902
  48900 states scanned (4.89 st/s), done=48900 / 53902
  49000 states scanned (4.89 st/s), done=49000 / 53902
  49100 states scanned (4.89 st/s), done=49100 / 53902
  49200 states scanned (4.90 st/s), done=49200 / 53902
  49300 states scanned (4.90 st/s), done=49300 / 53902
  49400 states scanned (4.90 st/s), done=49400 / 53902
  49500 states scanned (4.90 st/s), done=49500 / 53902
  49600 states scanned (4.90 st/s), done=49600 / 53902
  49700 states scanned (4.90 st/s), done=49700 / 53902
  49800 states scanned (4.90 st/s), done=49800 / 53902
  49900 states scanned (4.91 st/s), done=49900 / 53902
  50000 states scanned (4.91 st/s), done=50000 / 53902
  50100 states scanned (4.91 st/s), done=50100 / 53902
  50200 states scanned (4.91 st/s), done=50200 / 53902
  50300 states scanned (4.91 st/s), done=50300 / 53902
  50400 states scanned (4.91 st/s), done=50400 / 53902
  50500 states scanned (4.91 st/s), done=50500 / 53902
  50600 states scanned (4.92 st/s), done=50600 / 53902
  50700 states scanned (4.92 st/s), done=50700 / 53902
  50800 states scanned (4.92 st/s), done=50800 / 53902
  50900 states scanned (4.92 st/s), done=50900 / 53902
  51000 states scanned (4.92 st/s), done=51000 / 53902
  51100 states scanned (4.92 st/s), done=51100 / 53902
  51200 states scanned (4.93 st/s), done=51200 / 53902
  51300 states scanned (4.93 st/s), done=51300 / 53902
  51400 states scanned (4.93 st/s), done=51400 / 53902
  51500 states scanned (4.93 st/s), done=51500 / 53902
  51600 states scanned (4.93 st/s), done=51600 / 53902
  51700 states scanned (4.94 st/s), done=51700 / 53902
  51800 states scanned (4.94 st/s), done=51800 / 53902
  51900 states scanned (4.94 st/s), done=51900 / 53902
  52000 states scanned (4.94 st/s), done=52000 / 53902
  52100 states scanned (4.94 st/s), done=52100 / 53902
  52200 states scanned (4.94 st/s), done=52200 / 53902
  52300 states scanned (4.95 st/s), done=52300 / 53902
  52400 states scanned (4.95 st/s), done=52400 / 53902
  52500 states scanned (4.95 st/s), done=52500 / 53902
  52600 states scanned (4.95 st/s), done=52600 / 53902
  52700 states scanned (4.95 st/s), done=52700 / 53902
  52800 states scanned (4.95 st/s), done=52800 / 53902
  52900 states scanned (4.95 st/s), done=52900 / 53902
  53000 states scanned (4.96 st/s), done=53000 / 53902
  53100 states scanned (4.96 st/s), done=53100 / 53902
  53200 states scanned (4.96 st/s), done=53200 / 53902
  53300 states scanned (4.96 st/s), done=53300 / 53902
  53400 states scanned (4.96 st/s), done=53400 / 53902
  53500 states scanned (4.97 st/s), done=53500 / 53902
  53600 states scanned (4.97 st/s), done=53600 / 53902
  53700 states scanned (4.97 st/s), done=53700 / 53902
  53800 states scanned (4.97 st/s), done=53800 / 53902
  53900 states scanned (4.97 st/s), done=53900 / 53902
{"session_states": 53902, "elapsed": 10841.05093073845, "rate": 4.972027188746641}
