resume: 0 windows already decided {'win': 0, 'free': 0, 'irreducible': 0, 'nosol': 0}
  100 this session (14.18 win/s), covered 100/367290 (0.03%), stats={'win': 0, 'free': 0, 'irreducible': 100, 'nosol': 0}
  200 this session (15.94 win/s), covered 200/367290 (0.05%), stats={'win': 0, 'free': 0, 'irreducible': 200, 'nosol': 0}
  300 this session (13.77 win/s), covered 300/367290 (0.08%), stats={'win': 0, 'free': 0, 'irreducible': 300, 'nosol': 0}
  400 this session (11.59 win/s), covered 400/367290 (0.11%), stats={'win': 0, 'free': 0, 'irreducible': 400, 'nosol': 0}
  500 this session (12.17 win/s), covered 500/367290 (0.14%), stats={'win': 0, 'free': 0, 'irreducible': 500, 'nosol': 0}
  600 this session (11.67 win/s), covered 600/367290 (0.16%), stats={'win': 0, 'free': 0, 'irreducible': 600, 'nosol': 0}
  700 this session (11.41 win/s), covered 700/367290 (0.19%), stats={'win': 0, 'free': 0, 'irreducible': 700, 'nosol': 0}
  800 this session (11.29 win/s), covered 800/367290 (0.22%), stats={'win': 0, 'free': 0, 'irreducible': 800, 'nosol': 0}
  900 this session (10.70 win/s), covered 900/367290 (0.25%), stats={'win': 0, 'free': 0, 'irreducible': 900, 'nosol': 0}
  1000 this session (10.47 win/s), covered 1000/367290 (0.27%), stats={'win': 0, 'free': 0, 'irreducible': 1000, 'nosol': 0}
  1100 this session (10.74 win/s), covered 1100/367290 (0.30%), stats={'win': 0, 'free': 0, 'irreducible': 1100, 'nosol': 0}
  1200 this session (10.91 win/s), covered 1200/367290 (0.33%), stats={'win': 0, 'free': 0, 'irreducible': 1200, 'nosol': 0}
  1300 this session (10.86 win/s), covered 1300/367290 (0.35%), stats={'win': 0, 'free': 0, 'irreducible': 1300, 'nosol': 0}
  1400 this session (10.80 win/s), covered 1400/367290 (0.38%), stats={'win': 0, 'free': 0, 'irreducible': 1400, 'nosol': 0}
  1500 this session (11.00 win/s), covered 1500/367290 (0.41%), stats={'win': 0, 'free': 0, 'irreducible': 1500, 'nosol': 0}
  1600 this session (10.93 win/s), covered 1600/367290 (0.44%), stats={'win': 0, 'free': 0, 'irreducible': 1600, 'nosol': 0}
  1700 this session (10.89 win/s), covered 1700/367290 (0.46%), stats={'win': 0, 'free': 0, 'irreducible': 1700, 'nosol': 0}
  1800 this session (10.94 win/s), covered 1800/367290 (0.49%), stats={'win': 0, 'free': 0, 'irreducible': 1800, 'nosol': 0}
  1900 this session (10.75 win/s), covered 1900/367290 (0.52%), stats={'win': 0, 'free': 0, 'irreducible': 1900, 'nosol': 0}
  2000 this session (10.69 win/s), covered 2000/367290 (0.54%), stats={'win': 0, 'free': 0, 'irreducible': 2000, 'nosol': 0}
  2100 this session (10.74 win/s), covered 2100/367290 (0.57%), stats={'win': 0, 'free': 0, 'irreducible': 2100, 'nosol': 0}
  2200 this session (10.68 win/s), covered 2200/367290 (0.60%), stats={'win': 0, 'free': 0, 'irreducible': 2200, 'nosol': 0}
  2300 this session (10.64 win/s), covered 2300/367290 (0.63%), stats={'win': 0, 'free': 0, 'irreducible': 2300, 'nosol': 0}
  2400 this session (10.67 win/s), covered 2400/367290 (0.65%), stats={'win': 0, 'free': 0, 'irreducible': 2400, 'nosol': 0}
  2500 this session (10.58 win/s), covered 2500/367290 (0.68%), stats={'win': 0, 'free': 0, 'irreducible': 2500, 'nosol': 0}
  2600 this session (10.47 win/s), covered 2600/367290 (0.71%), stats={'win': 0, 'free': 0, 'irreducible': 2600, 'nosol': 0}
  2700 this session (10.38 win/s), covered 2700/367290 (0.74%), stats={'win': 0, 'free': 0, 'irreducible': 2700, 'nosol': 0}
  2800 this session (10.28 win/s), covered 2800/367290 (0.76%), stats={'win': 0, 'free': 0, 'irreducible': 2800, 'nosol': 0}
  2900 this session (10.33 win/s), covered 2900/367290 (0.79%), stats={'win': 0, 'free': 0, 'irreducible': 2900, 'nosol': 0}
  3000 this session (10.31 win/s), covered 3000/367290 (0.82%), stats={'win': 0, 'free': 0, 'irreducible': 3000, 'nosol': 0}
  3100 this session (10.27 win/s), covered 3100/367290 (0.84%), stats={'win': 0, 'free': 0, 'irreducible': 3100, 'nosol': 0}
  3200 this session (10.34 win/s), covered 3200/367290 (0.87%), stats={'win': 0, 'free': 0, 'irreducible': 3200, 'nosol': 0}
  3300 this session (10.32 win/s), covered 3300/367290 (0.90%), stats={'win': 0, 'free': 0, 'irreducible': 3300, 'nosol': 0}
  3400 this session (10.26 win/s), covered 3400/367290 (0.93%), stats={'win': 0, 'free': 0, 'irreducible': 3400, 'nosol': 0}
  3500 this session (10.32 win/s), covered 3500/367290 (0.95%), stats={'win': 0, 'free': 0, 'irreducible': 3500, 'nosol': 0}
  3600 this session (10.23 win/s), covered 3600/367290 (0.98%), stats={'win': 0, 'free': 0, 'irreducible': 3600, 'nosol': 0}
  3700 this session (10.14 win/s), covered 3700/367290 (1.01%), stats={'win': 0, 'free': 0, 'irreducible': 3700, 'nosol': 0}
  3800 this session (10.09 win/s), covered 3800/367290 (1.03%), stats={'win': 0, 'free': 0, 'irreducible': 3800, 'nosol': 0}
  3900 this session (10.01 win/s), covered 3900/367290 (1.06%), stats={'win': 0, 'free': 0, 'irreducible': 3900, 'nosol': 0}
  4000 this session (10.01 win/s), covered 4000/367290 (1.09%), stats={'win': 0, 'free': 0, 'irreducible': 4000, 'nosol': 0}
  4100 this session (9.95 win/s), covered 4100/367290 (1.12%), stats={'win': 0, 'free': 0, 'irreducible': 4100, 'nosol': 0}
  4200 this session (9.93 win/s), covered 4200/367290 (1.14%), stats={'win': 0, 'free': 0, 'irreducible': 4200, 'nosol': 0}
  4300 this session (9.97 win/s), covered 4300/367290 (1.17%), stats={'win': 0, 'free': 0, 'irreducible': 4300, 'nosol': 0}
  4400 this session (9.99 win/s), covered 4400/367290 (1.20%), stats={'win': 0, 'free': 0, 'irreducible': 4400, 'nosol': 0}
  4500 this session (10.03 win/s), covered 4500/367290 (1.23%), stats={'win': 0, 'free': 0, 'irreducible': 4500, 'nosol': 0}
  4600 this session (10.03 win/s), covered 4600/367290 (1.25%), stats={'win': 0, 'free': 0, 'irreducible': 4600, 'nosol': 0}
  4700 this session (10.00 win/s), covered 4700/367290 (1.28%), stats={'win': 0, 'free': 0, 'irreducible': 4700, 'nosol': 0}
  4800 this session (9.98 win/s), covered 4800/367290 (1.31%), stats={'win': 0, 'free': 0, 'irreducible': 4800, 'nosol': 0}
  4900 this session (10.01 win/s), covered 4900/367290 (1.33%), stats={'win': 0, 'free': 0, 'irreducible': 4900, 'nosol': 0}
  5000 this session (9.92 win/s), covered 5000/367290 (1.36%), stats={'win': 0, 'free': 0, 'irreducible': 5000, 'nosol': 0}
  5100 this session (9.87 win/s), covered 5100/367290 (1.39%), stats={'win': 0, 'free': 0, 'irreducible': 5100, 'nosol': 0}
  5200 this session (9.86 win/s), covered 5200/367290 (1.42%), stats={'win': 0, 'free': 0, 'irreducible': 5200, 'nosol': 0}
  5300 this session (9.80 win/s), covered 5300/367290 (1.44%), stats={'win': 0, 'free': 0, 'irreducible': 5300, 'nosol': 0}
  5400 this session (9.78 win/s), covered 5400/367290 (1.47%), stats={'win': 0, 'free': 0, 'irreducible': 5400, 'nosol': 0}
  5500 this session (9.73 win/s), covered 5500/367290 (1.50%), stats={'win': 0, 'free': 0, 'irreducible': 5500, 'nosol': 0}
  5600 this session (9.71 win/s), covered 5600/367290 (1.52%), stats={'win': 0, 'free': 0, 'irreducible': 5600, 'nosol': 0}
  5700 this session (9.66 win/s), covered 5700/367290 (1.55%), stats={'win': 0, 'free': 0, 'irreducible': 5700, 'nosol': 0}
  5800 this session (9.62 win/s), covered 5800/367290 (1.58%), stats={'win': 0, 'free': 0, 'irreducible': 5800, 'nosol': 0}
  5900 this session (9.63 win/s), covered 5900/367290 (1.61%), stats={'win': 0, 'free': 0, 'irreducible': 5900, 'nosol': 0}
  6000 this session (9.59 win/s), covered 6000/367290 (1.63%), stats={'win': 0, 'free': 0, 'irreducible': 6000, 'nosol': 0}
  6100 this session (9.59 win/s), covered 6100/367290 (1.66%), stats={'win': 0, 'free': 0, 'irreducible': 6100, 'nosol': 0}
  6200 this session (9.56 win/s), covered 6200/367290 (1.69%), stats={'win': 0, 'free': 0, 'irreducible': 6200, 'nosol': 0}
  6300 this session (9.52 win/s), covered 6300/367290 (1.72%), stats={'win': 0, 'free': 0, 'irreducible': 6300, 'nosol': 0}
  6400 this session (9.52 win/s), covered 6400/367290 (1.74%), stats={'win': 0, 'free': 0, 'irreducible': 6400, 'nosol': 0}
  6500 this session (9.48 win/s), covered 6500/367290 (1.77%), stats={'win': 0, 'free': 0, 'irreducible': 6500, 'nosol': 0}
  6600 this session (9.47 win/s), covered 6600/367290 (1.80%), stats={'win': 0, 'free': 0, 'irreducible': 6600, 'nosol': 0}
  6700 this session (9.44 win/s), covered 6700/367290 (1.82%), stats={'win': 0, 'free': 0, 'irreducible': 6700, 'nosol': 0}
  6800 this session (9.40 win/s), covered 6800/367290 (1.85%), stats={'win': 0, 'free': 0, 'irreducible': 6800, 'nosol': 0}
  6900 this session (9.39 win/s), covered 6900/367290 (1.88%), stats={'win': 0, 'free': 0, 'irreducible': 6900, 'nosol': 0}
  7000 this session (9.37 win/s), covered 7000/367290 (1.91%), stats={'win': 0, 'free': 0, 'irreducible': 7000, 'nosol': 0}
  7100 this session (9.37 win/s), covered 7100/367290 (1.93%), stats={'win': 0, 'free': 0, 'irreducible': 7100, 'nosol': 0}
  7200 this session (9.34 win/s), covered 7200/367290 (1.96%), stats={'win': 0, 'free': 0, 'irreducible': 7200, 'nosol': 0}
  7300 this session (9.31 win/s), covered 7300/367290 (1.99%), stats={'win': 0, 'free': 0, 'irreducible': 7300, 'nosol': 0}
  7400 this session (9.32 win/s), covered 7400/367290 (2.01%), stats={'win': 0, 'free': 0, 'irreducible': 7400, 'nosol': 0}
  7500 this session (9.29 win/s), covered 7500/367290 (2.04%), stats={'win': 0, 'free': 0, 'irreducible': 7500, 'nosol': 0}
  7600 this session (9.29 win/s), covered 7600/367290 (2.07%), stats={'win': 0, 'free': 0, 'irreducible': 7600, 'nosol': 0}
  7700 this session (9.26 win/s), covered 7700/367290 (2.10%), stats={'win': 0, 'free': 0, 'irreducible': 7700, 'nosol': 0}
  7800 this session (9.24 win/s), covered 7800/367290 (2.12%), stats={'win': 0, 'free': 0, 'irreducible': 7800, 'nosol': 0}
  7900 this session (9.25 win/s), covered 7900/367290 (2.15%), stats={'win': 0, 'free': 0, 'irreducible': 7900, 'nosol': 0}
  8000 this session (9.22 win/s), covered 8000/367290 (2.18%), stats={'win': 0, 'free': 0, 'irreducible': 8000, 'nosol': 0}
  8100 this session (9.22 win/s), covered 8100/367290 (2.21%), stats={'win': 0, 'free': 0, 'irreducible': 8100, 'nosol': 0}
  8200 this session (9.20 win/s), covered 8200/367290 (2.23%), stats={'win': 0, 'free': 0, 'irreducible': 8200, 'nosol': 0}
  8300 this session (9.20 win/s), covered 8300/367290 (2.26%), stats={'win': 0, 'free': 0, 'irreducible': 8300, 'nosol': 0}
  8400 this session (9.18 win/s), covered 8400/367290 (2.29%), stats={'win': 0, 'free': 0, 'irreducible': 8400, 'nosol': 0}
  8500 this session (9.17 win/s), covered 8500/367290 (2.31%), stats={'win': 0, 'free': 0, 'irreducible': 8500, 'nosol': 0}
  8600 this session (9.17 win/s), covered 8600/367290 (2.34%), stats={'win': 0, 'free': 0, 'irreducible': 8600, 'nosol': 0}
  8700 this session (9.15 win/s), covered 8700/367290 (2.37%), stats={'win': 0, 'free': 0, 'irreducible': 8700, 'nosol': 0}
  8800 this session (9.13 win/s), covered 8800/367290 (2.40%), stats={'win': 0, 'free': 0, 'irreducible': 8800, 'nosol': 0}
  8900 this session (9.14 win/s), covered 8900/367290 (2.42%), stats={'win': 0, 'free': 0, 'irreducible': 8900, 'nosol': 0}
  9000 this session (9.12 win/s), covered 9000/367290 (2.45%), stats={'win': 0, 'free': 0, 'irreducible': 9000, 'nosol': 0}
  9100 this session (9.13 win/s), covered 9100/367290 (2.48%), stats={'win': 0, 'free': 0, 'irreducible': 9100, 'nosol': 0}
  9200 this session (9.11 win/s), covered 9200/367290 (2.50%), stats={'win': 0, 'free': 0, 'irreducible': 9200, 'nosol': 0}
  9300 this session (9.10 win/s), covered 9300/367290 (2.53%), stats={'win': 0, 'free': 0, 'irreducible': 9300, 'nosol': 0}
  9400 this session (9.07 win/s), covered 9400/367290 (2.56%), stats={'win': 0, 'free': 0, 'irreducible': 9400, 'nosol': 0}
  9500 this session (9.06 win/s), covered 9500/367290 (2.59%), stats={'win': 0, 'free': 0, 'irreducible': 9500, 'nosol': 0}
  9600 this session (9.07 win/s), covered 9600/367290 (2.61%), stats={'win': 0, 'free': 0, 'irreducible': 9600, 'nosol': 0}
  9700 this session (9.05 win/s), covered 9700/367290 (2.64%), stats={'win': 0, 'free': 0, 'irreducible': 9700, 'nosol': 0}
  9800 this session (9.06 win/s), covered 9800/367290 (2.67%), stats={'win': 0, 'free': 0, 'irreducible': 9800, 'nosol': 0}
  9900 this session (9.04 win/s), covered 9900/367290 (2.70%), stats={'win': 0, 'free': 0, 'irreducible': 9900, 'nosol': 0}
  10000 this session (9.02 win/s), covered 10000/367290 (2.72%), stats={'win': 0, 'free': 0, 'irreducible': 10000, 'nosol': 0}
  10100 this session (9.02 win/s), covered 10100/367290 (2.75%), stats={'win': 0, 'free': 0, 'irreducible': 10100, 'nosol': 0}
  10200 this session (9.01 win/s), covered 10200/367290 (2.78%), stats={'win': 0, 'free': 0, 'irreducible': 10200, 'nosol': 0}
  10300 this session (9.03 win/s), covered 10300/367290 (2.80%), stats={'win': 0, 'free': 0, 'irreducible': 10300, 'nosol': 0}
  10400 this session (9.01 win/s), covered 10400/367290 (2.83%), stats={'win': 0, 'free': 0, 'irreducible': 10400, 'nosol': 0}
  10500 this session (8.99 win/s), covered 10500/367290 (2.86%), stats={'win': 0, 'free': 0, 'irreducible': 10500, 'nosol': 0}
  10600 this session (9.00 win/s), covered 10600/367290 (2.89%), stats={'win': 0, 'free': 0, 'irreducible': 10600, 'nosol': 0}
  10700 this session (8.98 win/s), covered 10700/367290 (2.91%), stats={'win': 0, 'free': 0, 'irreducible': 10700, 'nosol': 0}
  10800 this session (8.99 win/s), covered 10800/367290 (2.94%), stats={'win': 0, 'free': 0, 'irreducible': 10800, 'nosol': 0}
  10900 this session (8.97 win/s), covered 10900/367290 (2.97%), stats={'win': 0, 'free': 0, 'irreducible': 10900, 'nosol': 0}
  11000 this session (8.95 win/s), covered 11000/367290 (2.99%), stats={'win': 0, 'free': 0, 'irreducible': 11000, 'nosol': 0}
  11100 this session (8.96 win/s), covered 11100/367290 (3.02%), stats={'win': 0, 'free': 0, 'irreducible': 11100, 'nosol': 0}
  11200 this session (8.94 win/s), covered 11200/367290 (3.05%), stats={'win': 0, 'free': 0, 'irreducible': 11200, 'nosol': 0}
  11300 this session (8.94 win/s), covered 11300/367290 (3.08%), stats={'win': 0, 'free': 0, 'irreducible': 11300, 'nosol': 0}
  11400 this session (8.93 win/s), covered 11400/367290 (3.10%), stats={'win': 0, 'free': 0, 'irreducible': 11400, 'nosol': 0}
  11500 this session (8.92 win/s), covered 11500/367290 (3.13%), stats={'win': 0, 'free': 0, 'irreducible': 11500, 'nosol': 0}
  11600 this session (8.93 win/s), covered 11600/367290 (3.16%), stats={'win': 0, 'free': 0, 'irreducible': 11600, 'nosol': 0}
  11700 this session (8.92 win/s), covered 11700/367290 (3.19%), stats={'win': 0, 'free': 0, 'irreducible': 11700, 'nosol': 0}
  11800 this session (8.92 win/s), covered 11800/367290 (3.21%), stats={'win': 0, 'free': 0, 'irreducible': 11800, 'nosol': 0}
  11900 this session (8.92 win/s), covered 11900/367290 (3.24%), stats={'win': 0, 'free': 0, 'irreducible': 11900, 'nosol': 0}
  12000 this session (8.91 win/s), covered 12000/367290 (3.27%), stats={'win': 0, 'free': 0, 'irreducible': 12000, 'nosol': 0}
  12100 this session (8.92 win/s), covered 12100/367290 (3.29%), stats={'win': 0, 'free': 0, 'irreducible': 12100, 'nosol': 0}
  12200 this session (8.90 win/s), covered 12200/367290 (3.32%), stats={'win': 0, 'free': 0, 'irreducible': 12200, 'nosol': 0}
  12300 this session (8.91 win/s), covered 12300/367290 (3.35%), stats={'win': 0, 'free': 0, 'irreducible': 12300, 'nosol': 0}
  12400 this session (8.90 win/s), covered 12400/367290 (3.38%), stats={'win': 0, 'free': 0, 'irreducible': 12400, 'nosol': 0}
  12500 this session (8.89 win/s), covered 12500/367290 (3.40%), stats={'win': 0, 'free': 0, 'irreducible': 12500, 'nosol': 0}
  12600 this session (8.89 win/s), covered 12600/367290 (3.43%), stats={'win': 0, 'free': 0, 'irreducible': 12600, 'nosol': 0}
  12700 this session (8.87 win/s), covered 12700/367290 (3.46%), stats={'win': 0, 'free': 0, 'irreducible': 12700, 'nosol': 0}
  12800 this session (8.91 win/s), covered 12800/367290 (3.48%), stats={'win': 0, 'free': 0, 'irreducible': 12800, 'nosol': 0}
  12900 this session (8.93 win/s), covered 12900/367290 (3.51%), stats={'win': 0, 'free': 0, 'irreducible': 12900, 'nosol': 0}
  13000 this session (8.95 win/s), covered 13000/367290 (3.54%), stats={'win': 0, 'free': 0, 'irreducible': 13000, 'nosol': 0}
  13100 this session (8.96 win/s), covered 13100/367290 (3.57%), stats={'win': 0, 'free': 0, 'irreducible': 13100, 'nosol': 0}
  13200 this session (8.96 win/s), covered 13200/367290 (3.59%), stats={'win': 0, 'free': 0, 'irreducible': 13200, 'nosol': 0}
  13300 this session (8.99 win/s), covered 13300/367290 (3.62%), stats={'win': 0, 'free': 0, 'irreducible': 13300, 'nosol': 0}
  13400 this session (9.01 win/s), covered 13400/367290 (3.65%), stats={'win': 0, 'free': 0, 'irreducible': 13400, 'nosol': 0}
  13500 this session (9.02 win/s), covered 13500/367290 (3.68%), stats={'win': 0, 'free': 0, 'irreducible': 13500, 'nosol': 0}
  13600 this session (9.05 win/s), covered 13600/367290 (3.70%), stats={'win': 0, 'free': 0, 'irreducible': 13600, 'nosol': 0}
  13700 this session (9.04 win/s), covered 13700/367290 (3.73%), stats={'win': 0, 'free': 0, 'irreducible': 13700, 'nosol': 0}
  13800 this session (9.05 win/s), covered 13800/367290 (3.76%), stats={'win': 0, 'free': 0, 'irreducible': 13800, 'nosol': 0}
  13900 this session (9.06 win/s), covered 13900/367290 (3.78%), stats={'win': 0, 'free': 0, 'irreducible': 13900, 'nosol': 0}
  14000 this session (9.06 win/s), covered 14000/367290 (3.81%), stats={'win': 0, 'free': 0, 'irreducible': 14000, 'nosol': 0}
  14100 this session (9.05 win/s), covered 14100/367290 (3.84%), stats={'win': 0, 'free': 0, 'irreducible': 14100, 'nosol': 0}
  14200 this session (9.05 win/s), covered 14200/367290 (3.87%), stats={'win': 0, 'free': 0, 'irreducible': 14200, 'nosol': 0}
  14300 this session (9.01 win/s), covered 14300/367290 (3.89%), stats={'win': 0, 'free': 0, 'irreducible': 14300, 'nosol': 0}
  14400 this session (8.99 win/s), covered 14400/367290 (3.92%), stats={'win': 0, 'free': 0, 'irreducible': 14400, 'nosol': 0}
  14500 this session (9.00 win/s), covered 14500/367290 (3.95%), stats={'win': 0, 'free': 0, 'irreducible': 14500, 'nosol': 0}
  14600 this session (9.02 win/s), covered 14600/367290 (3.98%), stats={'win': 0, 'free': 0, 'irreducible': 14600, 'nosol': 0}
  14700 this session (9.03 win/s), covered 14700/367290 (4.00%), stats={'win': 0, 'free': 0, 'irreducible': 14700, 'nosol': 0}
  14800 this session (9.03 win/s), covered 14800/367290 (4.03%), stats={'win': 0, 'free': 0, 'irreducible': 14800, 'nosol': 0}
  14900 this session (9.04 win/s), covered 14900/367290 (4.06%), stats={'win': 0, 'free': 0, 'irreducible': 14900, 'nosol': 0}
  15000 this session (9.06 win/s), covered 15000/367290 (4.08%), stats={'win': 0, 'free': 0, 'irreducible': 15000, 'nosol': 0}
  15100 this session (9.05 win/s), covered 15100/367290 (4.11%), stats={'win': 0, 'free': 0, 'irreducible': 15100, 'nosol': 0}
  15200 this session (9.07 win/s), covered 15200/367290 (4.14%), stats={'win': 0, 'free': 0, 'irreducible': 15200, 'nosol': 0}
  15300 this session (9.04 win/s), covered 15300/367290 (4.17%), stats={'win': 0, 'free': 0, 'irreducible': 15300, 'nosol': 0}
  15400 this session (9.05 win/s), covered 15400/367290 (4.19%), stats={'win': 0, 'free': 0, 'irreducible': 15400, 'nosol': 0}
  15500 this session (9.07 win/s), covered 15500/367290 (4.22%), stats={'win': 0, 'free': 0, 'irreducible': 15500, 'nosol': 0}
  15600 this session (9.08 win/s), covered 15600/367290 (4.25%), stats={'win': 0, 'free': 0, 'irreducible': 15600, 'nosol': 0}
  15700 this session (9.09 win/s), covered 15700/367290 (4.27%), stats={'win': 0, 'free': 0, 'irreducible': 15700, 'nosol': 0}
  15800 this session (9.10 win/s), covered 15800/367290 (4.30%), stats={'win': 0, 'free': 0, 'irreducible': 15800, 'nosol': 0}
  15900 this session (9.11 win/s), covered 15900/367290 (4.33%), stats={'win': 0, 'free': 0, 'irreducible': 15900, 'nosol': 0}
  16000 this session (9.08 win/s), covered 16000/367290 (4.36%), stats={'win': 0, 'free': 0, 'irreducible': 16000, 'nosol': 0}
  16100 this session (9.06 win/s), covered 16100/367290 (4.38%), stats={'win': 0, 'free': 0, 'irreducible': 16100, 'nosol': 0}
  16200 this session (9.04 win/s), covered 16200/367290 (4.41%), stats={'win': 0, 'free': 0, 'irreducible': 16200, 'nosol': 0}
  16300 this session (9.03 win/s), covered 16300/367290 (4.44%), stats={'win': 0, 'free': 0, 'irreducible': 16300, 'nosol': 0}
  16400 this session (9.02 win/s), covered 16400/367290 (4.47%), stats={'win': 0, 'free': 0, 'irreducible': 16400, 'nosol': 0}
  16500 this session (9.03 win/s), covered 16500/367290 (4.49%), stats={'win': 0, 'free': 0, 'irreducible': 16500, 'nosol': 0}
  16600 this session (9.01 win/s), covered 16600/367290 (4.52%), stats={'win': 0, 'free': 0, 'irreducible': 16600, 'nosol': 0}
  16700 this session (9.01 win/s), covered 16700/367290 (4.55%), stats={'win': 0, 'free': 0, 'irreducible': 16700, 'nosol': 0}
  16800 this session (9.01 win/s), covered 16800/367290 (4.57%), stats={'win': 0, 'free': 0, 'irreducible': 16800, 'nosol': 0}
  16900 this session (8.98 win/s), covered 16900/367290 (4.60%), stats={'win': 0, 'free': 0, 'irreducible': 16900, 'nosol': 0}
  17000 this session (8.96 win/s), covered 17000/367290 (4.63%), stats={'win': 0, 'free': 0, 'irreducible': 17000, 'nosol': 0}
  17100 this session (8.96 win/s), covered 17100/367290 (4.66%), stats={'win': 0, 'free': 0, 'irreducible': 17100, 'nosol': 0}
  17200 this session (8.96 win/s), covered 17200/367290 (4.68%), stats={'win': 0, 'free': 0, 'irreducible': 17200, 'nosol': 0}
  17300 this session (8.96 win/s), covered 17300/367290 (4.71%), stats={'win': 0, 'free': 0, 'irreducible': 17300, 'nosol': 0}
  17400 this session (8.96 win/s), covered 17400/367290 (4.74%), stats={'win': 0, 'free': 0, 'irreducible': 17400, 'nosol': 0}
  17500 this session (8.93 win/s), covered 17500/367290 (4.76%), stats={'win': 0, 'free': 0, 'irreducible': 17500, 'nosol': 0}
  17600 this session (8.93 win/s), covered 17600/367290 (4.79%), stats={'win': 0, 'free': 0, 'irreducible': 17600, 'nosol': 0}
  17700 this session (8.91 win/s), covered 17700/367290 (4.82%), stats={'win': 0, 'free': 0, 'irreducible': 17700, 'nosol': 0}
  17800 this session (8.90 win/s), covered 17800/367290 (4.85%), stats={'win': 0, 'free': 0, 'irreducible': 17800, 'nosol': 0}
  17900 this session (8.91 win/s), covered 17900/367290 (4.87%), stats={'win': 0, 'free': 0, 'irreducible': 17900, 'nosol': 0}
  18000 this session (8.89 win/s), covered 18000/367290 (4.90%), stats={'win': 0, 'free': 0, 'irreducible': 18000, 'nosol': 0}
  18100 this session (8.89 win/s), covered 18100/367290 (4.93%), stats={'win': 0, 'free': 0, 'irreducible': 18100, 'nosol': 0}
  18200 this session (8.87 win/s), covered 18200/367290 (4.96%), stats={'win': 0, 'free': 0, 'irreducible': 18200, 'nosol': 0}
  18300 this session (8.85 win/s), covered 18300/367290 (4.98%), stats={'win': 0, 'free': 0, 'irreducible': 18300, 'nosol': 0}
  18400 this session (8.83 win/s), covered 18400/367290 (5.01%), stats={'win': 0, 'free': 0, 'irreducible': 18400, 'nosol': 0}
  18500 this session (8.81 win/s), covered 18500/367290 (5.04%), stats={'win': 0, 'free': 0, 'irreducible': 18500, 'nosol': 0}
  18600 this session (8.81 win/s), covered 18600/367290 (5.06%), stats={'win': 0, 'free': 0, 'irreducible': 18600, 'nosol': 0}
  18700 this session (8.82 win/s), covered 18700/367290 (5.09%), stats={'win': 0, 'free': 0, 'irreducible': 18700, 'nosol': 0}
  18800 this session (8.85 win/s), covered 18800/367290 (5.12%), stats={'win': 0, 'free': 0, 'irreducible': 18800, 'nosol': 0}
  18900 this session (8.87 win/s), covered 18900/367290 (5.15%), stats={'win': 0, 'free': 0, 'irreducible': 18900, 'nosol': 0}
  19000 this session (8.89 win/s), covered 19000/367290 (5.17%), stats={'win': 0, 'free': 0, 'irreducible': 19000, 'nosol': 0}
  19100 this session (8.89 win/s), covered 19100/367290 (5.20%), stats={'win': 0, 'free': 0, 'irreducible': 19100, 'nosol': 0}
  19200 this session (8.92 win/s), covered 19200/367290 (5.23%), stats={'win': 0, 'free': 0, 'irreducible': 19200, 'nosol': 0}
  19300 this session (8.93 win/s), covered 19300/367290 (5.25%), stats={'win': 0, 'free': 0, 'irreducible': 19300, 'nosol': 0}
  19400 this session (8.92 win/s), covered 19400/367290 (5.28%), stats={'win': 0, 'free': 0, 'irreducible': 19400, 'nosol': 0}
  19500 this session (8.94 win/s), covered 19500/367290 (5.31%), stats={'win': 0, 'free': 0, 'irreducible': 19500, 'nosol': 0}
  19600 this session (8.93 win/s), covered 19600/367290 (5.34%), stats={'win': 0, 'free': 0, 'irreducible': 19600, 'nosol': 0}
  19700 this session (8.92 win/s), covered 19700/367290 (5.36%), stats={'win': 0, 'free': 0, 'irreducible': 19700, 'nosol': 0}
  19800 this session (8.93 win/s), covered 19800/367290 (5.39%), stats={'win': 0, 'free': 0, 'irreducible': 19800, 'nosol': 0}
  19900 this session (8.94 win/s), covered 19900/367290 (5.42%), stats={'win': 0, 'free': 0, 'irreducible': 19900, 'nosol': 0}
  20000 this session (8.94 win/s), covered 20000/367290 (5.45%), stats={'win': 0, 'free': 0, 'irreducible': 20000, 'nosol': 0}
  20100 this session (8.96 win/s), covered 20100/367290 (5.47%), stats={'win': 0, 'free': 0, 'irreducible': 20100, 'nosol': 0}
  20200 this session (8.94 win/s), covered 20200/367290 (5.50%), stats={'win': 0, 'free': 0, 'irreducible': 20200, 'nosol': 0}
  20300 this session (8.96 win/s), covered 20300/367290 (5.53%), stats={'win': 0, 'free': 0, 'irreducible': 20300, 'nosol': 0}
  20400 this session (8.96 win/s), covered 20400/367290 (5.55%), stats={'win': 0, 'free': 0, 'irreducible': 20400, 'nosol': 0}
  session time cap reached
{
 "session_windows": 20432,
 "elapsed": 2280.0997717380524,
 "throughput": 8.96101137908772,
 "covered_total": 20432,
 "space": 367290,
 "coverage_pct": 5.562906694982167,
 "stats": {
  "win": 0,
  "free": 0,
  "irreducible": 20432,
  "nosol": 0
 }
}
Traceback (most recent call last):
  File "/home/joebachir20/xor_ui/slp-plateau-search/campaign_87/agents/family3-exact/work/exact_driver3.py", line 222, in <module>
    main()
  File "/home/joebachir20/xor_ui/slp-plateau-search/campaign_87/agents/family3-exact/work/exact_driver3.py", line 216, in main
    with open(os.path.join(HERE, "results_k4", "summary_%d.json" % int(t0)),
         ^^^^^^^^^^^^^^^^^^^^^^^^^^^^^^^^^^^^^^^^^^^^^^^^^^^^^^^^^^^^^^^^^^^
FileNotFoundError: [Errno 2] No such file or directory: '/home/joebachir20/xor_ui/slp-plateau-search/campaign_87/agents/family3-exact/work/results_k4/summary_1785157306.json'
