phase1: 34 distinct target circuits
resume: 0 done, 68 todo
[9a53543068888060 k=2] BREAKTHROUGH_88gates_depth8_THIRDFAMILY.json win=False exhaustive=True windows=1540 0.5s
[bd6dc85274be7dd3 k=2] f3_00_d10_jO725.json win=False exhaustive=True windows=1540 0.5s
[efff0f0516abe52e k=2] f3_01_d10_jO725.json win=False exhaustive=True windows=1540 0.5s
[da9469487310dfc9 k=2] f3_02_d10_jO778.json win=False exhaustive=True windows=1540 0.5s
[6018ace33b2b554b k=2] f3_03_d10_jO778.json win=False exhaustive=True windows=1540 0.5s
[ab495fead20f213f k=2] f3_04_d10_jO796.json win=False exhaustive=True windows=1540 0.5s
[4a19d65f8c8e426e k=2] f3_05_d10_jO796.json win=False exhaustive=True windows=1540 0.5s
[c3e8bf59efeddf99 k=2] f3_06_d10_jO814.json win=False exhaustive=True windows=1540 0.5s
[97cc51ac49c968c3 k=2] f3_07_d10_jO814.json win=False exhaustive=True windows=1540 0.5s
[2d1e870f6461d5cf k=2] NEWFAMILY_88_00_jJ455_jN517.json win=False exhaustive=True windows=1540 0.5s
[862e257f5b67d54a k=2] NEWFAMILY_88_01_jJ455_jN517.json win=False exhaustive=True windows=1540 0.5s
[35695e5c5a52d9e5 k=2] NEWFAMILY_88_02_jJ455_jN504.json win=False exhaustive=True windows=1540 0.5s
[9ce5e0448d4a84fa k=2] NEWFAMILY_88_03_jJ455_jN504.json win=False exhaustive=True windows=1540 0.5s
[b0a93edb3ffb06ad k=2] NEWFAMILY_88_04_jJ455_jN504.json win=False exhaustive=True windows=1540 0.5s
[546c471a892f8189 k=2] NEWFAMILY_88_05_jJ455_jN504.json win=False exhaustive=True windows=1540 0.5s
[265be6a2787051fc k=2] NEWFAMILY_88_06_jJ455_jN504.json win=False exhaustive=True windows=1540 0.5s
[e979d3c096c9c8e3 k=2] NEWFAMILY_88_07_jJ455_jN517.json win=False exhaustive=True windows=1540 0.5s
[76c0e07d7d5add9c k=2] NEWFAMILY_88_08_jJ455_jN530.json win=False exhaustive=True windows=1540 0.6s
[792118d01a187b7b k=2] NEWFAMILY_88_09_jJ455_jN517.json win=False exhaustive=True windows=1540 0.5s
[7d4a751b2506bd99 k=2] NEWFAMILY_88_10_jJ455_jN504.json win=False exhaustive=True windows=1540 0.5s
[65a75981925c1b87 k=2] NEWFAMILY_88_11_jJ455_jN517.json win=False exhaustive=True windows=1540 0.5s
[8c2864a476b0a32e k=2] NEWFAMILY_88_12_jJ455_jN517.json win=False exhaustive=True windows=1540 0.5s
[29469dd3d146e12d k=2] NEWFAMILY_88_13_jJ455_jN517.json win=False exhaustive=True windows=1540 0.5s
[5b40b0aa89716518 k=2] NEWFAMILY_88_14_jJ455_jN517.json win=False exhaustive=True windows=1540 0.5s
[6f127b509bd4fc14 k=2] NEWFAMILY_88_15_jJ455_jN530.json win=False exhaustive=True windows=1540 0.5s
[358e01abb483c068 k=2] NEWFAMILY_88_16_jJ455_jN530.json win=False exhaustive=True windows=1540 0.5s
[5f2ed3ef495f6e60 k=2] NEWFAMILY_88_17_jJ455_jN530.json win=False exhaustive=True windows=1540 0.5s
[6a47fbc4f455441e k=2] NEWFAMILY_88_18_jJ455_jN530.json win=False exhaustive=True windows=1540 -1.7s
[ff3f0ae6bd7c5f41 k=2] NEWFAMILY_88_19_jJ455_jN530.json win=False exhaustive=True windows=1540 0.5s
[3da1e4b11f871822 k=2] NEWFAMILY_88_20_jJ455_jN517.json win=False exhaustive=True windows=1540 0.5s
[cd4e8e701dffb04e k=2] NEWFAMILY_88_21_jJ455_jN517.json win=False exhaustive=True windows=1540 0.5s
[ee22990127c1ff47 k=2] NEWFAMILY_88_22_jJ455_jN530.json win=False exhaustive=True windows=1540 0.5s
[3de3e02f6fad785b k=2] NEWFAMILY_88_23_jJ455_jN517.json win=False exhaustive=True windows=1540 0.5s
[269a20d16dd0177a k=2] NEWFAMILY_88_24_jJ455_jN517.json win=False exhaustive=True windows=1540 0.5s
[9a53543068888060 k=3] BREAKTHROUGH_88gates_depth8_THIRDFAMILY.json win=False exhaustive=True windows=27720 74.0s
[bd6dc85274be7dd3 k=3] f3_00_d10_jO725.json win=False exhaustive=True windows=27720 67.9s
[efff0f0516abe52e k=3] f3_01_d10_jO725.json win=False exhaustive=True windows=27720 67.6s
[da9469487310dfc9 k=3] f3_02_d10_jO778.json win=False exhaustive=True windows=27720 65.1s
[6018ace33b2b554b k=3] f3_03_d10_jO778.json win=False exhaustive=True windows=27720 69.2s
[ab495fead20f213f k=3] f3_04_d10_jO796.json win=False exhaustive=True windows=27720 68.4s
[4a19d65f8c8e426e k=3] f3_05_d10_jO796.json win=False exhaustive=True windows=27720 66.9s
[c3e8bf59efeddf99 k=3] f3_06_d10_jO814.json win=False exhaustive=True windows=27720 69.8s
[97cc51ac49c968c3 k=3] f3_07_d10_jO814.json win=False exhaustive=True windows=27720 72.2s
[2d1e870f6461d5cf k=3] NEWFAMILY_88_00_jJ455_jN517.json win=False exhaustive=True windows=27720 75.3s
[862e257f5b67d54a k=3] NEWFAMILY_88_01_jJ455_jN517.json win=False exhaustive=True windows=27720 73.2s
[35695e5c5a52d9e5 k=3] NEWFAMILY_88_02_jJ455_jN504.json win=False exhaustive=True windows=27720 72.9s
[9ce5e0448d4a84fa k=3] NEWFAMILY_88_03_jJ455_jN504.json win=False exhaustive=True windows=27720 72.2s
[b0a93edb3ffb06ad k=3] NEWFAMILY_88_04_jJ455_jN504.json win=False exhaustive=True windows=27720 69.6s
[546c471a892f8189 k=3] NEWFAMILY_88_05_jJ455_jN504.json win=False exhaustive=True windows=27720 72.9s
[265be6a2787051fc k=3] NEWFAMILY_88_06_jJ455_jN504.json win=False exhaustive=True windows=27720 71.7s
[e979d3c096c9c8e3 k=3] NEWFAMILY_88_07_jJ455_jN517.json win=False exhaustive=True windows=27720 74.9s
[76c0e07d7d5add9c k=3] NEWFAMILY_88_08_jJ455_jN530.json win=False exhaustive=True windows=27720 73.3s
[792118d01a187b7b k=3] NEWFAMILY_88_09_jJ455_jN517.json win=False exhaustive=True windows=27720 75.0s
[7d4a751b2506bd99 k=3] NEWFAMILY_88_10_jJ455_jN504.json win=False exhaustive=True windows=27720 63.0s
[65a75981925c1b87 k=3] NEWFAMILY_88_11_jJ455_jN517.json win=False exhaustive=True windows=27720 60.4s
[8c2864a476b0a32e k=3] NEWFAMILY_88_12_jJ455_jN517.json win=False exhaustive=True windows=27720 61.1s
[29469dd3d146e12d k=3] NEWFAMILY_88_13_jJ455_jN517.json win=False exhaustive=True windows=27720 59.0s
[5b40b0aa89716518 k=3] NEWFAMILY_88_14_jJ455_jN517.json win=False exhaustive=True windows=27720 71.5s
[6f127b509bd4fc14 k=3] NEWFAMILY_88_15_jJ455_jN530.json win=False exhaustive=True windows=27720 73.7s
[358e01abb483c068 k=3] NEWFAMILY_88_16_jJ455_jN530.json win=False exhaustive=True windows=27720 77.5s
[5f2ed3ef495f6e60 k=3] NEWFAMILY_88_17_jJ455_jN530.json win=False exhaustive=True windows=27720 75.7s
[6a47fbc4f455441e k=3] NEWFAMILY_88_18_jJ455_jN530.json win=False exhaustive=True windows=27720 73.3s
[ff3f0ae6bd7c5f41 k=3] NEWFAMILY_88_19_jJ455_jN530.json win=False exhaustive=True windows=27720 75.3s
[3da1e4b11f871822 k=3] NEWFAMILY_88_20_jJ455_jN517.json win=False exhaustive=True windows=27720 73.6s
[cd4e8e701dffb04e k=3] NEWFAMILY_88_21_jJ455_jN517.json win=False exhaustive=True windows=27720 71.4s
[ee22990127c1ff47 k=3] NEWFAMILY_88_22_jJ455_jN530.json win=False exhaustive=True windows=27720 76.1s
[3de3e02f6fad785b k=3] NEWFAMILY_88_23_jJ455_jN517.json win=False exhaustive=True windows=27720 73.0s
[269a20d16dd0177a k=3] NEWFAMILY_88_24_jJ455_jN517.json win=False exhaustive=True windows=27720 75.5s
phase1 session done in 2426.7s
