harvested 84989 distinct 88-mask states (4.8s)
sanity: 25/25 sampled states realizable with all targets
resume: 10617 done, 74372 todo; top distances [54, 54, 54, 54, 54]
  50 states scanned (5.38 st/s), 50 + done=10617 / 84989
  100 states scanned (5.53 st/s), 100 + done=10617 / 84989
  150 states scanned (5.96 st/s), 150 + done=10617 / 84989
  200 states scanned (5.96 st/s), 200 + done=10617 / 84989
  250 states scanned (5.85 st/s), 250 + done=10617 / 84989
  300 states scanned (5.81 st/s), 300 + done=10617 / 84989
  350 states scanned (5.94 st/s), 350 + done=10617 / 84989
  400 states scanned (5.91 st/s), 400 + done=10617 / 84989
  450 states scanned (5.79 st/s), 450 + done=10617 / 84989
  500 states scanned (5.85 st/s), 500 + done=10617 / 84989
  550 states scanned (5.82 st/s), 550 + done=10617 / 84989
  600 states scanned (5.77 st/s), 600 + done=10617 / 84989
  650 states scanned (5.76 st/s), 650 + done=10617 / 84989
  700 states scanned (5.82 st/s), 700 + done=10617 / 84989
  750 states scanned (5.81 st/s), 750 + done=10617 / 84989
  800 states scanned (5.78 st/s), 800 + done=10617 / 84989
  850 states scanned (5.83 st/s), 850 + done=10617 / 84989
  900 states scanned (5.82 st/s), 900 + done=10617 / 84989
  950 states scanned (5.79 st/s), 950 + done=10617 / 84989
  1000 states scanned (5.75 st/s), 1000 + done=10617 / 84989
  1050 states scanned (5.76 st/s), 1050 + done=10617 / 84989
  1100 states scanned (5.70 st/s), 1100 + done=10617 / 84989
  1150 states scanned (5.65 st/s), 1150 + done=10617 / 84989
  1200 states scanned (5.64 st/s), 1200 + done=10617 / 84989
  1250 states scanned (5.59 st/s), 1250 + done=10617 / 84989
  1300 states scanned (5.55 st/s), 1300 + done=10617 / 84989
  1350 states scanned (5.55 st/s), 1350 + done=10617 / 84989
  1400 states scanned (5.52 st/s), 1400 + done=10617 / 84989
  1450 states scanned (5.42 st/s), 1450 + done=10617 / 84989
  1500 states scanned (5.30 st/s), 1500 + done=10617 / 84989
  1550 states scanned (5.19 st/s), 1550 + done=10617 / 84989
  1600 states scanned (5.11 st/s), 1600 + done=10617 / 84989
  1650 states scanned (5.02 st/s), 1650 + done=10617 / 84989
  1700 states scanned (4.95 st/s), 1700 + done=10617 / 84989
  1750 states scanned (4.88 st/s), 1750 + done=10617 / 84989
  1800 states scanned (4.83 st/s), 1800 + done=10617 / 84989
  1850 states scanned (4.76 st/s), 1850 + done=10617 / 84989
  1900 states scanned (4.72 st/s), 1900 + done=10617 / 84989
  1950 states scanned (4.67 st/s), 1950 + done=10617 / 84989
  2000 states scanned (4.62 st/s), 2000 + done=10617 / 84989
  2050 states scanned (4.57 st/s), 2050 + done=10617 / 84989
  2100 states scanned (4.53 st/s), 2100 + done=10617 / 84989
  2150 states scanned (4.48 st/s), 2150 + done=10617 / 84989
  2200 states scanned (4.45 st/s), 2200 + done=10617 / 84989
  2250 states scanned (4.41 st/s), 2250 + done=10617 / 84989
  2300 states scanned (4.39 st/s), 2300 + done=10617 / 84989
  2350 states scanned (4.36 st/s), 2350 + done=10617 / 84989
  2400 states scanned (4.33 st/s), 2400 + done=10617 / 84989
  2450 states scanned (4.31 st/s), 2450 + done=10617 / 84989
  2500 states scanned (4.29 st/s), 2500 + done=10617 / 84989
  2550 states scanned (4.27 st/s), 2550 + done=10617 / 84989
  2600 states scanned (4.26 st/s), 2600 + done=10617 / 84989
  2650 states scanned (4.24 st/s), 2650 + done=10617 / 84989
  2700 states scanned (4.22 st/s), 2700 + done=10617 / 84989
  2750 states scanned (4.19 st/s), 2750 + done=10617 / 84989
  2800 states scanned (4.18 st/s), 2800 + done=10617 / 84989
  2850 states scanned (4.16 st/s), 2850 + done=10617 / 84989
  2900 states scanned (4.15 st/s), 2900 + done=10617 / 84989
  2950 states scanned (4.13 st/s), 2950 + done=10617 / 84989
  3000 states scanned (4.12 st/s), 3000 + done=10617 / 84989
  3050 states scanned (4.10 st/s), 3050 + done=10617 / 84989
  3100 states scanned (4.09 st/s), 3100 + done=10617 / 84989
  3150 states scanned (4.08 st/s), 3150 + done=10617 / 84989
  3200 states scanned (4.06 st/s), 3200 + done=10617 / 84989
  3250 states scanned (4.05 st/s), 3250 + done=10617 / 84989
  3300 states scanned (4.03 st/s), 3300 + done=10617 / 84989
  3350 states scanned (4.02 st/s), 3350 + done=10617 / 84989
  3400 states scanned (4.00 st/s), 3400 + done=10617 / 84989
  3450 states scanned (3.98 st/s), 3450 + done=10617 / 84989
  3500 states scanned (3.97 st/s), 3500 + done=10617 / 84989
  3550 states scanned (3.95 st/s), 3550 + done=10617 / 84989
  3600 states scanned (3.94 st/s), 3600 + done=10617 / 84989
  3650 states scanned (3.92 st/s), 3650 + done=10617 / 84989
  3700 states scanned (3.90 st/s), 3700 + done=10617 / 84989
  3750 states scanned (3.88 st/s), 3750 + done=10617 / 84989
  3800 states scanned (3.87 st/s), 3800 + done=10617 / 84989
  3850 states scanned (3.86 st/s), 3850 + done=10617 / 84989
  3900 states scanned (3.85 st/s), 3900 + done=10617 / 84989
  3950 states scanned (3.83 st/s), 3950 + done=10617 / 84989
  4000 states scanned (3.83 st/s), 4000 + done=10617 / 84989
  4050 states scanned (3.81 st/s), 4050 + done=10617 / 84989
  4100 states scanned (3.81 st/s), 4100 + done=10617 / 84989
  4150 states scanned (3.79 st/s), 4150 + done=10617 / 84989
  4200 states scanned (3.78 st/s), 4200 + done=10617 / 84989
  4250 states scanned (3.78 st/s), 4250 + done=10617 / 84989
  4300 states scanned (3.76 st/s), 4300 + done=10617 / 84989
  4350 states scanned (3.76 st/s), 4350 + done=10617 / 84989
  4400 states scanned (3.75 st/s), 4400 + done=10617 / 84989
  4450 states scanned (3.74 st/s), 4450 + done=10617 / 84989
  4500 states scanned (3.73 st/s), 4500 + done=10617 / 84989
  4550 states scanned (3.73 st/s), 4550 + done=10617 / 84989
  4600 states scanned (3.72 st/s), 4600 + done=10617 / 84989
  4650 states scanned (3.72 st/s), 4650 + done=10617 / 84989
  4700 states scanned (3.71 st/s), 4700 + done=10617 / 84989
  4750 states scanned (3.70 st/s), 4750 + done=10617 / 84989
  4800 states scanned (3.69 st/s), 4800 + done=10617 / 84989
  4850 states scanned (3.68 st/s), 4850 + done=10617 / 84989
  4900 states scanned (3.68 st/s), 4900 + done=10617 / 84989
  4950 states scanned (3.67 st/s), 4950 + done=10617 / 84989
  5000 states scanned (3.66 st/s), 5000 + done=10617 / 84989
  5050 states scanned (3.66 st/s), 5050 + done=10617 / 84989
  5100 states scanned (3.65 st/s), 5100 + done=10617 / 84989
  5150 states scanned (3.64 st/s), 5150 + done=10617 / 84989
  5200 states scanned (3.64 st/s), 5200 + done=10617 / 84989
  5250 states scanned (3.63 st/s), 5250 + done=10617 / 84989
  5300 states scanned (3.63 st/s), 5300 + done=10617 / 84989
  5350 states scanned (3.62 st/s), 5350 + done=10617 / 84989
  5400 states scanned (3.61 st/s), 5400 + done=10617 / 84989
  5450 states scanned (3.61 st/s), 5450 + done=10617 / 84989
  5500 states scanned (3.60 st/s), 5500 + done=10617 / 84989
  5550 states scanned (3.59 st/s), 5550 + done=10617 / 84989
  5600 states scanned (3.58 st/s), 5600 + done=10617 / 84989
  5650 states scanned (3.58 st/s), 5650 + done=10617 / 84989
  5700 states scanned (3.57 st/s), 5700 + done=10617 / 84989
  5750 states scanned (3.57 st/s), 5750 + done=10617 / 84989
  5800 states scanned (3.56 st/s), 5800 + done=10617 / 84989
  5850 states scanned (3.55 st/s), 5850 + done=10617 / 84989
  5900 states scanned (3.55 st/s), 5900 + done=10617 / 84989
  5950 states scanned (3.54 st/s), 5950 + done=10617 / 84989
  6000 states scanned (3.54 st/s), 6000 + done=10617 / 84989
  6050 states scanned (3.53 st/s), 6050 + done=10617 / 84989
  6100 states scanned (3.52 st/s), 6100 + done=10617 / 84989
  6150 states scanned (3.52 st/s), 6150 + done=10617 / 84989
  6200 states scanned (3.51 st/s), 6200 + done=10617 / 84989
  6250 states scanned (3.51 st/s), 6250 + done=10617 / 84989
  6300 states scanned (3.51 st/s), 6300 + done=10617 / 84989
  6350 states scanned (3.50 st/s), 6350 + done=10617 / 84989
  6400 states scanned (3.50 st/s), 6400 + done=10617 / 84989
  6450 states scanned (3.50 st/s), 6450 + done=10617 / 84989
  6500 states scanned (3.49 st/s), 6500 + done=10617 / 84989
  6550 states scanned (3.49 st/s), 6550 + done=10617 / 84989
  6600 states scanned (3.48 st/s), 6600 + done=10617 / 84989
  6650 states scanned (3.48 st/s), 6650 + done=10617 / 84989
  6700 states scanned (3.48 st/s), 6700 + done=10617 / 84989
  6750 states scanned (3.47 st/s), 6750 + done=10617 / 84989
  6800 states scanned (3.47 st/s), 6800 + done=10617 / 84989
  6850 states scanned (3.47 st/s), 6850 + done=10617 / 84989
  6900 states scanned (3.46 st/s), 6900 + done=10617 / 84989
  6950 states scanned (3.46 st/s), 6950 + done=10617 / 84989
  7000 states scanned (3.45 st/s), 7000 + done=10617 / 84989
  7050 states scanned (3.45 st/s), 7050 + done=10617 / 84989
  7100 states scanned (3.44 st/s), 7100 + done=10617 / 84989
  7150 states scanned (3.44 st/s), 7150 + done=10617 / 84989
  7200 states scanned (3.43 st/s), 7200 + done=10617 / 84989
  7250 states scanned (3.43 st/s), 7250 + done=10617 / 84989
  7300 states scanned (3.42 st/s), 7300 + done=10617 / 84989
  7350 states scanned (3.42 st/s), 7350 + done=10617 / 84989
  7400 states scanned (3.41 st/s), 7400 + done=10617 / 84989
  7450 states scanned (3.41 st/s), 7450 + done=10617 / 84989
  7500 states scanned (3.41 st/s), 7500 + done=10617 / 84989
  7550 states scanned (3.40 st/s), 7550 + done=10617 / 84989
  7600 states scanned (3.40 st/s), 7600 + done=10617 / 84989
  7650 states scanned (3.39 st/s), 7650 + done=10617 / 84989
  7700 states scanned (3.39 st/s), 7700 + done=10617 / 84989
  7750 states scanned (3.39 st/s), 7750 + done=10617 / 84989
  7800 states scanned (3.39 st/s), 7800 + done=10617 / 84989
  7850 states scanned (3.38 st/s), 7850 + done=10617 / 84989
  7900 states scanned (3.38 st/s), 7900 + done=10617 / 84989
  7950 states scanned (3.38 st/s), 7950 + done=10617 / 84989
  8000 states scanned (3.38 st/s), 8000 + done=10617 / 84989
  8050 states scanned (3.37 st/s), 8050 + done=10617 / 84989
  8100 states scanned (3.37 st/s), 8100 + done=10617 / 84989
  8150 states scanned (3.37 st/s), 8150 + done=10617 / 84989
  8200 states scanned (3.36 st/s), 8200 + done=10617 / 84989
  8250 states scanned (3.36 st/s), 8250 + done=10617 / 84989
  8300 states scanned (3.36 st/s), 8300 + done=10617 / 84989
  8350 states scanned (3.36 st/s), 8350 + done=10617 / 84989
  8400 states scanned (3.35 st/s), 8400 + done=10617 / 84989
  8450 states scanned (3.35 st/s), 8450 + done=10617 / 84989
  8500 states scanned (3.35 st/s), 8500 + done=10617 / 84989
  8550 states scanned (3.35 st/s), 8550 + done=10617 / 84989
  8600 states scanned (3.34 st/s), 8600 + done=10617 / 84989
  8650 states scanned (3.34 st/s), 8650 + done=10617 / 84989
  8700 states scanned (3.34 st/s), 8700 + done=10617 / 84989
  8750 states scanned (3.34 st/s), 8750 + done=10617 / 84989
  8800 states scanned (3.33 st/s), 8800 + done=10617 / 84989
  8850 states scanned (3.33 st/s), 8850 + done=10617 / 84989
  8900 states scanned (3.33 st/s), 8900 + done=10617 / 84989
  8950 states scanned (3.33 st/s), 8950 + done=10617 / 84989
  9000 states scanned (3.33 st/s), 9000 + done=10617 / 84989
  9050 states scanned (3.32 st/s), 9050 + done=10617 / 84989
  9100 states scanned (3.32 st/s), 9100 + done=10617 / 84989
  9150 states scanned (3.32 st/s), 9150 + done=10617 / 84989
  9200 states scanned (3.31 st/s), 9200 + done=10617 / 84989
  9250 states scanned (3.31 st/s), 9250 + done=10617 / 84989
  9300 states scanned (3.31 st/s), 9300 + done=10617 / 84989
  9350 states scanned (3.31 st/s), 9350 + done=10617 / 84989
  9400 states scanned (3.31 st/s), 9400 + done=10617 / 84989
  9450 states scanned (3.31 st/s), 9450 + done=10617 / 84989
  9500 states scanned (3.30 st/s), 9500 + done=10617 / 84989
  9550 states scanned (3.30 st/s), 9550 + done=10617 / 84989
  9600 states scanned (3.30 st/s), 9600 + done=10617 / 84989
  9650 states scanned (3.30 st/s), 9650 + done=10617 / 84989
  9700 states scanned (3.30 st/s), 9700 + done=10617 / 84989
  9750 states scanned (3.30 st/s), 9750 + done=10617 / 84989
  9800 states scanned (3.30 st/s), 9800 + done=10617 / 84989
  9850 states scanned (3.29 st/s), 9850 + done=10617 / 84989
  9900 states scanned (3.29 st/s), 9900 + done=10617 / 84989
  9950 states scanned (3.29 st/s), 9950 + done=10617 / 84989
  10000 states scanned (3.29 st/s), 10000 + done=10617 / 84989
  10050 states scanned (3.29 st/s), 10050 + done=10617 / 84989
  10100 states scanned (3.29 st/s), 10100 + done=10617 / 84989
  10150 states scanned (3.29 st/s), 10150 + done=10617 / 84989
  10200 states scanned (3.29 st/s), 10200 + done=10617 / 84989
  10250 states scanned (3.28 st/s), 10250 + done=10617 / 84989
  10300 states scanned (3.28 st/s), 10300 + done=10617 / 84989
  10350 states scanned (3.28 st/s), 10350 + done=10617 / 84989
  10400 states scanned (3.28 st/s), 10400 + done=10617 / 84989
  10450 states scanned (3.28 st/s), 10450 + done=10617 / 84989
  10500 states scanned (3.28 st/s), 10500 + done=10617 / 84989
  10550 states scanned (3.28 st/s), 10550 + done=10617 / 84989
  10600 states scanned (3.28 st/s), 10600 + done=10617 / 84989
  10650 states scanned (3.28 st/s), 10650 + done=10617 / 84989
  10700 states scanned (3.28 st/s), 10700 + done=10617 / 84989
  10750 states scanned (3.28 st/s), 10750 + done=10617 / 84989
  10800 states scanned (3.28 st/s), 10800 + done=10617 / 84989
  10850 states scanned (3.28 st/s), 10850 + done=10617 / 84989
  10900 states scanned (3.28 st/s), 10900 + done=10617 / 84989
  10950 states scanned (3.28 st/s), 10950 + done=10617 / 84989
  11000 states scanned (3.28 st/s), 11000 + done=10617 / 84989
  11050 states scanned (3.28 st/s), 11050 + done=10617 / 84989
  11100 states scanned (3.28 st/s), 11100 + done=10617 / 84989
harvested 84989 distinct 88-mask states (12.1s)
sanity: 25/25 sampled states realizable with all targets
resume: 21759 done, 63230 todo; top distances [54, 54, 54, 54, 54]
  50 states scanned (2.96 st/s), 50 + done=21759 / 84989
  100 states scanned (3.05 st/s), 100 + done=21759 / 84989
  150 states scanned (3.14 st/s), 150 + done=21759 / 84989
  200 states scanned (3.16 st/s), 200 + done=21759 / 84989
  250 states scanned (3.14 st/s), 250 + done=21759 / 84989
  300 states scanned (3.16 st/s), 300 + done=21759 / 84989
  350 states scanned (3.13 st/s), 350 + done=21759 / 84989
  400 states scanned (3.11 st/s), 400 + done=21759 / 84989
  450 states scanned (3.08 st/s), 450 + done=21759 / 84989
  500 states scanned (3.10 st/s), 500 + done=21759 / 84989
  550 states scanned (3.07 st/s), 550 + done=21759 / 84989
  600 states scanned (3.05 st/s), 600 + done=21759 / 84989
  650 states scanned (3.04 st/s), 650 + done=21759 / 84989
  700 states scanned (3.07 st/s), 700 + done=21759 / 84989
  750 states scanned (3.06 st/s), 750 + done=21759 / 84989
  800 states scanned (3.07 st/s), 800 + done=21759 / 84989
  850 states scanned (3.07 st/s), 850 + done=21759 / 84989
  900 states scanned (3.09 st/s), 900 + done=21759 / 84989
  950 states scanned (3.09 st/s), 950 + done=21759 / 84989
  1000 states scanned (3.08 st/s), 1000 + done=21759 / 84989
  1050 states scanned (3.10 st/s), 1050 + done=21759 / 84989
  1100 states scanned (3.09 st/s), 1100 + done=21759 / 84989
  1150 states scanned (3.08 st/s), 1150 + done=21759 / 84989
  1200 states scanned (3.07 st/s), 1200 + done=21759 / 84989
  1250 states scanned (3.08 st/s), 1250 + done=21759 / 84989
  1300 states scanned (3.08 st/s), 1300 + done=21759 / 84989
  1350 states scanned (3.10 st/s), 1350 + done=21759 / 84989
  1400 states scanned (3.10 st/s), 1400 + done=21759 / 84989
  1450 states scanned (3.11 st/s), 1450 + done=21759 / 84989
  1500 states scanned (3.11 st/s), 1500 + done=21759 / 84989
  1550 states scanned (3.12 st/s), 1550 + done=21759 / 84989
  1600 states scanned (3.12 st/s), 1600 + done=21759 / 84989
  1650 states scanned (3.14 st/s), 1650 + done=21759 / 84989
  1700 states scanned (3.13 st/s), 1700 + done=21759 / 84989
  1750 states scanned (3.15 st/s), 1750 + done=21759 / 84989
  1800 states scanned (3.14 st/s), 1800 + done=21759 / 84989
  1850 states scanned (3.15 st/s), 1850 + done=21759 / 84989
  1900 states scanned (3.14 st/s), 1900 + done=21759 / 84989
  1950 states scanned (3.14 st/s), 1950 + done=21759 / 84989
  2000 states scanned (3.14 st/s), 2000 + done=21759 / 84989
  2050 states scanned (3.15 st/s), 2050 + done=21759 / 84989
  2100 states scanned (3.14 st/s), 2100 + done=21759 / 84989
  2150 states scanned (3.14 st/s), 2150 + done=21759 / 84989
  2200 states scanned (3.14 st/s), 2200 + done=21759 / 84989
  2250 states scanned (3.15 st/s), 2250 + done=21759 / 84989
  2300 states scanned (3.15 st/s), 2300 + done=21759 / 84989
  2350 states scanned (3.16 st/s), 2350 + done=21759 / 84989
  2400 states scanned (3.15 st/s), 2400 + done=21759 / 84989
  2450 states scanned (3.16 st/s), 2450 + done=21759 / 84989
  2500 states scanned (3.16 st/s), 2500 + done=21759 / 84989
  2550 states scanned (3.16 st/s), 2550 + done=21759 / 84989
  2600 states scanned (3.16 st/s), 2600 + done=21759 / 84989
  2650 states scanned (3.16 st/s), 2650 + done=21759 / 84989
  2700 states scanned (3.17 st/s), 2700 + done=21759 / 84989
  2750 states scanned (3.17 st/s), 2750 + done=21759 / 84989
  2800 states scanned (3.17 st/s), 2800 + done=21759 / 84989
  2850 states scanned (3.18 st/s), 2850 + done=21759 / 84989
  2900 states scanned (3.18 st/s), 2900 + done=21759 / 84989
  2950 states scanned (3.19 st/s), 2950 + done=21759 / 84989
  3000 states scanned (3.18 st/s), 3000 + done=21759 / 84989
  3050 states scanned (3.18 st/s), 3050 + done=21759 / 84989
  3100 states scanned (3.18 st/s), 3100 + done=21759 / 84989
  3150 states scanned (3.18 st/s), 3150 + done=21759 / 84989
  3200 states scanned (3.18 st/s), 3200 + done=21759 / 84989
  3250 states scanned (3.18 st/s), 3250 + done=21759 / 84989
  3300 states scanned (3.18 st/s), 3300 + done=21759 / 84989
  3350 states scanned (3.18 st/s), 3350 + done=21759 / 84989
  3400 states scanned (3.17 st/s), 3400 + done=21759 / 84989
  3450 states scanned (3.17 st/s), 3450 + done=21759 / 84989
  3500 states scanned (3.17 st/s), 3500 + done=21759 / 84989
  3550 states scanned (3.16 st/s), 3550 + done=21759 / 84989
  3600 states scanned (3.15 st/s), 3600 + done=21759 / 84989
  3650 states scanned (3.15 st/s), 3650 + done=21759 / 84989
  3700 states scanned (3.14 st/s), 3700 + done=21759 / 84989
  3750 states scanned (3.14 st/s), 3750 + done=21759 / 84989
  3800 states scanned (3.13 st/s), 3800 + done=21759 / 84989
  3850 states scanned (3.12 st/s), 3850 + done=21759 / 84989
  3900 states scanned (3.11 st/s), 3900 + done=21759 / 84989
  3950 states scanned (3.10 st/s), 3950 + done=21759 / 84989
  4000 states scanned (3.09 st/s), 4000 + done=21759 / 84989
  4050 states scanned (3.09 st/s), 4050 + done=21759 / 84989
  4100 states scanned (3.08 st/s), 4100 + done=21759 / 84989
  4150 states scanned (3.08 st/s), 4150 + done=21759 / 84989
  4200 states scanned (3.06 st/s), 4200 + done=21759 / 84989
  4250 states scanned (3.06 st/s), 4250 + done=21759 / 84989
  4300 states scanned (3.05 st/s), 4300 + done=21759 / 84989
  4350 states scanned (3.04 st/s), 4350 + done=21759 / 84989
  4400 states scanned (3.04 st/s), 4400 + done=21759 / 84989
  4450 states scanned (3.03 st/s), 4450 + done=21759 / 84989
  4500 states scanned (3.03 st/s), 4500 + done=21759 / 84989
  4550 states scanned (3.03 st/s), 4550 + done=21759 / 84989
  4600 states scanned (3.02 st/s), 4600 + done=21759 / 84989
  4650 states scanned (3.03 st/s), 4650 + done=21759 / 84989
  4700 states scanned (3.02 st/s), 4700 + done=21759 / 84989
  4750 states scanned (3.02 st/s), 4750 + done=21759 / 84989
  4800 states scanned (3.02 st/s), 4800 + done=21759 / 84989
  4850 states scanned (3.02 st/s), 4850 + done=21759 / 84989
  4900 states scanned (3.02 st/s), 4900 + done=21759 / 84989
  4950 states scanned (3.01 st/s), 4950 + done=21759 / 84989
  5000 states scanned (3.01 st/s), 5000 + done=21759 / 84989
  5050 states scanned (3.01 st/s), 5050 + done=21759 / 84989
  5100 states scanned (3.01 st/s), 5100 + done=21759 / 84989
  5150 states scanned (3.01 st/s), 5150 + done=21759 / 84989
  5200 states scanned (3.00 st/s), 5200 + done=21759 / 84989
  5250 states scanned (3.00 st/s), 5250 + done=21759 / 84989
  5300 states scanned (3.00 st/s), 5300 + done=21759 / 84989
  5350 states scanned (2.99 st/s), 5350 + done=21759 / 84989
  5400 states scanned (2.99 st/s), 5400 + done=21759 / 84989
  5450 states scanned (2.98 st/s), 5450 + done=21759 / 84989
  5500 states scanned (2.98 st/s), 5500 + done=21759 / 84989
  5550 states scanned (2.97 st/s), 5550 + done=21759 / 84989
  5600 states scanned (2.97 st/s), 5600 + done=21759 / 84989
  5650 states scanned (2.96 st/s), 5650 + done=21759 / 84989
  5700 states scanned (2.95 st/s), 5700 + done=21759 / 84989
  5750 states scanned (2.94 st/s), 5750 + done=21759 / 84989
  5800 states scanned (2.93 st/s), 5800 + done=21759 / 84989
  5850 states scanned (2.93 st/s), 5850 + done=21759 / 84989
  5900 states scanned (2.92 st/s), 5900 + done=21759 / 84989
  5950 states scanned (2.92 st/s), 5950 + done=21759 / 84989
  6000 states scanned (2.91 st/s), 6000 + done=21759 / 84989
  6050 states scanned (2.91 st/s), 6050 + done=21759 / 84989
  6100 states scanned (2.90 st/s), 6100 + done=21759 / 84989
  6150 states scanned (2.90 st/s), 6150 + done=21759 / 84989
  6200 states scanned (2.90 st/s), 6200 + done=21759 / 84989
  6250 states scanned (2.89 st/s), 6250 + done=21759 / 84989
  6300 states scanned (2.88 st/s), 6300 + done=21759 / 84989
  6350 states scanned (2.88 st/s), 6350 + done=21759 / 84989
  6400 states scanned (2.88 st/s), 6400 + done=21759 / 84989
  6450 states scanned (2.87 st/s), 6450 + done=21759 / 84989
  6500 states scanned (2.87 st/s), 6500 + done=21759 / 84989
  6550 states scanned (2.87 st/s), 6550 + done=21759 / 84989
  6600 states scanned (2.87 st/s), 6600 + done=21759 / 84989
  6650 states scanned (2.87 st/s), 6650 + done=21759 / 84989
  6700 states scanned (2.87 st/s), 6700 + done=21759 / 84989
  6750 states scanned (2.87 st/s), 6750 + done=21759 / 84989
  6800 states scanned (2.88 st/s), 6800 + done=21759 / 84989
  6850 states scanned (2.88 st/s), 6850 + done=21759 / 84989
  6900 states scanned (2.88 st/s), 6900 + done=21759 / 84989
  6950 states scanned (2.88 st/s), 6950 + done=21759 / 84989
  7000 states scanned (2.88 st/s), 7000 + done=21759 / 84989
  7050 states scanned (2.88 st/s), 7050 + done=21759 / 84989
  7100 states scanned (2.88 st/s), 7100 + done=21759 / 84989
  7150 states scanned (2.88 st/s), 7150 + done=21759 / 84989
  7200 states scanned (2.88 st/s), 7200 + done=21759 / 84989
  7250 states scanned (2.88 st/s), 7250 + done=21759 / 84989
  7300 states scanned (2.89 st/s), 7300 + done=21759 / 84989
  7350 states scanned (2.89 st/s), 7350 + done=21759 / 84989
  7400 states scanned (2.89 st/s), 7400 + done=21759 / 84989
  7450 states scanned (2.89 st/s), 7450 + done=21759 / 84989
  7500 states scanned (2.89 st/s), 7500 + done=21759 / 84989
  7550 states scanned (2.89 st/s), 7550 + done=21759 / 84989
  7600 states scanned (2.89 st/s), 7600 + done=21759 / 84989
  7650 states scanned (2.89 st/s), 7650 + done=21759 / 84989
  7700 states scanned (2.89 st/s), 7700 + done=21759 / 84989
  7750 states scanned (2.89 st/s), 7750 + done=21759 / 84989
  7800 states scanned (2.90 st/s), 7800 + done=21759 / 84989
  7850 states scanned (2.90 st/s), 7850 + done=21759 / 84989
  7900 states scanned (2.90 st/s), 7900 + done=21759 / 84989
  7950 states scanned (2.90 st/s), 7950 + done=21759 / 84989
  8000 states scanned (2.90 st/s), 8000 + done=21759 / 84989
  8050 states scanned (2.90 st/s), 8050 + done=21759 / 84989
  8100 states scanned (2.90 st/s), 8100 + done=21759 / 84989
  8150 states scanned (2.90 st/s), 8150 + done=21759 / 84989
  8200 states scanned (2.90 st/s), 8200 + done=21759 / 84989
  8250 states scanned (2.90 st/s), 8250 + done=21759 / 84989
  8300 states scanned (2.90 st/s), 8300 + done=21759 / 84989
  8350 states scanned (2.90 st/s), 8350 + done=21759 / 84989
  8400 states scanned (2.90 st/s), 8400 + done=21759 / 84989
  8450 states scanned (2.91 st/s), 8450 + done=21759 / 84989
  8500 states scanned (2.91 st/s), 8500 + done=21759 / 84989
  8550 states scanned (2.91 st/s), 8550 + done=21759 / 84989
  8600 states scanned (2.91 st/s), 8600 + done=21759 / 84989
  8650 states scanned (2.91 st/s), 8650 + done=21759 / 84989
  8700 states scanned (2.91 st/s), 8700 + done=21759 / 84989
  8750 states scanned (2.91 st/s), 8750 + done=21759 / 84989
  8800 states scanned (2.91 st/s), 8800 + done=21759 / 84989
  8850 states scanned (2.91 st/s), 8850 + done=21759 / 84989
  8900 states scanned (2.91 st/s), 8900 + done=21759 / 84989
  8950 states scanned (2.91 st/s), 8950 + done=21759 / 84989
  9000 states scanned (2.91 st/s), 9000 + done=21759 / 84989
  9050 states scanned (2.91 st/s), 9050 + done=21759 / 84989
  9100 states scanned (2.91 st/s), 9100 + done=21759 / 84989
  9150 states scanned (2.91 st/s), 9150 + done=21759 / 84989
  9200 states scanned (2.91 st/s), 9200 + done=21759 / 84989
  9250 states scanned (2.91 st/s), 9250 + done=21759 / 84989
  9300 states scanned (2.91 st/s), 9300 + done=21759 / 84989
  9350 states scanned (2.91 st/s), 9350 + done=21759 / 84989
  9400 states scanned (2.91 st/s), 9400 + done=21759 / 84989
  9450 states scanned (2.91 st/s), 9450 + done=21759 / 84989
  9500 states scanned (2.91 st/s), 9500 + done=21759 / 84989
  9550 states scanned (2.91 st/s), 9550 + done=21759 / 84989
  9600 states scanned (2.91 st/s), 9600 + done=21759 / 84989
  9650 states scanned (2.91 st/s), 9650 + done=21759 / 84989
  9700 states scanned (2.91 st/s), 9700 + done=21759 / 84989
  9750 states scanned (2.91 st/s), 9750 + done=21759 / 84989
  9800 states scanned (2.91 st/s), 9800 + done=21759 / 84989
  9850 states scanned (2.92 st/s), 9850 + done=21759 / 84989
  9900 states scanned (2.92 st/s), 9900 + done=21759 / 84989
  9950 states scanned (2.92 st/s), 9950 + done=21759 / 84989
  10000 states scanned (2.92 st/s), 10000 + done=21759 / 84989
  10050 states scanned (2.92 st/s), 10050 + done=21759 / 84989
  10100 states scanned (2.92 st/s), 10100 + done=21759 / 84989
  10150 states scanned (2.92 st/s), 10150 + done=21759 / 84989
  10200 states scanned (2.92 st/s), 10200 + done=21759 / 84989
  10250 states scanned (2.92 st/s), 10250 + done=21759 / 84989
  10300 states scanned (2.92 st/s), 10300 + done=21759 / 84989
  10350 states scanned (2.92 st/s), 10350 + done=21759 / 84989
  10400 states scanned (2.92 st/s), 10400 + done=21759 / 84989
  10450 states scanned (2.92 st/s), 10450 + done=21759 / 84989
  10500 states scanned (2.92 st/s), 10500 + done=21759 / 84989
  10550 states scanned (2.91 st/s), 10550 + done=21759 / 84989
  10600 states scanned (2.91 st/s), 10600 + done=21759 / 84989
  10650 states scanned (2.91 st/s), 10650 + done=21759 / 84989
  10700 states scanned (2.91 st/s), 10700 + done=21759 / 84989
  10750 states scanned (2.91 st/s), 10750 + done=21759 / 84989
  10800 states scanned (2.91 st/s), 10800 + done=21759 / 84989
  10850 states scanned (2.92 st/s), 10850 + done=21759 / 84989
  10900 states scanned (2.91 st/s), 10900 + done=21759 / 84989
  10950 states scanned (2.91 st/s), 10950 + done=21759 / 84989
  11000 states scanned (2.91 st/s), 11000 + done=21759 / 84989
  11050 states scanned (2.91 st/s), 11050 + done=21759 / 84989
  11100 states scanned (2.91 st/s), 11100 + done=21759 / 84989
  11150 states scanned (2.91 st/s), 11150 + done=21759 / 84989
  11200 states scanned (2.91 st/s), 11200 + done=21759 / 84989
  11250 states scanned (2.91 st/s), 11250 + done=21759 / 84989
  11300 states scanned (2.91 st/s), 11300 + done=21759 / 84989
  11350 states scanned (2.91 st/s), 11350 + done=21759 / 84989
  11400 states scanned (2.91 st/s), 11400 + done=21759 / 84989
  11450 states scanned (2.91 st/s), 11450 + done=21759 / 84989
  11500 states scanned (2.91 st/s), 11500 + done=21759 / 84989
  11550 states scanned (2.92 st/s), 11550 + done=21759 / 84989
  11600 states scanned (2.91 st/s), 11600 + done=21759 / 84989
  11650 states scanned (2.91 st/s), 11650 + done=21759 / 84989
  11700 states scanned (2.91 st/s), 11700 + done=21759 / 84989
  11750 states scanned (2.91 st/s), 11750 + done=21759 / 84989
  11800 states scanned (2.91 st/s), 11800 + done=21759 / 84989
  11850 states scanned (2.91 st/s), 11850 + done=21759 / 84989
  11900 states scanned (2.92 st/s), 11900 + done=21759 / 84989
  11950 states scanned (2.91 st/s), 11950 + done=21759 / 84989
  12000 states scanned (2.91 st/s), 12000 + done=21759 / 84989
  12050 states scanned (2.91 st/s), 12050 + done=21759 / 84989
  12100 states scanned (2.91 st/s), 12100 + done=21759 / 84989
  12150 states scanned (2.91 st/s), 12150 + done=21759 / 84989
  12200 states scanned (2.91 st/s), 12200 + done=21759 / 84989
  12250 states scanned (2.91 st/s), 12250 + done=21759 / 84989
  12300 states scanned (2.91 st/s), 12300 + done=21759 / 84989
  12350 states scanned (2.91 st/s), 12350 + done=21759 / 84989
  12400 states scanned (2.91 st/s), 12400 + done=21759 / 84989
  12450 states scanned (2.91 st/s), 12450 + done=21759 / 84989
  12500 states scanned (2.91 st/s), 12500 + done=21759 / 84989
  12550 states scanned (2.91 st/s), 12550 + done=21759 / 84989
  12600 states scanned (2.92 st/s), 12600 + done=21759 / 84989
  12650 states scanned (2.91 st/s), 12650 + done=21759 / 84989
  12700 states scanned (2.91 st/s), 12700 + done=21759 / 84989
  12750 states scanned (2.91 st/s), 12750 + done=21759 / 84989
  12800 states scanned (2.91 st/s), 12800 + done=21759 / 84989
  12850 states scanned (2.91 st/s), 12850 + done=21759 / 84989
  12900 states scanned (2.91 st/s), 12900 + done=21759 / 84989
  12950 states scanned (2.92 st/s), 12950 + done=21759 / 84989
  13000 states scanned (2.92 st/s), 13000 + done=21759 / 84989
  13050 states scanned (2.92 st/s), 13050 + done=21759 / 84989
  13100 states scanned (2.92 st/s), 13100 + done=21759 / 84989
  13150 states scanned (2.92 st/s), 13150 + done=21759 / 84989
  13200 states scanned (2.92 st/s), 13200 + done=21759 / 84989
  13250 states scanned (2.92 st/s), 13250 + done=21759 / 84989
  13300 states scanned (2.92 st/s), 13300 + done=21759 / 84989
  13350 states scanned (2.92 st/s), 13350 + done=21759 / 84989
  13400 states scanned (2.92 st/s), 13400 + done=21759 / 84989
  13450 states scanned (2.92 st/s), 13450 + done=21759 / 84989
  13500 states scanned (2.92 st/s), 13500 + done=21759 / 84989
  13550 states scanned (2.92 st/s), 13550 + done=21759 / 84989
  13600 states scanned (2.92 st/s), 13600 + done=21759 / 84989
  13650 states scanned (2.92 st/s), 13650 + done=21759 / 84989
  13700 states scanned (2.92 st/s), 13700 + done=21759 / 84989
  13750 states scanned (2.92 st/s), 13750 + done=21759 / 84989
  13800 states scanned (2.92 st/s), 13800 + done=21759 / 84989
  13850 states scanned (2.92 st/s), 13850 + done=21759 / 84989
  13900 states scanned (2.92 st/s), 13900 + done=21759 / 84989
  13950 states scanned (2.92 st/s), 13950 + done=21759 / 84989
  14000 states scanned (2.92 st/s), 14000 + done=21759 / 84989
  14050 states scanned (2.92 st/s), 14050 + done=21759 / 84989
  14100 states scanned (2.92 st/s), 14100 + done=21759 / 84989
  14150 states scanned (2.92 st/s), 14150 + done=21759 / 84989
  14200 states scanned (2.92 st/s), 14200 + done=21759 / 84989
  14250 states scanned (2.92 st/s), 14250 + done=21759 / 84989
  14300 states scanned (2.92 st/s), 14300 + done=21759 / 84989
  14350 states scanned (2.92 st/s), 14350 + done=21759 / 84989
  14400 states scanned (2.91 st/s), 14400 + done=21759 / 84989
  14450 states scanned (2.92 st/s), 14450 + done=21759 / 84989
  14500 states scanned (2.92 st/s), 14500 + done=21759 / 84989
  14550 states scanned (2.92 st/s), 14550 + done=21759 / 84989
  14600 states scanned (2.92 st/s), 14600 + done=21759 / 84989
  14650 states scanned (2.92 st/s), 14650 + done=21759 / 84989
  14700 states scanned (2.92 st/s), 14700 + done=21759 / 84989
  14750 states scanned (2.92 st/s), 14750 + done=21759 / 84989
  14800 states scanned (2.92 st/s), 14800 + done=21759 / 84989
  14850 states scanned (2.92 st/s), 14850 + done=21759 / 84989
  14900 states scanned (2.92 st/s), 14900 + done=21759 / 84989
  14950 states scanned (2.92 st/s), 14950 + done=21759 / 84989
  15000 states scanned (2.92 st/s), 15000 + done=21759 / 84989
  15050 states scanned (2.92 st/s), 15050 + done=21759 / 84989
  15100 states scanned (2.92 st/s), 15100 + done=21759 / 84989
  15150 states scanned (2.92 st/s), 15150 + done=21759 / 84989
  15200 states scanned (2.92 st/s), 15200 + done=21759 / 84989
  15250 states scanned (2.92 st/s), 15250 + done=21759 / 84989
  15300 states scanned (2.93 st/s), 15300 + done=21759 / 84989
  15350 states scanned (2.92 st/s), 15350 + done=21759 / 84989
  15400 states scanned (2.93 st/s), 15400 + done=21759 / 84989
  15450 states scanned (2.93 st/s), 15450 + done=21759 / 84989
  15500 states scanned (2.93 st/s), 15500 + done=21759 / 84989
  15550 states scanned (2.93 st/s), 15550 + done=21759 / 84989
  15600 states scanned (2.93 st/s), 15600 + done=21759 / 84989
  15650 states scanned (2.93 st/s), 15650 + done=21759 / 84989
  15700 states scanned (2.93 st/s), 15700 + done=21759 / 84989
  15750 states scanned (2.93 st/s), 15750 + done=21759 / 84989
  15800 states scanned (2.93 st/s), 15800 + done=21759 / 84989
  15850 states scanned (2.93 st/s), 15850 + done=21759 / 84989
  15900 states scanned (2.94 st/s), 15900 + done=21759 / 84989
  15950 states scanned (2.94 st/s), 15950 + done=21759 / 84989
  16000 states scanned (2.94 st/s), 16000 + done=21759 / 84989
  16050 states scanned (2.94 st/s), 16050 + done=21759 / 84989
  16100 states scanned (2.94 st/s), 16100 + done=21759 / 84989
  16150 states scanned (2.94 st/s), 16150 + done=21759 / 84989
  16200 states scanned (2.94 st/s), 16200 + done=21759 / 84989
  16250 states scanned (2.94 st/s), 16250 + done=21759 / 84989
  16300 states scanned (2.94 st/s), 16300 + done=21759 / 84989
  16350 states scanned (2.94 st/s), 16350 + done=21759 / 84989
  16400 states scanned (2.94 st/s), 16400 + done=21759 / 84989
  16450 states scanned (2.94 st/s), 16450 + done=21759 / 84989
  16500 states scanned (2.94 st/s), 16500 + done=21759 / 84989
  16550 states scanned (2.94 st/s), 16550 + done=21759 / 84989
  16600 states scanned (2.95 st/s), 16600 + done=21759 / 84989
  16650 states scanned (2.95 st/s), 16650 + done=21759 / 84989
  16700 states scanned (2.95 st/s), 16700 + done=21759 / 84989
  16750 states scanned (2.95 st/s), 16750 + done=21759 / 84989
  16800 states scanned (2.95 st/s), 16800 + done=21759 / 84989
  16850 states scanned (2.95 st/s), 16850 + done=21759 / 84989
  16900 states scanned (2.95 st/s), 16900 + done=21759 / 84989
  16950 states scanned (2.95 st/s), 16950 + done=21759 / 84989
  17000 states scanned (2.95 st/s), 17000 + done=21759 / 84989
  17050 states scanned (2.95 st/s), 17050 + done=21759 / 84989
  17100 states scanned (2.96 st/s), 17100 + done=21759 / 84989
  17150 states scanned (2.96 st/s), 17150 + done=21759 / 84989
  17200 states scanned (2.96 st/s), 17200 + done=21759 / 84989
  17250 states scanned (2.96 st/s), 17250 + done=21759 / 84989
  17300 states scanned (2.96 st/s), 17300 + done=21759 / 84989
  17350 states scanned (2.96 st/s), 17350 + done=21759 / 84989
  17400 states scanned (2.96 st/s), 17400 + done=21759 / 84989
  17450 states scanned (2.96 st/s), 17450 + done=21759 / 84989
  17500 states scanned (2.96 st/s), 17500 + done=21759 / 84989
  17550 states scanned (2.96 st/s), 17550 + done=21759 / 84989
  17600 states scanned (2.97 st/s), 17600 + done=21759 / 84989
  17650 states scanned (2.97 st/s), 17650 + done=21759 / 84989
  17700 states scanned (2.97 st/s), 17700 + done=21759 / 84989
  17750 states scanned (2.97 st/s), 17750 + done=21759 / 84989
  17800 states scanned (2.97 st/s), 17800 + done=21759 / 84989
  17850 states scanned (2.97 st/s), 17850 + done=21759 / 84989
  17900 states scanned (2.97 st/s), 17900 + done=21759 / 84989
  17950 states scanned (2.97 st/s), 17950 + done=21759 / 84989
  18000 states scanned (2.97 st/s), 18000 + done=21759 / 84989
  18050 states scanned (2.97 st/s), 18050 + done=21759 / 84989
  18100 states scanned (2.98 st/s), 18100 + done=21759 / 84989
  18150 states scanned (2.98 st/s), 18150 + done=21759 / 84989
  18200 states scanned (2.98 st/s), 18200 + done=21759 / 84989
  18250 states scanned (2.98 st/s), 18250 + done=21759 / 84989
  18300 states scanned (2.98 st/s), 18300 + done=21759 / 84989
  18350 states scanned (2.98 st/s), 18350 + done=21759 / 84989
  18400 states scanned (2.98 st/s), 18400 + done=21759 / 84989
  18450 states scanned (2.98 st/s), 18450 + done=21759 / 84989
  18500 states scanned (2.98 st/s), 18500 + done=21759 / 84989
  18550 states scanned (2.98 st/s), 18550 + done=21759 / 84989
  18600 states scanned (2.99 st/s), 18600 + done=21759 / 84989
  18650 states scanned (2.99 st/s), 18650 + done=21759 / 84989
  18700 states scanned (2.99 st/s), 18700 + done=21759 / 84989
  18750 states scanned (2.99 st/s), 18750 + done=21759 / 84989
  18800 states scanned (2.99 st/s), 18800 + done=21759 / 84989
  18850 states scanned (2.99 st/s), 18850 + done=21759 / 84989
  18900 states scanned (2.99 st/s), 18900 + done=21759 / 84989
  18950 states scanned (2.99 st/s), 18950 + done=21759 / 84989
  19000 states scanned (2.99 st/s), 19000 + done=21759 / 84989
  19050 states scanned (2.99 st/s), 19050 + done=21759 / 84989
  19100 states scanned (2.99 st/s), 19100 + done=21759 / 84989
  19150 states scanned (2.99 st/s), 19150 + done=21759 / 84989
  19200 states scanned (2.99 st/s), 19200 + done=21759 / 84989
  19250 states scanned (2.99 st/s), 19250 + done=21759 / 84989
  19300 states scanned (3.00 st/s), 19300 + done=21759 / 84989
  19350 states scanned (3.00 st/s), 19350 + done=21759 / 84989
  19400 states scanned (3.00 st/s), 19400 + done=21759 / 84989
  19450 states scanned (3.00 st/s), 19450 + done=21759 / 84989
  19500 states scanned (3.00 st/s), 19500 + done=21759 / 84989
  19550 states scanned (3.00 st/s), 19550 + done=21759 / 84989
  19600 states scanned (3.00 st/s), 19600 + done=21759 / 84989
  19650 states scanned (3.00 st/s), 19650 + done=21759 / 84989
  19700 states scanned (3.00 st/s), 19700 + done=21759 / 84989
  19750 states scanned (3.00 st/s), 19750 + done=21759 / 84989
  19800 states scanned (3.00 st/s), 19800 + done=21759 / 84989
  19850 states scanned (3.00 st/s), 19850 + done=21759 / 84989
  19900 states scanned (3.00 st/s), 19900 + done=21759 / 84989
  19950 states scanned (3.01 st/s), 19950 + done=21759 / 84989
  20000 states scanned (3.01 st/s), 20000 + done=21759 / 84989
  20050 states scanned (3.01 st/s), 20050 + done=21759 / 84989
  20100 states scanned (3.01 st/s), 20100 + done=21759 / 84989
  20150 states scanned (3.01 st/s), 20150 + done=21759 / 84989
  20200 states scanned (3.01 st/s), 20200 + done=21759 / 84989
  20250 states scanned (3.01 st/s), 20250 + done=21759 / 84989
  20300 states scanned (3.01 st/s), 20300 + done=21759 / 84989
  20350 states scanned (3.01 st/s), 20350 + done=21759 / 84989
  20400 states scanned (3.01 st/s), 20400 + done=21759 / 84989
  20450 states scanned (3.01 st/s), 20450 + done=21759 / 84989
  20500 states scanned (3.01 st/s), 20500 + done=21759 / 84989
  20550 states scanned (3.01 st/s), 20550 + done=21759 / 84989
  20600 states scanned (3.02 st/s), 20600 + done=21759 / 84989
  20650 states scanned (3.02 st/s), 20650 + done=21759 / 84989
  20700 states scanned (3.02 st/s), 20700 + done=21759 / 84989
  20750 states scanned (3.02 st/s), 20750 + done=21759 / 84989
  20800 states scanned (3.02 st/s), 20800 + done=21759 / 84989
  20850 states scanned (3.02 st/s), 20850 + done=21759 / 84989
  20900 states scanned (3.02 st/s), 20900 + done=21759 / 84989
  20950 states scanned (3.02 st/s), 20950 + done=21759 / 84989
  21000 states scanned (3.02 st/s), 21000 + done=21759 / 84989
  21050 states scanned (3.02 st/s), 21050 + done=21759 / 84989
  21100 states scanned (3.02 st/s), 21100 + done=21759 / 84989
  21150 states scanned (3.02 st/s), 21150 + done=21759 / 84989
  21200 states scanned (3.02 st/s), 21200 + done=21759 / 84989
  21250 states scanned (3.03 st/s), 21250 + done=21759 / 84989
  21300 states scanned (3.03 st/s), 21300 + done=21759 / 84989
  21350 states scanned (3.03 st/s), 21350 + done=21759 / 84989
  21400 states scanned (3.03 st/s), 21400 + done=21759 / 84989
  21450 states scanned (3.03 st/s), 21450 + done=21759 / 84989
  21500 states scanned (3.03 st/s), 21500 + done=21759 / 84989
  21550 states scanned (3.03 st/s), 21550 + done=21759 / 84989
  21600 states scanned (3.03 st/s), 21600 + done=21759 / 84989
  21650 states scanned (3.03 st/s), 21650 + done=21759 / 84989
  21700 states scanned (3.03 st/s), 21700 + done=21759 / 84989
  21750 states scanned (3.03 st/s), 21750 + done=21759 / 84989
  21800 states scanned (3.04 st/s), 21800 + done=21759 / 84989
  21850 states scanned (3.04 st/s), 21850 + done=21759 / 84989
  21900 states scanned (3.04 st/s), 21900 + done=21759 / 84989
  21950 states scanned (3.04 st/s), 21950 + done=21759 / 84989
  22000 states scanned (3.04 st/s), 22000 + done=21759 / 84989
  22050 states scanned (3.04 st/s), 22050 + done=21759 / 84989
  22100 states scanned (3.04 st/s), 22100 + done=21759 / 84989
  22150 states scanned (3.04 st/s), 22150 + done=21759 / 84989
  22200 states scanned (3.04 st/s), 22200 + done=21759 / 84989
  22250 states scanned (3.04 st/s), 22250 + done=21759 / 84989
  22300 states scanned (3.04 st/s), 22300 + done=21759 / 84989
  22350 states scanned (3.04 st/s), 22350 + done=21759 / 84989
  22400 states scanned (3.04 st/s), 22400 + done=21759 / 84989
  22450 states scanned (3.05 st/s), 22450 + done=21759 / 84989
  22500 states scanned (3.05 st/s), 22500 + done=21759 / 84989
  22550 states scanned (3.05 st/s), 22550 + done=21759 / 84989
  22600 states scanned (3.05 st/s), 22600 + done=21759 / 84989
  22650 states scanned (3.05 st/s), 22650 + done=21759 / 84989
  22700 states scanned (3.05 st/s), 22700 + done=21759 / 84989
  22750 states scanned (3.05 st/s), 22750 + done=21759 / 84989
  22800 states scanned (3.05 st/s), 22800 + done=21759 / 84989
  22850 states scanned (3.05 st/s), 22850 + done=21759 / 84989
  22900 states scanned (3.05 st/s), 22900 + done=21759 / 84989
  22950 states scanned (3.05 st/s), 22950 + done=21759 / 84989
  23000 states scanned (3.05 st/s), 23000 + done=21759 / 84989
  23050 states scanned (3.05 st/s), 23050 + done=21759 / 84989
  23100 states scanned (3.06 st/s), 23100 + done=21759 / 84989
  23150 states scanned (3.06 st/s), 23150 + done=21759 / 84989
  23200 states scanned (3.06 st/s), 23200 + done=21759 / 84989
  23250 states scanned (3.06 st/s), 23250 + done=21759 / 84989
  23300 states scanned (3.06 st/s), 23300 + done=21759 / 84989
  23350 states scanned (3.06 st/s), 23350 + done=21759 / 84989
  23400 states scanned (3.06 st/s), 23400 + done=21759 / 84989
  23450 states scanned (3.06 st/s), 23450 + done=21759 / 84989
  23500 states scanned (3.06 st/s), 23500 + done=21759 / 84989
  23550 states scanned (3.06 st/s), 23550 + done=21759 / 84989
  23600 states scanned (3.06 st/s), 23600 + done=21759 / 84989
  23650 states scanned (3.06 st/s), 23650 + done=21759 / 84989
  23700 states scanned (3.07 st/s), 23700 + done=21759 / 84989
  23750 states scanned (3.07 st/s), 23750 + done=21759 / 84989
  23800 states scanned (3.07 st/s), 23800 + done=21759 / 84989
  23850 states scanned (3.07 st/s), 23850 + done=21759 / 84989
  23900 states scanned (3.07 st/s), 23900 + done=21759 / 84989
  23950 states scanned (3.07 st/s), 23950 + done=21759 / 84989
  24000 states scanned (3.07 st/s), 24000 + done=21759 / 84989
  24050 states scanned (3.07 st/s), 24050 + done=21759 / 84989
  24100 states scanned (3.07 st/s), 24100 + done=21759 / 84989
  24150 states scanned (3.07 st/s), 24150 + done=21759 / 84989
  24200 states scanned (3.07 st/s), 24200 + done=21759 / 84989
  24250 states scanned (3.07 st/s), 24250 + done=21759 / 84989
  24300 states scanned (3.07 st/s), 24300 + done=21759 / 84989
  24350 states scanned (3.07 st/s), 24350 + done=21759 / 84989
  24400 states scanned (3.07 st/s), 24400 + done=21759 / 84989
  24450 states scanned (3.08 st/s), 24450 + done=21759 / 84989
  24500 states scanned (3.08 st/s), 24500 + done=21759 / 84989
  24550 states scanned (3.08 st/s), 24550 + done=21759 / 84989
  24600 states scanned (3.08 st/s), 24600 + done=21759 / 84989
  24650 states scanned (3.08 st/s), 24650 + done=21759 / 84989
  24700 states scanned (3.08 st/s), 24700 + done=21759 / 84989
  24750 states scanned (3.08 st/s), 24750 + done=21759 / 84989
  24800 states scanned (3.08 st/s), 24800 + done=21759 / 84989
  24850 states scanned (3.08 st/s), 24850 + done=21759 / 84989
  24900 states scanned (3.08 st/s), 24900 + done=21759 / 84989
  24950 states scanned (3.08 st/s), 24950 + done=21759 / 84989
  25000 states scanned (3.08 st/s), 25000 + done=21759 / 84989
  25050 states scanned (3.08 st/s), 25050 + done=21759 / 84989
  25100 states scanned (3.08 st/s), 25100 + done=21759 / 84989
  25150 states scanned (3.08 st/s), 25150 + done=21759 / 84989
  25200 states scanned (3.09 st/s), 25200 + done=21759 / 84989
  25250 states scanned (3.09 st/s), 25250 + done=21759 / 84989
  25300 states scanned (3.09 st/s), 25300 + done=21759 / 84989
  25350 states scanned (3.09 st/s), 25350 + done=21759 / 84989
  25400 states scanned (3.09 st/s), 25400 + done=21759 / 84989
  25450 states scanned (3.09 st/s), 25450 + done=21759 / 84989
  25500 states scanned (3.09 st/s), 25500 + done=21759 / 84989
  25550 states scanned (3.09 st/s), 25550 + done=21759 / 84989
  25600 states scanned (3.09 st/s), 25600 + done=21759 / 84989
  25650 states scanned (3.09 st/s), 25650 + done=21759 / 84989
  25700 states scanned (3.09 st/s), 25700 + done=21759 / 84989
  25750 states scanned (3.09 st/s), 25750 + done=21759 / 84989
  25800 states scanned (3.09 st/s), 25800 + done=21759 / 84989
  25850 states scanned (3.09 st/s), 25850 + done=21759 / 84989
  25900 states scanned (3.09 st/s), 25900 + done=21759 / 84989
  25950 states scanned (3.09 st/s), 25950 + done=21759 / 84989
  26000 states scanned (3.09 st/s), 26000 + done=21759 / 84989
  26050 states scanned (3.10 st/s), 26050 + done=21759 / 84989
  26100 states scanned (3.10 st/s), 26100 + done=21759 / 84989
  26150 states scanned (3.10 st/s), 26150 + done=21759 / 84989
  26200 states scanned (3.10 st/s), 26200 + done=21759 / 84989
  26250 states scanned (3.10 st/s), 26250 + done=21759 / 84989
  26300 states scanned (3.10 st/s), 26300 + done=21759 / 84989
  26350 states scanned (3.10 st/s), 26350 + done=21759 / 84989
  26400 states scanned (3.10 st/s), 26400 + done=21759 / 84989
  26450 states scanned (3.10 st/s), 26450 + done=21759 / 84989
  26500 states scanned (3.10 st/s), 26500 + done=21759 / 84989
  26550 states scanned (3.10 st/s), 26550 + done=21759 / 84989
  26600 states scanned (3.10 st/s), 26600 + done=21759 / 84989
  26650 states scanned (3.10 st/s), 26650 + done=21759 / 84989
  26700 states scanned (3.10 st/s), 26700 + done=21759 / 84989
  26750 states scanned (3.10 st/s), 26750 + done=21759 / 84989
  26800 states scanned (3.10 st/s), 26800 + done=21759 / 84989
  26850 states scanned (3.11 st/s), 26850 + done=21759 / 84989
  26900 states scanned (3.11 st/s), 26900 + done=21759 / 84989
  26950 states scanned (3.11 st/s), 26950 + done=21759 / 84989
  27000 states scanned (3.11 st/s), 27000 + done=21759 / 84989
  27050 states scanned (3.11 st/s), 27050 + done=21759 / 84989
  27100 states scanned (3.11 st/s), 27100 + done=21759 / 84989
  27150 states scanned (3.11 st/s), 27150 + done=21759 / 84989
  27200 states scanned (3.11 st/s), 27200 + done=21759 / 84989
  27250 states scanned (3.11 st/s), 27250 + done=21759 / 84989
  27300 states scanned (3.11 st/s), 27300 + done=21759 / 84989
  27350 states scanned (3.11 st/s), 27350 + done=21759 / 84989
  27400 states scanned (3.11 st/s), 27400 + done=21759 / 84989
  27450 states scanned (3.11 st/s), 27450 + done=21759 / 84989
  27500 states scanned (3.11 st/s), 27500 + done=21759 / 84989
  27550 states scanned (3.11 st/s), 27550 + done=21759 / 84989
  27600 states scanned (3.11 st/s), 27600 + done=21759 / 84989
  27650 states scanned (3.11 st/s), 27650 + done=21759 / 84989
  27700 states scanned (3.12 st/s), 27700 + done=21759 / 84989
  27750 states scanned (3.12 st/s), 27750 + done=21759 / 84989
  27800 states scanned (3.12 st/s), 27800 + done=21759 / 84989
  27850 states scanned (3.12 st/s), 27850 + done=21759 / 84989
  27900 states scanned (3.12 st/s), 27900 + done=21759 / 84989
  27950 states scanned (3.12 st/s), 27950 + done=21759 / 84989
  28000 states scanned (3.12 st/s), 28000 + done=21759 / 84989
  28050 states scanned (3.12 st/s), 28050 + done=21759 / 84989
  28100 states scanned (3.12 st/s), 28100 + done=21759 / 84989
  28150 states scanned (3.12 st/s), 28150 + done=21759 / 84989
  28200 states scanned (3.12 st/s), 28200 + done=21759 / 84989
  28250 states scanned (3.12 st/s), 28250 + done=21759 / 84989
  28300 states scanned (3.12 st/s), 28300 + done=21759 / 84989
  28350 states scanned (3.12 st/s), 28350 + done=21759 / 84989
  28400 states scanned (3.12 st/s), 28400 + done=21759 / 84989
  28450 states scanned (3.12 st/s), 28450 + done=21759 / 84989
  28500 states scanned (3.12 st/s), 28500 + done=21759 / 84989
  28550 states scanned (3.12 st/s), 28550 + done=21759 / 84989
  28600 states scanned (3.12 st/s), 28600 + done=21759 / 84989
  28650 states scanned (3.12 st/s), 28650 + done=21759 / 84989
  28700 states scanned (3.12 st/s), 28700 + done=21759 / 84989
  28750 states scanned (3.12 st/s), 28750 + done=21759 / 84989
  28800 states scanned (3.13 st/s), 28800 + done=21759 / 84989
  28850 states scanned (3.13 st/s), 28850 + done=21759 / 84989
  28900 states scanned (3.13 st/s), 28900 + done=21759 / 84989
  28950 states scanned (3.13 st/s), 28950 + done=21759 / 84989
  29000 states scanned (3.13 st/s), 29000 + done=21759 / 84989
  29050 states scanned (3.13 st/s), 29050 + done=21759 / 84989
  29100 states scanned (3.13 st/s), 29100 + done=21759 / 84989
  29150 states scanned (3.13 st/s), 29150 + done=21759 / 84989
  29200 states scanned (3.13 st/s), 29200 + done=21759 / 84989
  29250 states scanned (3.13 st/s), 29250 + done=21759 / 84989
  29300 states scanned (3.13 st/s), 29300 + done=21759 / 84989
  29350 states scanned (3.13 st/s), 29350 + done=21759 / 84989
  29400 states scanned (3.13 st/s), 29400 + done=21759 / 84989
  29450 states scanned (3.13 st/s), 29450 + done=21759 / 84989
  29500 states scanned (3.13 st/s), 29500 + done=21759 / 84989
  29550 states scanned (3.13 st/s), 29550 + done=21759 / 84989
  29600 states scanned (3.13 st/s), 29600 + done=21759 / 84989
  29650 states scanned (3.13 st/s), 29650 + done=21759 / 84989
  29700 states scanned (3.13 st/s), 29700 + done=21759 / 84989
  29750 states scanned (3.13 st/s), 29750 + done=21759 / 84989
  29800 states scanned (3.14 st/s), 29800 + done=21759 / 84989
  29850 states scanned (3.14 st/s), 29850 + done=21759 / 84989
  29900 states scanned (3.14 st/s), 29900 + done=21759 / 84989
  29950 states scanned (3.14 st/s), 29950 + done=21759 / 84989
  30000 states scanned (3.14 st/s), 30000 + done=21759 / 84989
  30050 states scanned (3.14 st/s), 30050 + done=21759 / 84989
  30100 states scanned (3.14 st/s), 30100 + done=21759 / 84989
  time cap reached
{"session_states": 30140, "elapsed": 9600.337920188904, "rate": 3.1394728221908528}
