A nrpa done 1400343 614.8083260059357
B merged done 1833906 789.0403940677643
C pop88new done 1888795 797.4652233123779
D beat88 done 1921805 803.7786796092987
E layer89 done 1925059 804.5794794559479
F evidence done 1925065 804.6040692329407
population = wrapup/day2/e_upstream/recensus.py sources A-F
rows_accepted_88_with_all_targets = 1925065
rows_rejected_wrong_length = 257291
rows_rejected_missing_targets = 0
non_target_mask_slots = 107803640
distinct_non_target_masks = 1778
odd_lane_histogram = {0: 64099791, 1: 39307442, 2: 4396407}
lane_histogram = {1: 38389462, 2: 52110816, 3: 17250547, 4: 52815}
weight_histogram = {2: 33345151, 3: 21550464, 4: 27215653, 5: 13544246, 6: 7767197, 7: 3757561, 8: 108947, 9: 88594, 10: 58996, 11: 366577, 12: 254}
circuits_with_odd3 = 0
circuits_with_odd4 = 0
circuits_with_4lane = 52815
circuits_with_weight11 = 360862
circuits_with_weight12 = 254
odd3_examples = []
hub_count_per_circuit_histogram = {0: 7, 1: 1909794, 2: 9814, 3: 4476, 4: 960, 5: 14}
hub_j_occurrences = {0: 6, 1: 448206, 2: 56016, 3: 2744, 4: 6579, 5: 3355, 6: 166, 7: 1429688}
n_weight2_present = 85
per_source_rows = {'nrpa_sub92': 1400343, 'merged_engine': 433563, 'population88_new': 54889, 'beat88_worklist': 33010, 'found88_layer89': 3254, 'evidence_records': 6}
seconds = 804.6
vocab written 1778
