[     0.0s 00:57:08] hunt worker start: engine=alt seed=BEST_90gates_depth9_rho2symmetric.json rng=3303 total=15300s lns={'kmax': 4, 'kshake': 12, 'snapback': 12, 'nsamp': (12, 12), 'up_prob': 0.5, 'up_slack': 4, 'harvest_path': '../runs_hunt/d3_orb90a.pop.jsonl', 'pop_glob': '../runs_hunt/*.pop.jsonl', 'pop_period_s': 120.0} walk={'hub_move_p': 0.3, 'close_hamming': 8, 'repair_one': 40, 'repair_hub': 24, 'plateau_slack_p': 0.15, 'harvest_path': '../runs_hunt/d3_orb90a.pop.jsonl'}
[     0.0s 00:57:08]   NEW BEST 90 gates depth 9 VERIFIED 
[     0.7s 00:57:09]   NEW BEST 90 gates depth 6 VERIFIED depth-tiebreak it=337
[    45.8s 00:57:54] [walk] 46s iters=20000 cur=90 best=90 harv=2475
[    91.5s 00:58:39] [walk] 91s iters=40000 cur=90 best=90 harv=4856
[   134.5s 00:59:22] [walk] 135s iters=60000 cur=90 best=90 harv=7066
[   181.0s 01:00:09] [walk] 181s iters=80000 cur=90 best=90 harv=9584
[   189.4s 01:00:17]   NEW BEST 90 gates depth 5 VERIFIED depth-tiebreak it=83299
[   227.3s 01:00:55] [walk] 227s iters=100000 cur=90 best=90 harv=12096
[   274.1s 01:01:42] [walk] 274s iters=120000 cur=90 best=90 harv=14643
[   428.1s 01:04:16] [lns] cross-pollinated 496 masks (pool=4428)
[   525.9s 01:05:54] [lns] 226s iters=20000 cur=96 best=90 pool=4470 hot=70586 harv=8 peelgain=3661
[   724.4s 01:09:12] [lns] 424s iters=40000 cur=95 best=90 pool=4511 hot=140203 harv=8 peelgain=6477
[   954.1s 01:13:02] [walk] 54s iters=20000 cur=90 best=90 harv=2563
[  1009.9s 01:13:58] [walk] 110s iters=40000 cur=90 best=90 harv=5323
[  1067.9s 01:14:56] [walk] 168s iters=60000 cur=90 best=90 harv=7744
[  1122.5s 01:15:50] [walk] 222s iters=80000 cur=90 best=90 harv=10378
[  1171.5s 01:16:39] [walk] 271s iters=100000 cur=90 best=90 harv=13059
[  1335.9s 01:19:24] [lns] cross-pollinated 577 masks (pool=4474)
[  1436.5s 01:21:04] [lns] 236s iters=20000 cur=96 best=90 pool=4498 hot=69652 harv=5 peelgain=3161
[  1635.2s 01:24:23] [lns] 435s iters=40000 cur=95 best=90 pool=4546 hot=136822 harv=5 peelgain=5555
[  1848.8s 01:27:57] [walk] 48s iters=20000 cur=90 best=90 harv=2599
[  1907.5s 01:28:55] [walk] 107s iters=40000 cur=90 best=90 harv=5203
[  1965.2s 01:29:53] [walk] 165s iters=60000 cur=90 best=90 harv=7840
[  2024.7s 01:30:52] [walk] 224s iters=80000 cur=90 best=90 harv=10539
[  2079.6s 01:31:47] [walk] 279s iters=100000 cur=90 best=90 harv=13008
[  2247.4s 01:34:35] [lns] cross-pollinated 610 masks (pool=4534)
[  2382.4s 01:36:50] [lns] 282s iters=20000 cur=94 best=90 pool=4558 hot=68694 harv=1 peelgain=3668
[  2581.2s 01:40:09] [lns] cross-pollinated 12 masks (pool=4627)
[  2596.7s 01:40:24] [lns] 496s iters=40000 cur=95 best=90 pool=4629 hot=135491 harv=1 peelgain=6406
[  2701.9s 01:42:10] [lns] cross-pollinated 11 masks (pool=4678)
[  2749.4s 01:42:57] [walk] 47s iters=20000 cur=90 best=90 harv=2638
[  2800.0s 01:43:48] [walk] 98s iters=40000 cur=90 best=90 harv=5337
[  2850.6s 01:44:38] [walk] 149s iters=60000 cur=90 best=90 harv=8023
[  2899.0s 01:45:27] [walk] 197s iters=80000 cur=90 best=90 harv=10701
[  2951.8s 01:46:20] [walk] 250s iters=100000 cur=90 best=90 harv=13463
[  2999.4s 01:47:07] [walk] 297s iters=120000 cur=90 best=90 harv=16170
[  3154.5s 01:49:42] [lns] cross-pollinated 639 masks (pool=4546)
[  3221.8s 01:50:50] [lns] 220s iters=20000 cur=96 best=90 pool=4559 hot=66450 harv=2 peelgain=2728
[  3377.1s 01:53:25] [lns] 375s iters=40000 cur=95 best=90 pool=4603 hot=136275 harv=2 peelgain=5101
[  3510.3s 01:55:38] [lns] 508s iters=60000 cur=95 best=90 pool=4619 hot=200000 harv=2 peelgain=6699
[  3603.9s 01:57:12] [lns] cross-pollinated 18 masks (pool=4643)
[  3655.2s 01:58:03] [walk] 51s iters=20000 cur=90 best=90 harv=2557
[  3704.6s 01:58:52] [walk] 101s iters=40000 cur=90 best=90 harv=5253
[  3756.5s 01:59:44] [walk] 153s iters=60000 cur=90 best=90 harv=7902
[  3793.4s 02:00:21]   NEW BEST 89 gates depth 7 VERIFIED it=75097
[  3804.7s 02:00:33] [walk] 201s iters=80000 cur=89 best=89 harv=10264
[  3849.0s 02:01:17] [walk] 245s iters=100000 cur=89 best=89 harv=12064
[  3896.0s 02:02:04] [walk] 292s iters=120000 cur=89 best=89 harv=13855
[  4060.0s 02:04:48] [lns] cross-pollinated 612 masks (pool=4475)
[  4190.3s 02:06:58] [lns] 286s iters=20000 cur=97 best=89 pool=4567 hot=69977 harv=5 peelgain=4198
[  4384.6s 02:10:12] [lns] cross-pollinated 2 masks (pool=4680)
[  4411.8s 02:10:40] [lns] 508s iters=40000 cur=97 best=89 pool=4683 hot=141017 harv=9 peelgain=7686
[  4505.2s 02:12:13] [lns] cross-pollinated 14 masks (pool=4718)
[  4548.4s 02:12:56]   NEW BEST 89 gates depth 6 VERIFIED depth-tiebreak it=17640
[  4554.0s 02:13:02] [walk] 49s iters=20000 cur=89 best=89 harv=1917
[  4600.2s 02:13:48] [walk] 95s iters=40000 cur=89 best=89 harv=3813
[  4645.8s 02:14:34] [walk] 141s iters=60000 cur=89 best=89 harv=5559
[  4699.7s 02:15:27] [walk] 194s iters=80000 cur=89 best=89 harv=7297
[  4757.2s 02:16:25] [walk] 252s iters=100000 cur=89 best=89 harv=9091
[  4979.8s 02:20:08] [lns] cross-pollinated 663 masks (pool=4433)
[  5197.7s 02:23:45] [lns] 392s iters=20000 cur=91 best=89 pool=4469 hot=67708 harv=4 peelgain=5502
[  5406.7s 02:27:14] [lns] cross-pollinated 11 masks (pool=4508)
[  5479.4s 02:28:27] [walk] 73s iters=20000 cur=89 best=89 harv=1976
[  5552.1s 02:29:40] [walk] 145s iters=40000 cur=89 best=89 harv=3965
[  5618.6s 02:30:46] [walk] 212s iters=60000 cur=89 best=89 harv=5999
[  5673.1s 02:31:41] [walk] 266s iters=80000 cur=89 best=89 harv=7908
[  5876.4s 02:35:04] [lns] cross-pollinated 650 masks (pool=4492)
[  6039.2s 02:37:47] [lns] 332s iters=20000 cur=95 best=89 pool=4567 hot=68425 harv=4 peelgain=4451
[  6308.1s 02:42:16] [lns] cross-pollinated 4 masks (pool=4731)
[  6360.0s 02:43:08] [walk] 52s iters=20000 cur=89 best=89 harv=1864
[  6415.0s 02:44:03] [walk] 107s iters=40000 cur=89 best=89 harv=3736
[  6465.0s 02:44:53] [walk] 157s iters=60000 cur=89 best=89 harv=5751
[  6513.5s 02:45:41] [walk] 205s iters=80000 cur=89 best=89 harv=7634
[  6558.0s 02:46:26] [walk] 250s iters=100000 cur=89 best=89 harv=9449
[  6605.2s 02:47:13] [walk] 297s iters=120000 cur=89 best=89 harv=11357
[  6782.1s 02:50:10] [lns] cross-pollinated 658 masks (pool=4496)
[  6970.1s 02:53:18] [lns] 362s iters=20000 cur=96 best=89 pool=4587 hot=68900 harv=3 peelgain=5613
[  7088.7s 02:55:16] [lns] cross-pollinated 1 masks (pool=4619)
[  7209.2s 02:57:17] [lns] cross-pollinated 5 masks (pool=4651)
[  7255.1s 02:58:03] [walk] 46s iters=20000 cur=89 best=89 harv=1846
[  7304.6s 02:58:52] [walk] 95s iters=40000 cur=89 best=89 harv=3609
[  7356.5s 02:59:44] [walk] 147s iters=60000 cur=89 best=89 harv=5443
[  7403.6s 03:00:31] [walk] 194s iters=80000 cur=89 best=89 harv=7304
[  7452.8s 03:01:21]   NEW BEST 88 gates depth 10 VERIFIED it=99444
[  7452.9s 03:01:21]   NEW BEST 88 gates depth 9 VERIFIED depth-tiebreak it=99515
[  7453.9s 03:01:22] [walk] 245s iters=100000 cur=88 best=88 harv=9110
[  7454.0s 03:01:22]   NEW BEST 88 gates depth 8 VERIFIED depth-tiebreak it=100049
[  7495.1s 03:02:03] [walk] 286s iters=120000 cur=88 best=88 harv=10277
[  7691.3s 03:05:19] [lns] cross-pollinated 697 masks (pool=4415)
[  7908.9s 03:08:57] [lns] 400s iters=20000 cur=96 best=88 pool=4516 hot=67130 harv=5 peelgain=5623
[  7989.9s 03:10:18] [lns] cross-pollinated 2 masks (pool=4540)
[  8110.5s 03:12:18] [lns] cross-pollinated 17 masks (pool=4575)
[  8154.4s 03:13:02] [walk] 44s iters=20000 cur=88 best=88 harv=1268
[  8201.8s 03:13:50] [walk] 91s iters=40000 cur=88 best=88 harv=2315
[  8243.1s 03:14:31] [walk] 133s iters=60000 cur=88 best=88 harv=3441
[  8285.2s 03:15:13] [walk] 175s iters=80000 cur=88 best=88 harv=4553
[  8329.9s 03:15:58] [walk] 219s iters=100000 cur=88 best=88 harv=5458
[  8371.1s 03:16:39] [walk] 261s iters=120000 cur=88 best=88 harv=6328
[  8590.9s 03:20:19] [lns] cross-pollinated 740 masks (pool=4442)
[  8650.8s 03:21:19] [lns] cross-pollinated 3 masks (pool=4471)
[  8769.4s 03:23:17] [lns] 359s iters=20000 cur=93 best=88 pool=4505 hot=69585 harv=2 peelgain=5148
[  8998.7s 03:27:07] [lns] 588s iters=40000 cur=95 best=88 pool=4603 hot=139943 harv=2 peelgain=8930
[  9011.8s 03:27:20] [lns] cross-pollinated 7 masks (pool=4611)
[  9055.0s 03:28:03] [walk] 43s iters=20000 cur=88 best=88 harv=1218
[  9094.9s 03:28:43] [walk] 83s iters=40000 cur=88 best=88 harv=2293
[  9135.7s 03:29:24] [walk] 124s iters=60000 cur=88 best=88 harv=3316
[  9177.4s 03:30:05] [walk] 165s iters=80000 cur=88 best=88 harv=4505
[  9215.2s 03:30:43] [walk] 203s iters=100000 cur=88 best=88 harv=5599
[  9254.9s 03:31:23] [walk] 243s iters=120000 cur=88 best=88 harv=6621
[  9294.2s 03:32:02] [walk] 282s iters=140000 cur=88 best=88 harv=7512
[  9490.8s 03:35:19] [lns] cross-pollinated 740 masks (pool=4471)
[  9552.0s 03:36:20] [lns] cross-pollinated 2 masks (pool=4539)
[  9620.1s 03:37:28] [lns] 308s iters=20000 cur=96 best=88 pool=4565 hot=72045 harv=4 peelgain=4168
[  9891.6s 03:41:59] [lns] 580s iters=40000 cur=94 best=88 pool=4715 hot=140827 harv=10 peelgain=9044
[  9913.2s 03:42:21] [lns] cross-pollinated 3 masks (pool=4728)
[  9953.8s 03:43:02] [walk] 41s iters=20000 cur=88 best=88 harv=1176
[  9996.2s 03:43:44] [walk] 83s iters=40000 cur=88 best=88 harv=2256
[ 10033.1s 03:44:21] [walk] 120s iters=60000 cur=88 best=88 harv=3461
[ 10072.4s 03:45:00] [walk] 159s iters=80000 cur=88 best=88 harv=4761
[ 10114.2s 03:45:42] [walk] 201s iters=100000 cur=88 best=88 harv=5962
[ 10151.5s 03:46:19] [walk] 238s iters=120000 cur=88 best=88 harv=6966
[ 10190.7s 03:46:58] [walk] 277s iters=140000 cur=88 best=88 harv=7816
[ 10397.4s 03:50:25] [lns] cross-pollinated 732 masks (pool=4462)
[ 10549.5s 03:52:57] [lns] 336s iters=20000 cur=93 best=88 pool=4586 hot=66457 harv=1 peelgain=5244
[ 10803.5s 03:57:11] [lns] 590s iters=40000 cur=92 best=88 pool=4744 hot=134080 harv=1 peelgain=10456
[ 10851.1s 03:57:59] [walk] 37s iters=20000 cur=88 best=88 harv=1244
[ 10891.4s 03:58:39] [walk] 77s iters=40000 cur=88 best=88 harv=2288
[ 10929.1s 03:59:17] [walk] 115s iters=60000 cur=88 best=88 harv=3187
[ 10966.5s 03:59:54] [walk] 152s iters=80000 cur=88 best=88 harv=4413
[ 11003.6s 04:00:31] [walk] 189s iters=100000 cur=88 best=88 harv=5550
[ 11043.2s 04:01:11] [walk] 229s iters=120000 cur=88 best=88 harv=6670
[ 11080.8s 04:01:49] [walk] 267s iters=140000 cur=88 best=88 harv=7719
[ 11299.9s 04:05:28] [lns] cross-pollinated 757 masks (pool=4463)
[ 11418.5s 04:07:26] [lns] 304s iters=20000 cur=97 best=88 pool=4504 hot=68885 harv=3 peelgain=4349
[ 11594.9s 04:10:23] [lns] cross-pollinated 1 masks (pool=4580)
[ 11655.5s 04:11:23] [lns] 541s iters=40000 cur=96 best=88 pool=4602 hot=138599 harv=6 peelgain=8536
[ 11755.1s 04:13:03] [walk] 40s iters=20000 cur=88 best=88 harv=1213
[ 11792.2s 04:13:40] [walk] 77s iters=40000 cur=88 best=88 harv=2312
[ 11830.1s 04:14:18] [walk] 115s iters=60000 cur=88 best=88 harv=3403
[ 11869.1s 04:14:57] [walk] 154s iters=80000 cur=88 best=88 harv=4361
[ 11908.1s 04:15:36] [walk] 193s iters=100000 cur=88 best=88 harv=5309
[ 11947.0s 04:16:15] [walk] 232s iters=120000 cur=88 best=88 harv=6417
[ 11984.3s 04:16:52] [walk] 269s iters=140000 cur=88 best=88 harv=7122
[ 12203.7s 04:20:31] [lns] cross-pollinated 736 masks (pool=4521)
[ 12341.7s 04:22:49] [lns] 326s iters=20000 cur=94 best=88 pool=4579 hot=68301 harv=5 peelgain=4850
[ 12556.2s 04:26:24] [lns] 541s iters=40000 cur=95 best=88 pool=4666 hot=139069 harv=5 peelgain=8439
[ 12656.1s 04:28:04] [walk] 40s iters=20000 cur=88 best=88 harv=1256
[ 12694.8s 04:28:43] [walk] 78s iters=40000 cur=88 best=88 harv=2293
[ 12732.5s 04:29:20] [walk] 116s iters=60000 cur=88 best=88 harv=3245
[ 12770.7s 04:29:59] [walk] 154s iters=80000 cur=88 best=88 harv=4263
[ 12809.6s 04:30:37] [walk] 193s iters=100000 cur=88 best=88 harv=5021
[ 12847.1s 04:31:15] [walk] 231s iters=120000 cur=88 best=88 harv=5947
[ 12884.4s 04:31:52] [walk] 268s iters=140000 cur=88 best=88 harv=6923
[ 13108.7s 04:35:37] [lns] cross-pollinated 760 masks (pool=4458)
[ 13275.7s 04:38:24] [lns] 359s iters=20000 cur=98 best=88 pool=4614 hot=68272 harv=5 peelgain=6003
[ 13554.9s 04:43:03] [walk] 37s iters=20000 cur=88 best=88 harv=1203
[ 13592.1s 04:43:40] [walk] 75s iters=40000 cur=88 best=88 harv=2392
[ 13627.5s 04:44:15] [walk] 110s iters=60000 cur=88 best=88 harv=3328
[ 13664.4s 04:44:52] [walk] 147s iters=80000 cur=88 best=88 harv=4376
[ 13700.7s 04:45:29] [walk] 183s iters=100000 cur=88 best=88 harv=5336
[ 13737.3s 04:46:05] [walk] 220s iters=120000 cur=88 best=88 harv=6501
[ 13774.1s 04:46:42] [walk] 256s iters=140000 cur=88 best=88 harv=7433
[ 13808.4s 04:47:16] [walk] 291s iters=160000 cur=88 best=88 harv=8295
[ 14012.4s 04:50:40] [lns] cross-pollinated 717 masks (pool=4533)
[ 14141.8s 04:52:50] [lns] 324s iters=20000 cur=95 best=88 pool=4597 hot=67927 harv=4 peelgain=4770
[ 14397.2s 04:57:05] [lns] 580s iters=40000 cur=94 best=88 pool=4739 hot=137879 harv=7 peelgain=9766
[ 14455.6s 04:58:03] [walk] 37s iters=20000 cur=88 best=88 harv=1211
[ 14491.7s 04:58:39] [walk] 73s iters=40000 cur=88 best=88 harv=2337
[ 14522.9s 04:59:11] [walk] 104s iters=60000 cur=88 best=88 harv=3300
[ 14554.3s 04:59:42] [walk] 136s iters=80000 cur=88 best=88 harv=4160
[ 14584.9s 05:00:13] [walk] 166s iters=100000 cur=88 best=88 harv=4974
[ 14619.3s 05:00:47] [walk] 201s iters=120000 cur=88 best=88 harv=5614
[ 14654.4s 05:01:22] [walk] 236s iters=140000 cur=88 best=88 harv=6284
[ 14691.1s 05:01:59] [walk] 272s iters=160000 cur=88 best=88 harv=6895
[ 14917.2s 05:05:45] [lns] cross-pollinated 742 masks (pool=4481)
[ 15068.1s 05:08:16] [lns] 349s iters=20000 cur=97 best=88 pool=4599 hot=66916 harv=7 peelgain=5407
[ 15300.1s 05:12:08] hunt worker done: best=88@8 iters(last chunk)=39653
