[     0.0s 00:57:08] hunt worker start: engine=alt seed=p88_00_d8_jJean517_jNew743.json rng=4212 total=15300s lns={'kmax': 4, 'kshake': 12, 'snapback': 12, 'nsamp': (12, 12), 'up_prob': 0.5, 'up_slack': 4, 'harvest_path': '../runs_hunt/f1_dist88.pop.jsonl', 'pop_glob': '../runs_hunt/*.pop.jsonl', 'pop_period_s': 120.0, 'repel_file': '../repel_masks.json', 'repel_pen': 1, 'repel_up_p': 0.4} walk={'hub_move_p': 0.3, 'close_hamming': 8, 'repair_one': 40, 'repair_hub': 24, 'plateau_slack_p': 0.15, 'harvest_path': '../runs_hunt/f1_dist88.pop.jsonl', 'repel_file': '../repel_masks.json', 'repel_up_p': 0.4}
[     0.0s 00:57:08]   NEW BEST 88 gates depth 8 VERIFIED 
[     1.2s 00:57:09]   NEW BEST 88 gates depth 7 VERIFIED depth-tiebreak it=600
[    40.6s 00:57:48] [walk] 41s iters=20000 cur=88 best=88 harv=649
[    78.3s 00:58:26] [walk] 78s iters=40000 cur=88 best=88 harv=1426
[   117.5s 00:59:05] [walk] 118s iters=60000 cur=88 best=88 harv=1900
[   156.6s 00:59:44] [walk] 157s iters=80000 cur=88 best=88 harv=2384
[   194.8s 01:00:23] [walk] 195s iters=100000 cur=88 best=88 harv=2879
[   234.6s 01:01:02] [walk] 235s iters=120000 cur=88 best=88 harv=3696
[   272.8s 01:01:41] [walk] 273s iters=140000 cur=88 best=88 harv=4178
[   429.1s 01:04:17] [lns] cross-pollinated 644 masks (pool=4358)
[   640.1s 01:07:48] [lns] 340s iters=20000 cur=92 best=88 pool=4465 hot=63319 harv=4 peelgain=6421
[   947.8s 01:12:56] [walk] 48s iters=20000 cur=88 best=88 harv=771
[   994.5s 01:13:42] [walk] 94s iters=40000 cur=88 best=88 harv=1290
[     0.0s 01:14:26] hunt worker start: engine=alt seed=f1_dist88_best.json rng=6777 total=14264s lns={'kmax': 4, 'kshake': 12, 'snapback': 12, 'nsamp': (12, 12), 'up_prob': 0.5, 'up_slack': 4, 'harvest_path': '../runs_hunt/f1_dist88.pop.jsonl', 'pop_glob': '../runs_hunt/*.pop.jsonl', 'pop_period_s': 120.0, 'repel_file': '../repel_masks.json', 'repel_pen': 1, 'repel_up_p': 0.4} walk={'hub_move_p': 0.3, 'close_hamming': 8, 'repair_one': 40, 'repair_hub': 24, 'plateau_slack_p': 0.15, 'harvest_path': '../runs_hunt/f1_dist88.pop.jsonl', 'repel_file': '../repel_masks.json', 'repel_up_p': 0.4}
[     0.0s 01:14:26]   NEW BEST 88 gates depth 7 VERIFIED 
[    49.2s 01:15:15] [walk] 49s iters=20000 cur=88 best=88 harv=681
[    97.4s 01:16:04] [walk] 97s iters=40000 cur=88 best=88 harv=1390
[   143.5s 01:16:50] [walk] 143s iters=60000 cur=88 best=88 harv=1986
[   190.2s 01:17:36] [walk] 190s iters=80000 cur=88 best=88 harv=2240
[   236.7s 01:18:23] [walk] 237s iters=100000 cur=88 best=88 harv=2571
[   283.3s 01:19:09] [walk] 283s iters=120000 cur=88 best=88 harv=2649
[   300.8s 01:19:27] drift reseed: 88 gates, maxJ_fam=0.743
[   439.9s 01:21:46] [lns] cross-pollinated 739 masks (pool=4455)
[   652.4s 01:25:19] [lns] 352s iters=20000 cur=96 best=88 pool=4588 hot=64454 harv=3 peelgain=5659
[   902.7s 01:29:29] [lns] cross-pollinated 6 masks (pool=4736)
[   902.7s 01:29:29] drift reseed: 88 gates, maxJ_fam=0.743
[   947.1s 01:30:13] [walk] 44s iters=20000 cur=88 best=88 harv=772
[   990.1s 01:30:56] [walk] 87s iters=40000 cur=88 best=88 harv=1533
[  1032.7s 01:31:39] [walk] 130s iters=60000 cur=88 best=88 harv=2148
[  1080.5s 01:32:27] [walk] 178s iters=80000 cur=88 best=88 harv=2593
[  1126.6s 01:33:13] [walk] 224s iters=100000 cur=88 best=88 harv=3132
[  1172.5s 01:33:59] [walk] 270s iters=120000 cur=88 best=88 harv=3355
[  1203.0s 01:34:29] drift reseed: 88 gates, maxJ_fam=0.743
[  1353.9s 01:37:00] [lns] cross-pollinated 787 masks (pool=4547)
[     0.0s 01:39:08] hunt worker start: engine=alt seed=f1_dist88_best.json rng=7777 total=12783s lns={'kmax': 4, 'kshake': 12, 'snapback': 12, 'nsamp': (12, 12), 'up_prob': 0.5, 'up_slack': 4, 'harvest_path': '../runs_hunt/f1_dist88.pop.jsonl', 'pop_glob': '../runs_hunt/*.pop.jsonl', 'pop_period_s': 120.0, 'repel_file': '../repel_masks.json', 'repel_pen': 1, 'repel_up_p': 0.4} walk={'hub_move_p': 0.3, 'close_hamming': 8, 'repair_one': 40, 'repair_hub': 24, 'plateau_slack_p': 0.15, 'harvest_path': '../runs_hunt/f1_dist88.pop.jsonl', 'repel_file': '../repel_masks.json', 'repel_up_p': 0.4}
[     0.0s 01:39:08]   NEW BEST 88 gates depth 7 VERIFIED 
[    44.5s 01:39:52] [walk] 44s iters=20000 cur=88 best=88 harv=882
[    89.4s 01:40:37] [walk] 89s iters=40000 cur=88 best=88 harv=1668
[   137.0s 01:41:25] [walk] 137s iters=60000 cur=88 best=88 harv=2389
[   183.8s 01:42:12] [walk] 184s iters=80000 cur=88 best=88 harv=2925
[   224.4s 01:42:52] [walk] 224s iters=100000 cur=88 best=88 harv=3192
[   266.7s 01:43:35] [walk] 267s iters=120000 cur=88 best=88 harv=3351
[   301.2s 01:44:09] drift reseed: 88 gates, maxJ_fam=0.743
[   454.0s 01:46:42] [lns] cross-pollinated 802 masks (pool=4547)
[   542.1s 01:48:10] [lns] cross-pollinated 1 masks (pool=4611)
[   639.1s 01:49:47] [lns] 338s iters=20000 cur=96 best=88 pool=4671 hot=67367 harv=6 peelgain=5298
[   901.3s 01:54:09] drift reseed: 88 gates, maxJ_fam=0.743
[   937.4s 01:54:45] [walk] 36s iters=20000 cur=88 best=88 harv=824
[   973.9s 01:55:22] [walk] 73s iters=40000 cur=88 best=88 harv=1469
[  1010.1s 01:55:58] [walk] 109s iters=60000 cur=88 best=88 harv=2039
[  1051.4s 01:56:39] [walk] 150s iters=80000 cur=88 best=88 harv=2374
[  1095.1s 01:57:23] [walk] 194s iters=100000 cur=88 best=88 harv=2703
[  1137.7s 01:58:06] [walk] 236s iters=120000 cur=88 best=88 harv=3518
[  1180.2s 01:58:48] [walk] 279s iters=140000 cur=88 best=88 harv=3802
[  1201.6s 01:59:09] drift reseed: 88 gates, maxJ_fam=0.743
[  1363.3s 02:01:51] [lns] cross-pollinated 860 masks (pool=4544)
[  1442.1s 02:03:10] [lns] cross-pollinated 1 masks (pool=4603)
[  1568.1s 02:05:16] [lns] 366s iters=20000 cur=92 best=88 pool=4652 hot=64760 harv=1 peelgain=6014
[  1801.7s 02:09:10] drift reseed: 88 gates, maxJ_fam=0.743
[  1841.0s 02:09:49] [walk] 39s iters=20000 cur=88 best=88 harv=592
[  1879.7s 02:10:28] [walk] 78s iters=40000 cur=88 best=88 harv=1403
[  1918.6s 02:11:06] [walk] 117s iters=60000 cur=88 best=88 harv=2007
[  1962.2s 02:11:50] [walk] 161s iters=80000 cur=88 best=88 harv=2525
[  2009.4s 02:12:37] [walk] 208s iters=100000 cur=88 best=88 harv=3019
[  2054.9s 02:13:23] [walk] 253s iters=120000 cur=88 best=88 harv=3294
[  2102.0s 02:14:10] drift reseed: 88 gates, maxJ_fam=0.743
[  2278.3s 02:17:06] [lns] cross-pollinated 904 masks (pool=4608)
[  2342.5s 02:18:10] [lns] cross-pollinated 21 masks (pool=4648)
[  2522.2s 02:21:10] [lns] 420s iters=20000 cur=97 best=88 pool=4755 hot=64257 harv=4 peelgain=5718
[  2702.2s 02:24:10] drift reseed: 88 gates, maxJ_fam=0.743
[  2746.4s 02:24:54] [walk] 44s iters=20000 cur=88 best=88 harv=615
[  2803.6s 02:25:51] [walk] 101s iters=40000 cur=88 best=88 harv=1254
[  2859.4s 02:26:47] [walk] 157s iters=60000 cur=88 best=88 harv=1975
[  2923.5s 02:27:51] [walk] 221s iters=80000 cur=88 best=88 harv=2583
[  2971.9s 02:28:40] [walk] 270s iters=100000 cur=88 best=88 harv=2850
[  3002.4s 02:29:10] drift reseed: 88 gates, maxJ_fam=0.743
[  3185.4s 02:32:13] [lns] cross-pollinated 975 masks (pool=4642)
[  3242.8s 02:33:11] [lns] cross-pollinated 4 masks (pool=4699)
[  3358.3s 02:35:06] [lns] 356s iters=20000 cur=97 best=88 pool=4742 hot=69040 harv=2 peelgain=3896
[  3602.5s 02:39:10] drift reseed: 88 gates, maxJ_fam=0.743
[  3643.9s 02:39:52] [walk] 41s iters=20000 cur=88 best=88 harv=795
[  3685.3s 02:40:33] [walk] 83s iters=40000 cur=88 best=88 harv=1402
[  3724.2s 02:41:12] [walk] 122s iters=60000 cur=88 best=88 harv=2000
[  3764.3s 02:41:52] [walk] 162s iters=80000 cur=88 best=88 harv=2414
[  3805.8s 02:42:34] [walk] 203s iters=100000 cur=88 best=88 harv=2864
[  3846.9s 02:43:15] [walk] 244s iters=120000 cur=88 best=88 harv=3082
[  3892.7s 02:44:01] [walk] 290s iters=140000 cur=88 best=88 harv=3602
[  3902.7s 02:44:11] drift reseed: 88 gates, maxJ_fam=0.743
[  4080.7s 02:47:09] [lns] cross-pollinated 957 masks (pool=4716)
[  4284.6s 02:50:32] [lns] 382s iters=20000 cur=92 best=88 pool=4835 hot=63317 harv=2 peelgain=5814
[     0.0s 02:51:17] hunt worker start: engine=alt seed=frontier88_seed.json rng=9111 total=8452s lns={'kmax': 4, 'kshake': 12, 'snapback': 12, 'nsamp': (12, 12), 'up_prob': 0.5, 'up_slack': 4, 'harvest_path': '../runs_hunt/f1_dist88.pop.jsonl', 'pop_glob': '../runs_hunt/*.pop.jsonl', 'pop_period_s': 120.0, 'repel_file': '../repel_masks.json', 'repel_pen': 3, 'repel_up_p': 0.1} walk={'hub_move_p': 0.3, 'close_hamming': 8, 'repair_one': 40, 'repair_hub': 24, 'plateau_slack_p': 0.15, 'harvest_path': '../runs_hunt/f1_dist88.pop.jsonl', 'repel_file': '../repel_masks.json', 'repel_up_p': 0.1}
[     0.0s 02:51:17]   NEW BEST 88 gates depth 8 VERIFIED 
[     2.6s 02:51:19]   NEW BEST 88 gates depth 7 VERIFIED depth-tiebreak it=1034
[    43.9s 02:52:00] [walk] 44s iters=20000 cur=88 best=88 harv=355
[    84.5s 02:52:41] [walk] 84s iters=40000 cur=88 best=88 harv=473
[   125.7s 02:53:22] [walk] 126s iters=60000 cur=88 best=88 harv=513
[   165.4s 02:54:02] [walk] 165s iters=80000 cur=88 best=88 harv=559
[   207.9s 02:54:44] [walk] 208s iters=100000 cur=88 best=88 harv=591
[   248.8s 02:55:25] [walk] 249s iters=120000 cur=88 best=88 harv=615
[   302.5s 02:56:19] drift reseed: 88 gates, maxJ_fam=0.743
[   487.7s 02:59:24] [lns] cross-pollinated 965 masks (pool=4748)
[   543.9s 03:00:20] [lns] cross-pollinated 1 masks (pool=4787)
[   664.0s 03:02:21] [lns] cross-pollinated 17 masks (pool=4843)
[   689.0s 03:02:46] [lns] 386s iters=20000 cur=95 best=88 pool=4843 hot=61305 harv=2 peelgain=5224
[   902.6s 03:06:19] drift reseed: 88 gates, maxJ_fam=0.743
[   944.2s 03:07:01] [walk] 42s iters=20000 cur=88 best=88 harv=273
[   991.0s 03:07:48] [walk] 88s iters=40000 cur=88 best=88 harv=373
[  1035.6s 03:08:32] [walk] 133s iters=60000 cur=88 best=88 harv=425
[  1080.2s 03:09:17] [walk] 178s iters=80000 cur=88 best=88 harv=500
[  1121.8s 03:09:58] [walk] 219s iters=100000 cur=88 best=88 harv=559
[  1167.9s 03:10:44] [walk] 265s iters=120000 cur=88 best=88 harv=585
[  1202.6s 03:11:19] drift reseed: 88 gates, maxJ_fam=0.743
[  1394.2s 03:14:31] [lns] cross-pollinated 1004 masks (pool=4742)
[  1660.5s 03:18:57] [lns] 458s iters=20000 cur=95 best=88 pool=4881 hot=59934 harv=2 peelgain=6454
[  1803.0s 03:21:19] drift reseed: 88 gates, maxJ_fam=0.743
[  1845.6s 03:22:02] [walk] 43s iters=20000 cur=88 best=88 harv=285
[  1883.4s 03:22:40] [walk] 80s iters=40000 cur=88 best=88 harv=436
[  1926.4s 03:23:23] [walk] 123s iters=60000 cur=88 best=88 harv=524
[  1966.2s 03:24:03] [walk] 163s iters=80000 cur=88 best=88 harv=582
[  2004.5s 03:24:41] [walk] 202s iters=100000 cur=88 best=88 harv=611
[  2049.1s 03:25:26] [walk] 246s iters=120000 cur=88 best=88 harv=657
[  2089.3s 03:26:06] [walk] 286s iters=140000 cur=88 best=88 harv=683
[  2103.0s 03:26:20] drift reseed: 88 gates, maxJ_fam=0.743
[  2289.0s 03:29:26] [lns] cross-pollinated 989 masks (pool=4782)
[  2537.2s 03:33:34] [lns] 434s iters=20000 cur=92 best=88 pool=4880 hot=58183 harv=2 peelgain=6940
[  2703.1s 03:36:20] [lns] cross-pollinated 2 masks (pool=4951)
[  2703.2s 03:36:20] drift reseed: 88 gates, maxJ_fam=0.743
[  2742.5s 03:36:59] [walk] 39s iters=20000 cur=88 best=88 harv=225
[  2781.3s 03:37:38] [walk] 78s iters=40000 cur=88 best=88 harv=406
[  2817.7s 03:38:14] [walk] 115s iters=60000 cur=88 best=88 harv=467
[  2856.2s 03:38:53] [walk] 153s iters=80000 cur=88 best=88 harv=518
[  2895.0s 03:39:32] [walk] 192s iters=100000 cur=88 best=88 harv=567
[  2934.8s 03:40:11] [walk] 232s iters=120000 cur=88 best=88 harv=624
[  2972.8s 03:40:49] [walk] 270s iters=140000 cur=88 best=88 harv=719
[  3003.2s 03:41:20] drift reseed: 88 gates, maxJ_fam=0.743
[  3192.1s 03:44:29] [lns] cross-pollinated 1005 masks (pool=4761)
[  3384.6s 03:47:41] [lns] 381s iters=20000 cur=95 best=88 pool=4876 hot=59517 harv=4 peelgain=5614
[  3603.5s 03:51:20] drift reseed: 88 gates, maxJ_fam=0.743
[  3640.7s 03:51:57] [walk] 37s iters=20000 cur=88 best=88 harv=260
[  3678.0s 03:52:35] [walk] 75s iters=40000 cur=88 best=88 harv=408
[  3715.3s 03:53:12] [walk] 112s iters=60000 cur=88 best=88 harv=489
[  3752.5s 03:53:49] [walk] 149s iters=80000 cur=88 best=88 harv=525
[  3790.2s 03:54:27] [walk] 187s iters=100000 cur=88 best=88 harv=575
[  3827.2s 03:55:04] [walk] 224s iters=120000 cur=88 best=88 harv=617
[  3864.5s 03:55:41] [walk] 261s iters=140000 cur=88 best=88 harv=707
[  3901.5s 03:56:18] [walk] 298s iters=160000 cur=88 best=88 harv=719
[  3903.6s 03:56:20] drift reseed: 88 gates, maxJ_fam=0.743
[  4091.4s 03:59:28] [lns] cross-pollinated 998 masks (pool=4789)
[  4298.1s 04:02:55] [lns] 395s iters=20000 cur=93 best=88 pool=4913 hot=59036 harv=11 peelgain=6387
[  4503.8s 04:06:20] drift reseed: 88 gates, maxJ_fam=0.743
[  4540.3s 04:06:57] [walk] 36s iters=20000 cur=88 best=88 harv=219
[  4575.8s 04:07:32] [walk] 72s iters=40000 cur=88 best=88 harv=367
[  4615.2s 04:08:12] [walk] 111s iters=60000 cur=88 best=88 harv=433
[  4652.2s 04:08:49] [walk] 148s iters=80000 cur=88 best=88 harv=497
[  4689.5s 04:09:26] [walk] 186s iters=100000 cur=88 best=88 harv=529
[  4724.8s 04:10:01] [walk] 221s iters=120000 cur=88 best=88 harv=580
[  4763.1s 04:10:40] [walk] 259s iters=140000 cur=88 best=88 harv=599
[  4801.5s 04:11:18] [walk] 298s iters=160000 cur=88 best=88 harv=634
[  4803.9s 04:11:20] drift reseed: 88 gates, maxJ_fam=0.743
[  4997.7s 04:14:34] [lns] cross-pollinated 1043 masks (pool=4766)
[  5166.9s 04:17:23] [lns] 363s iters=20000 cur=97 best=88 pool=4874 hot=61645 harv=1 peelgain=5422
[  5404.2s 04:21:21] drift reseed: 88 gates, maxJ_fam=0.743
[  5442.1s 04:21:59] [walk] 38s iters=20000 cur=88 best=88 harv=326
[  5478.6s 04:22:35] [walk] 74s iters=40000 cur=88 best=88 harv=657
[  5516.0s 04:23:13] [walk] 112s iters=60000 cur=88 best=88 harv=713
[  5554.2s 04:23:51] [walk] 150s iters=80000 cur=88 best=88 harv=911
[  5592.0s 04:24:29] [walk] 188s iters=100000 cur=88 best=88 harv=1040
[  5630.1s 04:25:07] [walk] 226s iters=120000 cur=88 best=88 harv=1111
[  5666.4s 04:25:43] [walk] 262s iters=140000 cur=88 best=88 harv=1194
[  5704.3s 04:26:21] drift reseed: 88 gates, maxJ_fam=0.743
[  5902.8s 04:29:39] [lns] cross-pollinated 1014 masks (pool=4791)
[  6111.4s 04:33:08] [lns] 407s iters=20000 cur=93 best=88 pool=4866 hot=58812 harv=7 peelgain=6301
[  6304.6s 04:36:21] drift reseed: 88 gates, maxJ_fam=0.743
[  6334.9s 04:36:51] [walk] 30s iters=20000 cur=88 best=88 harv=309
[  6368.2s 04:37:25] [walk] 64s iters=40000 cur=88 best=88 harv=427
[  6399.5s 04:37:56] [walk] 95s iters=60000 cur=88 best=88 harv=494
[  6432.5s 04:38:29] [walk] 128s iters=80000 cur=88 best=88 harv=554
[  6464.5s 04:39:01] [walk] 160s iters=100000 cur=88 best=88 harv=573
[  6495.7s 04:39:32] [walk] 191s iters=120000 cur=88 best=88 harv=618
[  6533.1s 04:40:10] [walk] 228s iters=140000 cur=88 best=88 harv=652
[  6567.2s 04:40:44] [walk] 263s iters=160000 cur=88 best=88 harv=679
[  6603.4s 04:41:20] [walk] 299s iters=180000 cur=88 best=88 harv=827
[  6604.6s 04:41:21] drift reseed: 88 gates, maxJ_fam=0.743
[  6806.9s 04:44:43] [lns] cross-pollinated 1026 masks (pool=4788)
[  6979.6s 04:47:36] [lns] 375s iters=20000 cur=94 best=88 pool=4896 hot=58995 harv=2 peelgain=5910
[  7204.9s 04:51:21] drift reseed: 88 gates, maxJ_fam=0.743
[  7240.9s 04:51:57] [walk] 36s iters=20000 cur=88 best=88 harv=256
[  7277.2s 04:52:34] [walk] 72s iters=40000 cur=88 best=88 harv=405
[  7313.4s 04:53:10] [walk] 109s iters=60000 cur=88 best=88 harv=476
[  7349.3s 04:53:46] [walk] 144s iters=80000 cur=88 best=88 harv=518
[  7382.9s 04:54:19] [walk] 178s iters=100000 cur=88 best=88 harv=539
[  7419.1s 04:54:56] [walk] 214s iters=120000 cur=88 best=88 harv=618
[  7455.4s 04:55:32] [walk] 250s iters=140000 cur=88 best=88 harv=643
[  7491.9s 04:56:08] [walk] 287s iters=160000 cur=88 best=88 harv=715
[  7504.9s 04:56:21] drift reseed: 88 gates, maxJ_fam=0.743
[  7695.1s 04:59:32] [lns] cross-pollinated 1025 masks (pool=4768)
[  7869.7s 05:02:26] [lns] 365s iters=20000 cur=94 best=88 pool=4891 hot=60437 harv=1 peelgain=6312
[  8105.1s 05:06:22] drift reseed: 88 gates, maxJ_fam=0.743
[  8139.3s 05:06:56] [walk] 34s iters=20000 cur=88 best=88 harv=270
[  8175.2s 05:07:32] [walk] 70s iters=40000 cur=88 best=88 harv=343
[  8211.2s 05:08:08] [walk] 106s iters=60000 cur=88 best=88 harv=427
[  8247.2s 05:08:44] [walk] 142s iters=80000 cur=88 best=88 harv=475
[  8283.8s 05:09:20] [walk] 179s iters=100000 cur=88 best=88 harv=545
[  8316.0s 05:09:53] [walk] 211s iters=120000 cur=88 best=88 harv=681
[  8346.4s 05:10:23] [walk] 241s iters=140000 cur=88 best=88 harv=696
[  8377.0s 05:10:54] [walk] 272s iters=160000 cur=88 best=88 harv=720
[  8405.2s 05:11:22] drift reseed: 88 gates, maxJ_fam=0.743
[  8452.0s 05:12:09] drift reseed: 88 gates, maxJ_fam=0.743
[  8452.0s 05:12:09] hunt worker done: best=88@7 iters(last chunk)=3627
