[     0.0s 03:09:21] hunt worker start: engine=walk seed=BREAKTHROUGH_88gates_depth8_THIRDFAMILY.json rng=9503 total=7369s lns={'kmax': 4, 'kshake': 12, 'snapback': 12, 'nsamp': (12, 12), 'up_prob': 0.5, 'up_slack': 4, 'harvest_path': '../runs_hunt/n3_walk.pop.jsonl', 'pop_glob': '../runs_hunt/*.pop.jsonl', 'pop_period_s': 120.0} walk={'hub_move_p': 0.3, 'close_hamming': 8, 'repair_one': 40, 'repair_hub': 24, 'plateau_slack_p': 0.15, 'harvest_path': '../runs_hunt/n3_walk.pop.jsonl'}
[     0.0s 03:09:21]   NEW BEST 88 gates depth 8 VERIFIED 
[    40.5s 03:10:01] [walk] 41s iters=20000 cur=88 best=88 harv=1243
[    83.3s 03:10:44] [walk] 83s iters=40000 cur=88 best=88 harv=2455
[   131.6s 03:11:32] [walk] 132s iters=60000 cur=88 best=88 harv=3574
[   178.7s 03:12:20] [walk] 179s iters=80000 cur=88 best=88 harv=4678
[   219.6s 03:13:00] [walk] 220s iters=100000 cur=88 best=88 harv=5674
[   263.2s 03:13:44] [walk] 263s iters=120000 cur=88 best=88 harv=6641
[   310.6s 03:14:31] [walk] 311s iters=140000 cur=88 best=88 harv=7550
[   357.4s 03:15:18] [walk] 357s iters=160000 cur=88 best=88 harv=8710
[   408.3s 03:16:09] [walk] 408s iters=180000 cur=88 best=88 harv=9762
[   454.8s 03:16:56] [walk] 455s iters=200000 cur=88 best=88 harv=10616
[   500.2s 03:17:41] [walk] 500s iters=220000 cur=88 best=88 harv=11412
[   552.2s 03:18:33] [walk] 552s iters=240000 cur=88 best=88 harv=12097
[   643.1s 03:20:04] [walk] 43s iters=20000 cur=88 best=88 harv=1144
[   684.7s 03:20:46] [walk] 85s iters=40000 cur=88 best=88 harv=2258
[   730.3s 03:21:31] [walk] 130s iters=60000 cur=88 best=88 harv=3338
[   768.9s 03:22:10] [walk] 169s iters=80000 cur=88 best=88 harv=4241
[   809.4s 03:22:50] [walk] 209s iters=100000 cur=88 best=88 harv=5047
[   853.2s 03:23:34] [walk] 253s iters=120000 cur=88 best=88 harv=5796
[   891.1s 03:24:12] [walk] 291s iters=140000 cur=88 best=88 harv=6461
[   931.3s 03:24:52] [walk] 331s iters=160000 cur=88 best=88 harv=7022
[   976.0s 03:25:37] [walk] 376s iters=180000 cur=88 best=88 harv=8116
[  1014.0s 03:26:15] [walk] 414s iters=200000 cur=88 best=88 harv=9174
[  1055.1s 03:26:56] [walk] 455s iters=220000 cur=88 best=88 harv=10226
[  1097.1s 03:27:38] [walk] 497s iters=240000 cur=88 best=88 harv=11211
[  1139.5s 03:28:20] [walk] 539s iters=260000 cur=88 best=88 harv=11958
[  1180.6s 03:29:01] [walk] 581s iters=280000 cur=88 best=88 harv=12926
[  1241.4s 03:30:02] [walk] 41s iters=20000 cur=88 best=88 harv=1112
[  1279.9s 03:30:41] [walk] 80s iters=40000 cur=88 best=88 harv=2181
[  1319.4s 03:31:20] [walk] 119s iters=60000 cur=88 best=88 harv=3054
[  1359.6s 03:32:00] [walk] 159s iters=80000 cur=88 best=88 harv=3945
[  1399.5s 03:32:40] [walk] 199s iters=100000 cur=88 best=88 harv=4764
[  1440.4s 03:33:21] [walk] 240s iters=120000 cur=88 best=88 harv=5356
[  1479.3s 03:34:00] [walk] 279s iters=140000 cur=88 best=88 harv=5938
[  1518.3s 03:34:39] [walk] 318s iters=160000 cur=88 best=88 harv=6552
[  1555.4s 03:35:16] [walk] 355s iters=180000 cur=88 best=88 harv=6970
[  1594.2s 03:35:55] [walk] 394s iters=200000 cur=88 best=88 harv=7426
[  1635.3s 03:36:36] [walk] 435s iters=220000 cur=88 best=88 harv=7906
[  1672.0s 03:37:13] [walk] 472s iters=240000 cur=88 best=88 harv=8242
[  1710.9s 03:37:52] [walk] 511s iters=260000 cur=88 best=88 harv=8616
[  1750.3s 03:38:31] [walk] 550s iters=280000 cur=88 best=88 harv=9180
[  1789.7s 03:39:11] [walk] 590s iters=300000 cur=88 best=88 harv=9555
[  1840.7s 03:40:02] [walk] 41s iters=20000 cur=88 best=88 harv=1305
[  1881.5s 03:40:42] [walk] 81s iters=40000 cur=88 best=88 harv=2394
[  1919.0s 03:41:20] [walk] 119s iters=60000 cur=88 best=88 harv=3425
[  1958.1s 03:41:59] [walk] 158s iters=80000 cur=88 best=88 harv=4378
[  1998.4s 03:42:39] [walk] 198s iters=100000 cur=88 best=88 harv=5451
[  2038.9s 03:43:20] [walk] 239s iters=120000 cur=88 best=88 harv=6632
[  2078.2s 03:43:59] [walk] 278s iters=140000 cur=88 best=88 harv=7646
[  2117.5s 03:44:38] [walk] 317s iters=160000 cur=88 best=88 harv=8678
[  2156.2s 03:45:17] [walk] 356s iters=180000 cur=88 best=88 harv=9450
[  2196.2s 03:45:57] [walk] 396s iters=200000 cur=88 best=88 harv=10581
[  2235.0s 03:46:36] [walk] 435s iters=220000 cur=88 best=88 harv=11781
[  2274.0s 03:47:15] [walk] 474s iters=240000 cur=88 best=88 harv=12754
[  2310.9s 03:47:52] [walk] 511s iters=260000 cur=88 best=88 harv=13753
[  2350.8s 03:48:32] [walk] 551s iters=280000 cur=88 best=88 harv=14673
[  2389.5s 03:49:10] [walk] 589s iters=300000 cur=88 best=88 harv=15375
[  2438.5s 03:49:59] [walk] 38s iters=20000 cur=88 best=88 harv=1221
[  2477.6s 03:50:39] [walk] 77s iters=40000 cur=88 best=88 harv=2317
[  2518.1s 03:51:19] [walk] 118s iters=60000 cur=88 best=88 harv=3275
[  2556.8s 03:51:58] [walk] 157s iters=80000 cur=88 best=88 harv=4205
[  2594.4s 03:52:35] [walk] 194s iters=100000 cur=88 best=88 harv=5316
[  2632.0s 03:53:13] [walk] 232s iters=120000 cur=88 best=88 harv=6254
[  2670.1s 03:53:51] [walk] 270s iters=140000 cur=88 best=88 harv=7535
[  2708.4s 03:54:29] [walk] 308s iters=160000 cur=88 best=88 harv=8398
[  2746.6s 03:55:08] [walk] 346s iters=180000 cur=88 best=88 harv=9226
[  2784.2s 03:55:45] [walk] 384s iters=200000 cur=88 best=88 harv=9927
[  2822.0s 03:56:23] [walk] 422s iters=220000 cur=88 best=88 harv=10394
[  2858.0s 03:56:59] [walk] 458s iters=240000 cur=88 best=88 harv=11028
[  2896.1s 03:57:37] [walk] 496s iters=260000 cur=88 best=88 harv=11577
[  2936.6s 03:58:17] [walk] 536s iters=280000 cur=88 best=88 harv=12162
[  2974.7s 03:58:56] [walk] 575s iters=300000 cur=88 best=88 harv=13227
[  3035.8s 03:59:57] [walk] 36s iters=20000 cur=88 best=88 harv=1251
[  3075.8s 04:00:37] [walk] 76s iters=40000 cur=88 best=88 harv=2409
[  3115.5s 04:01:16] [walk] 115s iters=60000 cur=88 best=88 harv=3616
[  3153.2s 04:01:54] [walk] 153s iters=80000 cur=88 best=88 harv=4793
[  3188.7s 04:02:30] [walk] 188s iters=100000 cur=88 best=88 harv=5724
[  3227.5s 04:03:08] [walk] 227s iters=120000 cur=88 best=88 harv=6667
[  3265.3s 04:03:46] [walk] 265s iters=140000 cur=88 best=88 harv=7496
[  3303.1s 04:04:24] [walk] 303s iters=160000 cur=88 best=88 harv=8428
[  3338.9s 04:05:00] [walk] 339s iters=180000 cur=88 best=88 harv=9527
[  3376.8s 04:05:38] [walk] 377s iters=200000 cur=88 best=88 harv=10457
[  3415.6s 04:06:16] [walk] 415s iters=220000 cur=88 best=88 harv=11406
[  3453.6s 04:06:54] [walk] 453s iters=240000 cur=88 best=88 harv=12532
[  3489.5s 04:07:30] [walk] 489s iters=260000 cur=88 best=88 harv=13448
[  3529.6s 04:08:10] [walk] 529s iters=280000 cur=88 best=88 harv=14163
[  3567.1s 04:08:48] [walk] 567s iters=300000 cur=88 best=88 harv=14846
[  3638.2s 04:09:59] [walk] 38s iters=20000 cur=88 best=88 harv=1242
[  3675.0s 04:10:36] [walk] 75s iters=40000 cur=88 best=88 harv=2355
[  3714.0s 04:11:15] [walk] 114s iters=60000 cur=88 best=88 harv=3499
[  3751.7s 04:11:53] [walk] 151s iters=80000 cur=88 best=88 harv=4619
[  3790.8s 04:12:32] [walk] 191s iters=100000 cur=88 best=88 harv=5705
[  3830.1s 04:13:11] [walk] 230s iters=120000 cur=88 best=88 harv=6776
[  3867.8s 04:13:49] [walk] 268s iters=140000 cur=88 best=88 harv=7785
[  3906.0s 04:14:27] [walk] 306s iters=160000 cur=88 best=88 harv=8841
[  3943.6s 04:15:04] [walk] 343s iters=180000 cur=88 best=88 harv=9731
[  3984.5s 04:15:45] [walk] 384s iters=200000 cur=88 best=88 harv=10594
[  4022.4s 04:16:23] [walk] 422s iters=220000 cur=88 best=88 harv=11286
[  4060.1s 04:17:01] [walk] 460s iters=240000 cur=88 best=88 harv=11878
[  4095.6s 04:17:36] [walk] 495s iters=260000 cur=88 best=88 harv=12584
[  4133.3s 04:18:14] [walk] 533s iters=280000 cur=88 best=88 harv=13280
[  4173.5s 04:18:54] [walk] 573s iters=300000 cur=88 best=88 harv=13936
[  4237.8s 04:19:59] [walk] 37s iters=20000 cur=88 best=88 harv=1261
[  4274.0s 04:20:35] [walk] 74s iters=40000 cur=88 best=88 harv=2371
[  4311.9s 04:21:13] [walk] 112s iters=60000 cur=88 best=88 harv=3303
[  4350.7s 04:21:52] [walk] 150s iters=80000 cur=88 best=88 harv=4450
[  4389.2s 04:22:30] [walk] 189s iters=100000 cur=88 best=88 harv=5628
[  4425.6s 04:23:06] [walk] 225s iters=120000 cur=88 best=88 harv=6759
[  4464.9s 04:23:46] [walk] 265s iters=140000 cur=88 best=88 harv=7898
[  4503.5s 04:24:24] [walk] 303s iters=160000 cur=88 best=88 harv=8756
[  4542.3s 04:25:03] [walk] 342s iters=180000 cur=88 best=88 harv=9543
[  4579.4s 04:25:40] [walk] 379s iters=200000 cur=88 best=88 harv=10462
[  4618.7s 04:26:20] [walk] 418s iters=220000 cur=88 best=88 harv=11317
[  4656.4s 04:26:57] [walk] 456s iters=240000 cur=88 best=88 harv=12130
[  4694.1s 04:27:35] [walk] 494s iters=260000 cur=88 best=88 harv=12839
[  4732.0s 04:28:13] [walk] 532s iters=280000 cur=88 best=88 harv=13714
[  4771.9s 04:28:53] [walk] 572s iters=300000 cur=88 best=88 harv=14384
[  4838.3s 04:29:59] [walk] 38s iters=20000 cur=88 best=88 harv=1168
[  4876.7s 04:30:38] [walk] 76s iters=40000 cur=88 best=88 harv=2335
[  4913.7s 04:31:15] [walk] 113s iters=60000 cur=88 best=88 harv=3392
[  4951.4s 04:31:52] [walk] 151s iters=80000 cur=88 best=88 harv=4228
[  4989.9s 04:32:31] [walk] 190s iters=100000 cur=88 best=88 harv=5085
[  5027.2s 04:33:08] [walk] 227s iters=120000 cur=88 best=88 harv=6065
[  5062.4s 04:33:43] [walk] 262s iters=140000 cur=88 best=88 harv=7022
[  5100.0s 04:34:21] [walk] 300s iters=160000 cur=88 best=88 harv=8184
[  5137.8s 04:34:59] [walk] 337s iters=180000 cur=88 best=88 harv=9284
[  5175.6s 04:35:36] [walk] 375s iters=200000 cur=88 best=88 harv=10408
[  5209.4s 04:36:10] [walk] 409s iters=220000 cur=88 best=88 harv=11296
[  5241.4s 04:36:42] [walk] 441s iters=240000 cur=88 best=88 harv=12179
[  5274.0s 04:37:15] [walk] 474s iters=260000 cur=88 best=88 harv=12853
[  5306.0s 04:37:47] [walk] 506s iters=280000 cur=88 best=88 harv=13416
[  5338.5s 04:38:19] [walk] 538s iters=300000 cur=88 best=88 harv=13932
[  5370.7s 04:38:52] [walk] 570s iters=320000 cur=88 best=88 harv=14360
[  5436.0s 04:39:57] [walk] 36s iters=20000 cur=88 best=88 harv=1239
[  5474.3s 04:40:35] [walk] 74s iters=40000 cur=88 best=88 harv=2260
[  5511.5s 04:41:12] [walk] 111s iters=60000 cur=88 best=88 harv=3470
[  5546.6s 04:41:47] [walk] 146s iters=80000 cur=88 best=88 harv=4683
[  5583.7s 04:42:25] [walk] 183s iters=100000 cur=88 best=88 harv=5918
[  5620.6s 04:43:01] [walk] 220s iters=120000 cur=88 best=88 harv=6951
[  5657.7s 04:43:39] [walk] 257s iters=140000 cur=88 best=88 harv=7867
[  5693.1s 04:44:14] [walk] 293s iters=160000 cur=88 best=88 harv=8615
[  5729.9s 04:44:51] [walk] 330s iters=180000 cur=88 best=88 harv=9418
[  5766.7s 04:45:28] [walk] 366s iters=200000 cur=88 best=88 harv=10495
[  5803.4s 04:46:04] [walk] 403s iters=220000 cur=88 best=88 harv=11524
[  5840.7s 04:46:42] [walk] 440s iters=240000 cur=88 best=88 harv=12533
[  5875.5s 04:47:16] [walk] 475s iters=260000 cur=88 best=88 harv=13400
[  5912.5s 04:47:53] [walk] 512s iters=280000 cur=88 best=88 harv=14160
[  5949.7s 04:48:31] [walk] 549s iters=300000 cur=88 best=88 harv=14834
[  5986.7s 04:49:08] [walk] 586s iters=320000 cur=88 best=88 harv=15421
[  6037.5s 04:49:58] [walk] 37s iters=20000 cur=88 best=88 harv=1269
[  6074.6s 04:50:35] [walk] 74s iters=40000 cur=88 best=88 harv=2403
[  6111.7s 04:51:13] [walk] 111s iters=60000 cur=88 best=88 harv=3488
[  6146.6s 04:51:47] [walk] 146s iters=80000 cur=88 best=88 harv=4448
[  6183.4s 04:52:24] [walk] 183s iters=100000 cur=88 best=88 harv=5205
[  6220.5s 04:53:01] [walk] 220s iters=120000 cur=88 best=88 harv=5856
[  6257.3s 04:53:38] [walk] 257s iters=140000 cur=88 best=88 harv=6740
[  6294.2s 04:54:15] [walk] 294s iters=160000 cur=88 best=88 harv=7298
[  6329.4s 04:54:50] [walk] 329s iters=180000 cur=88 best=88 harv=8192
[  6366.3s 04:55:27] [walk] 366s iters=200000 cur=88 best=88 harv=9362
[  6403.0s 04:56:04] [walk] 403s iters=220000 cur=88 best=88 harv=10373
[  6439.6s 04:56:40] [walk] 439s iters=240000 cur=88 best=88 harv=11291
[  6476.6s 04:57:17] [walk] 476s iters=260000 cur=88 best=88 harv=11914
[  6511.0s 04:57:52] [walk] 511s iters=280000 cur=88 best=88 harv=12957
[  6547.5s 04:58:28] [walk] 547s iters=300000 cur=88 best=88 harv=13634
[  6579.3s 04:59:00] [walk] 579s iters=320000 cur=88 best=88 harv=13948
[  6631.4s 04:59:52] [walk] 31s iters=20000 cur=88 best=88 harv=1128
[  6662.4s 05:00:23] [walk] 62s iters=40000 cur=88 best=88 harv=2322
[  6698.9s 05:01:00] [walk] 98s iters=60000 cur=88 best=88 harv=3354
[  6736.2s 05:01:37] [walk] 136s iters=80000 cur=88 best=88 harv=4643
[  6773.5s 05:02:14] [walk] 173s iters=100000 cur=88 best=88 harv=5848
[  6810.3s 05:02:51] [walk] 210s iters=120000 cur=88 best=88 harv=6925
[  6845.0s 05:03:26] [walk] 245s iters=140000 cur=88 best=88 harv=8009
[  6881.6s 05:04:02] [walk] 281s iters=160000 cur=88 best=88 harv=8895
[  6918.1s 05:04:39] [walk] 318s iters=180000 cur=88 best=88 harv=9772
[  6954.6s 05:05:15] [walk] 354s iters=200000 cur=88 best=88 harv=10380
[  6991.3s 05:05:52] [walk] 391s iters=220000 cur=88 best=88 harv=11008
[  7025.9s 05:06:27] [walk] 425s iters=240000 cur=88 best=88 harv=11842
[  7062.9s 05:07:04] [walk] 462s iters=260000 cur=88 best=88 harv=12759
[  7100.0s 05:07:41] [walk] 500s iters=280000 cur=88 best=88 harv=13465
[  7136.6s 05:08:17] [walk] 536s iters=300000 cur=88 best=88 harv=14050
[  7170.9s 05:08:52] [walk] 570s iters=320000 cur=88 best=88 harv=15076
[  7232.6s 05:09:54] [walk] 32s iters=20000 cur=88 best=88 harv=1213
[  7263.6s 05:10:24] [walk] 63s iters=40000 cur=88 best=88 harv=2286
[  7294.4s 05:10:55] [walk] 94s iters=60000 cur=88 best=88 harv=3361
[  7324.5s 05:11:25] [walk] 124s iters=80000 cur=88 best=88 harv=4269
[  7356.0s 05:11:57] [walk] 155s iters=100000 cur=88 best=88 harv=5283
[  7369.0s 05:12:10] hunt worker done: best=88@8 iters(last chunk)=107866
