[     0.0s 00:57:08] hunt worker start: engine=alt seed=BEST_90gates_depth7_rho2symmetric_basin2.json rng=3505 total=15300s lns={'kmax': 4, 'kshake': 12, 'snapback': 12, 'nsamp': (12, 12), 'up_prob': 0.5, 'up_slack': 4, 'harvest_path': '../runs_hunt/d5_orb90bfr.pop.jsonl', 'pop_glob': '../runs_hunt/*.pop.jsonl', 'pop_period_s': 120.0} walk={'hub_move_p': 0.3, 'close_hamming': 8, 'repair_one': 40, 'repair_hub': 24, 'plateau_slack_p': 0.15, 'harvest_path': '../runs_hunt/d5_orb90bfr.pop.jsonl'}
[     0.0s 00:57:08]   NEW BEST 90 gates depth 7 VERIFIED 
[     0.9s 00:57:09]   NEW BEST 90 gates depth 6 VERIFIED depth-tiebreak it=346
[     2.8s 00:57:11]   NEW BEST 90 gates depth 5 VERIFIED depth-tiebreak it=1114
[    47.4s 00:57:55] [walk] 47s iters=20000 cur=90 best=90 harv=2805
[    94.8s 00:58:43] [walk] 95s iters=40000 cur=90 best=90 harv=5594
[   129.0s 00:59:17]   NEW BEST 89 gates depth 5 VERIFIED it=54660
[   139.3s 00:59:27] [walk] 139s iters=60000 cur=89 best=89 harv=8165
[   183.9s 01:00:12] [walk] 184s iters=80000 cur=89 best=89 harv=10554
[   227.2s 01:00:55] [walk] 227s iters=100000 cur=89 best=89 harv=12825
[   270.2s 01:01:38] [walk] 270s iters=120000 cur=89 best=89 harv=15069
[   428.4s 01:04:16] [lns] cross-pollinated 589 masks (pool=4424)
[   581.2s 01:06:49] [lns] 281s iters=20000 cur=93 best=89 pool=4479 hot=69173 harv=5 peelgain=5131
[   857.9s 01:11:26] [lns] 558s iters=40000 cur=92 best=89 pool=4567 hot=139323 harv=5 peelgain=9787
[   946.1s 01:12:54] [walk] 46s iters=20000 cur=89 best=89 harv=2233
[   991.4s 01:13:39] [walk] 91s iters=40000 cur=89 best=89 harv=4465
[  1040.8s 01:14:29] [walk] 141s iters=60000 cur=89 best=89 harv=6674
[  1093.9s 01:15:22] [walk] 194s iters=80000 cur=89 best=89 harv=8913
[  1142.1s 01:16:10] [walk] 242s iters=100000 cur=89 best=89 harv=11182
[  1194.8s 01:17:03] [walk] 295s iters=120000 cur=89 best=89 harv=13316
[  1337.5s 01:19:25] [lns] cross-pollinated 667 masks (pool=4528)
[  1569.2s 01:23:17] [lns] 369s iters=20000 cur=93 best=89 pool=4613 hot=66783 harv=6 peelgain=6285
[  1846.5s 01:27:54] [walk] 46s iters=20000 cur=89 best=89 harv=2248
[  1896.4s 01:28:44] [walk] 96s iters=40000 cur=89 best=89 harv=4501
[  1943.3s 01:29:31] [walk] 143s iters=60000 cur=89 best=89 harv=6724
[  1998.2s 01:30:26] [walk] 198s iters=80000 cur=89 best=89 harv=8950
[  2044.9s 01:31:13] [walk] 245s iters=100000 cur=89 best=89 harv=11226
[  2098.4s 01:32:06] [walk] 298s iters=120000 cur=89 best=89 harv=13446
[  2248.0s 01:34:36] [lns] cross-pollinated 735 masks (pool=4582)
[  2444.2s 01:37:52] [lns] 344s iters=20000 cur=92 best=89 pool=4634 hot=65668 harv=7 peelgain=5599
[  2581.2s 01:40:09] [lns] cross-pollinated 11 masks (pool=4662)
[  2702.1s 01:42:10] [lns] cross-pollinated 8 masks (pool=4697)
[  2749.9s 01:42:58] [walk] 48s iters=20000 cur=89 best=89 harv=2249
[  2797.2s 01:43:45] [walk] 95s iters=40000 cur=89 best=89 harv=4503
[  2843.8s 01:44:32] [walk] 142s iters=60000 cur=89 best=89 harv=6709
[  2890.1s 01:45:18] [walk] 188s iters=80000 cur=89 best=89 harv=8945
[  2937.2s 01:46:05] [walk] 235s iters=100000 cur=89 best=89 harv=11163
[  2982.9s 01:46:51] [walk] 281s iters=120000 cur=89 best=89 harv=13310
[  3154.9s 01:49:43] [lns] cross-pollinated 751 masks (pool=4605)
[  3270.4s 01:51:38] [lns] 268s iters=20000 cur=94 best=89 pool=4684 hot=69160 harv=14 peelgain=4216
[  3463.9s 01:54:52] [lns] 462s iters=40000 cur=94 best=89 pool=4761 hot=140781 harv=14 peelgain=7746
[  3604.0s 01:57:12] [lns] cross-pollinated 13 masks (pool=4829)
[  3655.7s 01:58:03] [walk] 52s iters=20000 cur=89 best=89 harv=2364
[  3703.2s 01:58:51] [walk] 99s iters=40000 cur=89 best=89 harv=4602
[  3751.6s 01:59:39] [walk] 148s iters=60000 cur=89 best=89 harv=6875
[  3798.4s 02:00:26] [walk] 194s iters=80000 cur=89 best=89 harv=9151
[  3843.7s 02:01:12] [walk] 240s iters=100000 cur=89 best=89 harv=11400
[  3892.1s 02:02:00] [walk] 288s iters=120000 cur=89 best=89 harv=13625
[  4060.4s 02:04:48] [lns] cross-pollinated 811 masks (pool=4684)
[  4195.7s 02:07:03] [lns] 292s iters=20000 cur=96 best=89 pool=4760 hot=69418 harv=6 peelgain=4583
[  4384.7s 02:10:12] [lns] cross-pollinated 2 masks (pool=4835)
[  4462.2s 02:11:30] [lns] 558s iters=40000 cur=93 best=89 pool=4888 hot=138520 harv=13 peelgain=9503
[  4505.4s 02:12:13] [lns] cross-pollinated 16 masks (pool=4909)
[  4552.3s 02:13:00] [walk] 47s iters=20000 cur=89 best=89 harv=2306
[  4601.5s 02:13:49] [walk] 96s iters=40000 cur=89 best=89 harv=4606
[  4652.1s 02:14:40] [walk] 147s iters=60000 cur=89 best=89 harv=6859
[  4707.1s 02:15:35] [walk] 202s iters=80000 cur=89 best=89 harv=9049
[  4760.0s 02:16:28] [walk] 255s iters=100000 cur=89 best=89 harv=11265
[  4981.1s 02:20:09] [lns] cross-pollinated 878 masks (pool=4752)
[  5162.7s 02:23:10] [lns] 357s iters=20000 cur=92 best=89 pool=4839 hot=69374 harv=21 peelgain=4583
[  5286.3s 02:25:14] [lns] cross-pollinated 1 masks (pool=4879)
[  5406.6s 02:27:14] [lns] cross-pollinated 7 masks (pool=4924)
[  5466.8s 02:28:15] [walk] 60s iters=20000 cur=89 best=89 harv=2269
[  5539.6s 02:29:27] [walk] 133s iters=40000 cur=89 best=89 harv=4513
[  5601.3s 02:30:29] [walk] 195s iters=60000 cur=89 best=89 harv=6713
[  5663.2s 02:31:31] [walk] 257s iters=80000 cur=89 best=89 harv=8922
[  5877.8s 02:35:06] [lns] cross-pollinated 915 masks (pool=4754)
[  6081.7s 02:38:30] [lns] 375s iters=20000 cur=92 best=89 pool=4833 hot=65537 harv=1 peelgain=5210
[  6307.9s 02:42:16] [lns] cross-pollinated 4 masks (pool=5003)
[  6360.3s 02:43:08] [walk] 52s iters=20000 cur=89 best=89 harv=2228
[  6412.0s 02:44:00] [walk] 104s iters=40000 cur=89 best=89 harv=4490
[  6458.3s 02:44:46] [walk] 150s iters=60000 cur=89 best=89 harv=6745
[  6507.8s 02:45:36] [walk] 200s iters=80000 cur=89 best=89 harv=8969
[  6557.6s 02:46:25] [walk] 250s iters=100000 cur=89 best=89 harv=11303
[  6789.3s 02:50:17] [lns] cross-pollinated 968 masks (pool=4798)
[  6980.3s 02:53:28] [lns] 372s iters=20000 cur=94 best=89 pool=4876 hot=70954 harv=4 peelgain=4897
[  7088.5s 02:55:16] [lns] cross-pollinated 1 masks (pool=4889)
[  7209.1s 02:57:17] [lns] cross-pollinated 5 masks (pool=4906)
[  7260.1s 02:58:08] [walk] 51s iters=20000 cur=89 best=89 harv=2346
[  7308.0s 02:58:56] [walk] 99s iters=40000 cur=89 best=89 harv=4546
[  7353.4s 02:59:41] [walk] 144s iters=60000 cur=89 best=89 harv=6787
[  7400.4s 03:00:28] [walk] 191s iters=80000 cur=89 best=89 harv=8998
[  7454.5s 03:01:22] [walk] 245s iters=100000 cur=89 best=89 harv=11269
[  7503.4s 03:02:11] [walk] 294s iters=120000 cur=89 best=89 harv=13493
[  7691.8s 03:05:20] [lns] cross-pollinated 980 masks (pool=4819)
[  7866.7s 03:08:14] [lns] 357s iters=20000 cur=95 best=89 pool=4900 hot=68755 harv=8 peelgain=4708
