resume: 283 windows already decided {'win': 0, 'free': 0, 'irreducible': 283, 'nosol': 0}
  100 this session (2.46 win/s), covered 383/367290 (0.10%), stats={'win': 0, 'free': 0, 'irreducible': 383, 'nosol': 0}
  200 this session (2.67 win/s), covered 483/367290 (0.13%), stats={'win': 0, 'free': 0, 'irreducible': 483, 'nosol': 0}
  300 this session (3.04 win/s), covered 583/367290 (0.16%), stats={'win': 0, 'free': 0, 'irreducible': 583, 'nosol': 0}
  400 this session (3.29 win/s), covered 683/367290 (0.19%), stats={'win': 0, 'free': 0, 'irreducible': 683, 'nosol': 0}
  500 this session (3.34 win/s), covered 783/367290 (0.21%), stats={'win': 0, 'free': 0, 'irreducible': 783, 'nosol': 0}
  600 this session (3.27 win/s), covered 883/367290 (0.24%), stats={'win': 0, 'free': 0, 'irreducible': 883, 'nosol': 0}
  700 this session (3.37 win/s), covered 983/367290 (0.27%), stats={'win': 0, 'free': 0, 'irreducible': 983, 'nosol': 0}
  800 this session (3.45 win/s), covered 1083/367290 (0.29%), stats={'win': 0, 'free': 0, 'irreducible': 1083, 'nosol': 0}
  900 this session (3.51 win/s), covered 1183/367290 (0.32%), stats={'win': 0, 'free': 0, 'irreducible': 1183, 'nosol': 0}
  1000 this session (3.44 win/s), covered 1283/367290 (0.35%), stats={'win': 0, 'free': 0, 'irreducible': 1283, 'nosol': 0}
  1100 this session (3.54 win/s), covered 1383/367290 (0.38%), stats={'win': 0, 'free': 0, 'irreducible': 1383, 'nosol': 0}
  1200 this session (3.52 win/s), covered 1483/367290 (0.40%), stats={'win': 0, 'free': 0, 'irreducible': 1483, 'nosol': 0}
  1300 this session (3.51 win/s), covered 1583/367290 (0.43%), stats={'win': 0, 'free': 0, 'irreducible': 1583, 'nosol': 0}
  1400 this session (3.48 win/s), covered 1683/367290 (0.46%), stats={'win': 0, 'free': 0, 'irreducible': 1683, 'nosol': 0}
  1500 this session (3.30 win/s), covered 1783/367290 (0.49%), stats={'win': 0, 'free': 0, 'irreducible': 1783, 'nosol': 0}
  1600 this session (3.30 win/s), covered 1883/367290 (0.51%), stats={'win': 0, 'free': 0, 'irreducible': 1883, 'nosol': 0}
  1700 this session (3.27 win/s), covered 1983/367290 (0.54%), stats={'win': 0, 'free': 0, 'irreducible': 1983, 'nosol': 0}
  1800 this session (3.24 win/s), covered 2083/367290 (0.57%), stats={'win': 0, 'free': 0, 'irreducible': 2083, 'nosol': 0}
  1900 this session (3.21 win/s), covered 2183/367290 (0.59%), stats={'win': 0, 'free': 0, 'irreducible': 2183, 'nosol': 0}
  2000 this session (3.22 win/s), covered 2283/367290 (0.62%), stats={'win': 0, 'free': 0, 'irreducible': 2283, 'nosol': 0}
  2100 this session (3.25 win/s), covered 2383/367290 (0.65%), stats={'win': 0, 'free': 0, 'irreducible': 2383, 'nosol': 0}
  2200 this session (3.19 win/s), covered 2483/367290 (0.68%), stats={'win': 0, 'free': 0, 'irreducible': 2483, 'nosol': 0}
  2300 this session (3.16 win/s), covered 2583/367290 (0.70%), stats={'win': 0, 'free': 0, 'irreducible': 2583, 'nosol': 0}
  2400 this session (3.14 win/s), covered 2683/367290 (0.73%), stats={'win': 0, 'free': 0, 'irreducible': 2683, 'nosol': 0}
  2500 this session (3.12 win/s), covered 2783/367290 (0.76%), stats={'win': 0, 'free': 0, 'irreducible': 2783, 'nosol': 0}
  2600 this session (3.08 win/s), covered 2883/367290 (0.78%), stats={'win': 0, 'free': 0, 'irreducible': 2883, 'nosol': 0}
  2700 this session (3.06 win/s), covered 2983/367290 (0.81%), stats={'win': 0, 'free': 0, 'irreducible': 2983, 'nosol': 0}
  2800 this session (3.05 win/s), covered 3083/367290 (0.84%), stats={'win': 0, 'free': 0, 'irreducible': 3083, 'nosol': 0}
  2900 this session (3.03 win/s), covered 3183/367290 (0.87%), stats={'win': 0, 'free': 0, 'irreducible': 3183, 'nosol': 0}
  3000 this session (3.00 win/s), covered 3283/367290 (0.89%), stats={'win': 0, 'free': 0, 'irreducible': 3283, 'nosol': 0}
  3100 this session (2.99 win/s), covered 3383/367290 (0.92%), stats={'win': 0, 'free': 0, 'irreducible': 3383, 'nosol': 0}
  3200 this session (2.98 win/s), covered 3483/367290 (0.95%), stats={'win': 0, 'free': 0, 'irreducible': 3483, 'nosol': 0}
  3300 this session (2.96 win/s), covered 3583/367290 (0.98%), stats={'win': 0, 'free': 0, 'irreducible': 3583, 'nosol': 0}
  3400 this session (2.96 win/s), covered 3683/367290 (1.00%), stats={'win': 0, 'free': 0, 'irreducible': 3683, 'nosol': 0}
  3500 this session (2.95 win/s), covered 3783/367290 (1.03%), stats={'win': 0, 'free': 0, 'irreducible': 3783, 'nosol': 0}
  3600 this session (2.94 win/s), covered 3883/367290 (1.06%), stats={'win': 0, 'free': 0, 'irreducible': 3883, 'nosol': 0}
  3700 this session (2.93 win/s), covered 3983/367290 (1.08%), stats={'win': 0, 'free': 0, 'irreducible': 3983, 'nosol': 0}
  3800 this session (2.91 win/s), covered 4083/367290 (1.11%), stats={'win': 0, 'free': 0, 'irreducible': 4083, 'nosol': 0}
  3900 this session (2.91 win/s), covered 4183/367290 (1.14%), stats={'win': 0, 'free': 0, 'irreducible': 4183, 'nosol': 0}
  4000 this session (2.90 win/s), covered 4283/367290 (1.17%), stats={'win': 0, 'free': 0, 'irreducible': 4283, 'nosol': 0}
  4100 this session (2.90 win/s), covered 4383/367290 (1.19%), stats={'win': 0, 'free': 0, 'irreducible': 4383, 'nosol': 0}
  4200 this session (2.89 win/s), covered 4483/367290 (1.22%), stats={'win': 0, 'free': 0, 'irreducible': 4483, 'nosol': 0}
  4300 this session (2.88 win/s), covered 4583/367290 (1.25%), stats={'win': 0, 'free': 0, 'irreducible': 4583, 'nosol': 0}
  4400 this session (2.87 win/s), covered 4683/367290 (1.28%), stats={'win': 0, 'free': 0, 'irreducible': 4683, 'nosol': 0}
  4500 this session (2.86 win/s), covered 4783/367290 (1.30%), stats={'win': 0, 'free': 0, 'irreducible': 4783, 'nosol': 0}
  4600 this session (2.85 win/s), covered 4883/367290 (1.33%), stats={'win': 0, 'free': 0, 'irreducible': 4883, 'nosol': 0}
  4700 this session (2.84 win/s), covered 4983/367290 (1.36%), stats={'win': 0, 'free': 0, 'irreducible': 4983, 'nosol': 0}
  4800 this session (2.83 win/s), covered 5083/367290 (1.38%), stats={'win': 0, 'free': 0, 'irreducible': 5083, 'nosol': 0}
  4900 this session (2.83 win/s), covered 5183/367290 (1.41%), stats={'win': 0, 'free': 0, 'irreducible': 5183, 'nosol': 0}
  5000 this session (2.82 win/s), covered 5283/367290 (1.44%), stats={'win': 0, 'free': 0, 'irreducible': 5283, 'nosol': 0}
  5100 this session (2.81 win/s), covered 5383/367290 (1.47%), stats={'win': 0, 'free': 0, 'irreducible': 5383, 'nosol': 0}
  5200 this session (2.81 win/s), covered 5483/367290 (1.49%), stats={'win': 0, 'free': 0, 'irreducible': 5483, 'nosol': 0}
  5300 this session (2.80 win/s), covered 5583/367290 (1.52%), stats={'win': 0, 'free': 0, 'irreducible': 5583, 'nosol': 0}
  5400 this session (2.79 win/s), covered 5683/367290 (1.55%), stats={'win': 0, 'free': 0, 'irreducible': 5683, 'nosol': 0}
  5500 this session (2.78 win/s), covered 5783/367290 (1.57%), stats={'win': 0, 'free': 0, 'irreducible': 5783, 'nosol': 0}
  5600 this session (2.78 win/s), covered 5883/367290 (1.60%), stats={'win': 0, 'free': 0, 'irreducible': 5883, 'nosol': 0}
  5700 this session (2.77 win/s), covered 5983/367290 (1.63%), stats={'win': 0, 'free': 0, 'irreducible': 5983, 'nosol': 0}
  5800 this session (2.76 win/s), covered 6083/367290 (1.66%), stats={'win': 0, 'free': 0, 'irreducible': 6083, 'nosol': 0}
  5900 this session (2.75 win/s), covered 6183/367290 (1.68%), stats={'win': 0, 'free': 0, 'irreducible': 6183, 'nosol': 0}
  6000 this session (2.75 win/s), covered 6283/367290 (1.71%), stats={'win': 0, 'free': 0, 'irreducible': 6283, 'nosol': 0}
  6100 this session (2.75 win/s), covered 6383/367290 (1.74%), stats={'win': 0, 'free': 0, 'irreducible': 6383, 'nosol': 0}
  6200 this session (2.75 win/s), covered 6483/367290 (1.77%), stats={'win': 0, 'free': 0, 'irreducible': 6483, 'nosol': 0}
  6300 this session (2.75 win/s), covered 6583/367290 (1.79%), stats={'win': 0, 'free': 0, 'irreducible': 6583, 'nosol': 0}
  6400 this session (2.75 win/s), covered 6683/367290 (1.82%), stats={'win': 0, 'free': 0, 'irreducible': 6683, 'nosol': 0}
  6500 this session (2.75 win/s), covered 6783/367290 (1.85%), stats={'win': 0, 'free': 0, 'irreducible': 6783, 'nosol': 0}
  6600 this session (2.76 win/s), covered 6883/367290 (1.87%), stats={'win': 0, 'free': 0, 'irreducible': 6883, 'nosol': 0}
  6700 this session (2.76 win/s), covered 6983/367290 (1.90%), stats={'win': 0, 'free': 0, 'irreducible': 6983, 'nosol': 0}
  6800 this session (2.76 win/s), covered 7083/367290 (1.93%), stats={'win': 0, 'free': 0, 'irreducible': 7083, 'nosol': 0}
  6900 this session (2.76 win/s), covered 7183/367290 (1.96%), stats={'win': 0, 'free': 0, 'irreducible': 7183, 'nosol': 0}
  7000 this session (2.77 win/s), covered 7283/367290 (1.98%), stats={'win': 0, 'free': 0, 'irreducible': 7283, 'nosol': 0}
  7100 this session (2.77 win/s), covered 7383/367290 (2.01%), stats={'win': 0, 'free': 0, 'irreducible': 7383, 'nosol': 0}
  7200 this session (2.78 win/s), covered 7483/367290 (2.04%), stats={'win': 0, 'free': 0, 'irreducible': 7483, 'nosol': 0}
  7300 this session (2.78 win/s), covered 7583/367290 (2.06%), stats={'win': 0, 'free': 0, 'irreducible': 7583, 'nosol': 0}
  7400 this session (2.79 win/s), covered 7683/367290 (2.09%), stats={'win': 0, 'free': 0, 'irreducible': 7683, 'nosol': 0}
  7500 this session (2.79 win/s), covered 7783/367290 (2.12%), stats={'win': 0, 'free': 0, 'irreducible': 7783, 'nosol': 0}
  7600 this session (2.79 win/s), covered 7883/367290 (2.15%), stats={'win': 0, 'free': 0, 'irreducible': 7883, 'nosol': 0}
  7700 this session (2.79 win/s), covered 7983/367290 (2.17%), stats={'win': 0, 'free': 0, 'irreducible': 7983, 'nosol': 0}
  7800 this session (2.79 win/s), covered 8083/367290 (2.20%), stats={'win': 0, 'free': 0, 'irreducible': 8083, 'nosol': 0}
  7900 this session (2.79 win/s), covered 8183/367290 (2.23%), stats={'win': 0, 'free': 0, 'irreducible': 8183, 'nosol': 0}
  8000 this session (2.79 win/s), covered 8283/367290 (2.26%), stats={'win': 0, 'free': 0, 'irreducible': 8283, 'nosol': 0}
  8100 this session (2.80 win/s), covered 8383/367290 (2.28%), stats={'win': 0, 'free': 0, 'irreducible': 8383, 'nosol': 0}
  8200 this session (2.80 win/s), covered 8483/367290 (2.31%), stats={'win': 0, 'free': 0, 'irreducible': 8483, 'nosol': 0}
  8300 this session (2.80 win/s), covered 8583/367290 (2.34%), stats={'win': 0, 'free': 0, 'irreducible': 8583, 'nosol': 0}
  8400 this session (2.81 win/s), covered 8683/367290 (2.36%), stats={'win': 0, 'free': 0, 'irreducible': 8683, 'nosol': 0}
  8500 this session (2.81 win/s), covered 8783/367290 (2.39%), stats={'win': 0, 'free': 0, 'irreducible': 8783, 'nosol': 0}
  8600 this session (2.82 win/s), covered 8883/367290 (2.42%), stats={'win': 0, 'free': 0, 'irreducible': 8883, 'nosol': 0}
  8700 this session (2.82 win/s), covered 8983/367290 (2.45%), stats={'win': 0, 'free': 0, 'irreducible': 8983, 'nosol': 0}
  8800 this session (2.82 win/s), covered 9083/367290 (2.47%), stats={'win': 0, 'free': 0, 'irreducible': 9083, 'nosol': 0}
  8900 this session (2.83 win/s), covered 9183/367290 (2.50%), stats={'win': 0, 'free': 0, 'irreducible': 9183, 'nosol': 0}
  9000 this session (2.83 win/s), covered 9283/367290 (2.53%), stats={'win': 0, 'free': 0, 'irreducible': 9283, 'nosol': 0}
  9100 this session (2.83 win/s), covered 9383/367290 (2.55%), stats={'win': 0, 'free': 0, 'irreducible': 9383, 'nosol': 0}
  9200 this session (2.83 win/s), covered 9483/367290 (2.58%), stats={'win': 0, 'free': 0, 'irreducible': 9483, 'nosol': 0}
  9300 this session (2.83 win/s), covered 9583/367290 (2.61%), stats={'win': 0, 'free': 0, 'irreducible': 9583, 'nosol': 0}
  9400 this session (2.83 win/s), covered 9683/367290 (2.64%), stats={'win': 0, 'free': 0, 'irreducible': 9683, 'nosol': 0}
  9500 this session (2.83 win/s), covered 9783/367290 (2.66%), stats={'win': 0, 'free': 0, 'irreducible': 9783, 'nosol': 0}
  9600 this session (2.83 win/s), covered 9883/367290 (2.69%), stats={'win': 0, 'free': 0, 'irreducible': 9883, 'nosol': 0}
  9700 this session (2.83 win/s), covered 9983/367290 (2.72%), stats={'win': 0, 'free': 0, 'irreducible': 9983, 'nosol': 0}
  9800 this session (2.83 win/s), covered 10083/367290 (2.75%), stats={'win': 0, 'free': 0, 'irreducible': 10083, 'nosol': 0}
  9900 this session (2.84 win/s), covered 10183/367290 (2.77%), stats={'win': 0, 'free': 0, 'irreducible': 10183, 'nosol': 0}
  10000 this session (2.84 win/s), covered 10283/367290 (2.80%), stats={'win': 0, 'free': 0, 'irreducible': 10283, 'nosol': 0}
  10100 this session (2.85 win/s), covered 10383/367290 (2.83%), stats={'win': 0, 'free': 0, 'irreducible': 10383, 'nosol': 0}
  10200 this session (2.85 win/s), covered 10483/367290 (2.85%), stats={'win': 0, 'free': 0, 'irreducible': 10483, 'nosol': 0}
  10300 this session (2.85 win/s), covered 10583/367290 (2.88%), stats={'win': 0, 'free': 0, 'irreducible': 10583, 'nosol': 0}
  10400 this session (2.86 win/s), covered 10683/367290 (2.91%), stats={'win': 0, 'free': 0, 'irreducible': 10683, 'nosol': 0}
  10500 this session (2.87 win/s), covered 10783/367290 (2.94%), stats={'win': 0, 'free': 0, 'irreducible': 10783, 'nosol': 0}
  10600 this session (2.89 win/s), covered 10883/367290 (2.96%), stats={'win': 0, 'free': 0, 'irreducible': 10883, 'nosol': 0}
  10700 this session (2.89 win/s), covered 10983/367290 (2.99%), stats={'win': 0, 'free': 0, 'irreducible': 10983, 'nosol': 0}
  10800 this session (2.88 win/s), covered 11083/367290 (3.02%), stats={'win': 0, 'free': 0, 'irreducible': 11083, 'nosol': 0}
  10900 this session (2.89 win/s), covered 11183/367290 (3.04%), stats={'win': 0, 'free': 0, 'irreducible': 11183, 'nosol': 0}
  11000 this session (2.90 win/s), covered 11283/367290 (3.07%), stats={'win': 0, 'free': 0, 'irreducible': 11283, 'nosol': 0}
  11100 this session (2.91 win/s), covered 11383/367290 (3.10%), stats={'win': 0, 'free': 0, 'irreducible': 11383, 'nosol': 0}
  11200 this session (2.91 win/s), covered 11483/367290 (3.13%), stats={'win': 0, 'free': 0, 'irreducible': 11483, 'nosol': 0}
  11300 this session (2.91 win/s), covered 11583/367290 (3.15%), stats={'win': 0, 'free': 0, 'irreducible': 11583, 'nosol': 0}
  11400 this session (2.92 win/s), covered 11683/367290 (3.18%), stats={'win': 0, 'free': 0, 'irreducible': 11683, 'nosol': 0}
  11500 this session (2.92 win/s), covered 11783/367290 (3.21%), stats={'win': 0, 'free': 0, 'irreducible': 11783, 'nosol': 0}
  11600 this session (2.92 win/s), covered 11883/367290 (3.24%), stats={'win': 0, 'free': 0, 'irreducible': 11883, 'nosol': 0}
  11700 this session (2.92 win/s), covered 11983/367290 (3.26%), stats={'win': 0, 'free': 0, 'irreducible': 11983, 'nosol': 0}
  11800 this session (2.91 win/s), covered 12083/367290 (3.29%), stats={'win': 0, 'free': 0, 'irreducible': 12083, 'nosol': 0}
  11900 this session (2.92 win/s), covered 12183/367290 (3.32%), stats={'win': 0, 'free': 0, 'irreducible': 12183, 'nosol': 0}
  12000 this session (2.93 win/s), covered 12283/367290 (3.34%), stats={'win': 0, 'free': 0, 'irreducible': 12283, 'nosol': 0}
  12100 this session (2.93 win/s), covered 12383/367290 (3.37%), stats={'win': 0, 'free': 0, 'irreducible': 12383, 'nosol': 0}
  12200 this session (2.93 win/s), covered 12483/367290 (3.40%), stats={'win': 0, 'free': 0, 'irreducible': 12483, 'nosol': 0}
  12300 this session (2.93 win/s), covered 12583/367290 (3.43%), stats={'win': 0, 'free': 0, 'irreducible': 12583, 'nosol': 0}
  12400 this session (2.92 win/s), covered 12683/367290 (3.45%), stats={'win': 0, 'free': 0, 'irreducible': 12683, 'nosol': 0}
  12500 this session (2.92 win/s), covered 12783/367290 (3.48%), stats={'win': 0, 'free': 0, 'irreducible': 12783, 'nosol': 0}
  12600 this session (2.92 win/s), covered 12883/367290 (3.51%), stats={'win': 0, 'free': 0, 'irreducible': 12883, 'nosol': 0}
  12700 this session (2.91 win/s), covered 12983/367290 (3.53%), stats={'win': 0, 'free': 0, 'irreducible': 12983, 'nosol': 0}
  12800 this session (2.90 win/s), covered 13083/367290 (3.56%), stats={'win': 0, 'free': 0, 'irreducible': 13083, 'nosol': 0}
  12900 this session (2.89 win/s), covered 13183/367290 (3.59%), stats={'win': 0, 'free': 0, 'irreducible': 13183, 'nosol': 0}
  13000 this session (2.89 win/s), covered 13283/367290 (3.62%), stats={'win': 0, 'free': 0, 'irreducible': 13283, 'nosol': 0}
  13100 this session (2.89 win/s), covered 13383/367290 (3.64%), stats={'win': 0, 'free': 0, 'irreducible': 13383, 'nosol': 0}
  13200 this session (2.90 win/s), covered 13483/367290 (3.67%), stats={'win': 0, 'free': 0, 'irreducible': 13483, 'nosol': 0}
  13300 this session (2.90 win/s), covered 13583/367290 (3.70%), stats={'win': 0, 'free': 0, 'irreducible': 13583, 'nosol': 0}
  13400 this session (2.90 win/s), covered 13683/367290 (3.73%), stats={'win': 0, 'free': 0, 'irreducible': 13683, 'nosol': 0}
  13500 this session (2.91 win/s), covered 13783/367290 (3.75%), stats={'win': 0, 'free': 0, 'irreducible': 13783, 'nosol': 0}
  13600 this session (2.92 win/s), covered 13883/367290 (3.78%), stats={'win': 0, 'free': 0, 'irreducible': 13883, 'nosol': 0}
  13700 this session (2.92 win/s), covered 13983/367290 (3.81%), stats={'win': 0, 'free': 0, 'irreducible': 13983, 'nosol': 0}
  13800 this session (2.93 win/s), covered 14083/367290 (3.83%), stats={'win': 0, 'free': 0, 'irreducible': 14083, 'nosol': 0}
  13900 this session (2.94 win/s), covered 14183/367290 (3.86%), stats={'win': 0, 'free': 0, 'irreducible': 14183, 'nosol': 0}
  14000 this session (2.95 win/s), covered 14283/367290 (3.89%), stats={'win': 0, 'free': 0, 'irreducible': 14283, 'nosol': 0}
  14100 this session (2.96 win/s), covered 14383/367290 (3.92%), stats={'win': 0, 'free': 0, 'irreducible': 14383, 'nosol': 0}
  14200 this session (2.96 win/s), covered 14483/367290 (3.94%), stats={'win': 0, 'free': 0, 'irreducible': 14483, 'nosol': 0}
  14300 this session (2.97 win/s), covered 14583/367290 (3.97%), stats={'win': 0, 'free': 0, 'irreducible': 14583, 'nosol': 0}
  14400 this session (2.97 win/s), covered 14683/367290 (4.00%), stats={'win': 0, 'free': 0, 'irreducible': 14683, 'nosol': 0}
  14500 this session (2.98 win/s), covered 14783/367290 (4.02%), stats={'win': 0, 'free': 0, 'irreducible': 14783, 'nosol': 0}
  14600 this session (2.98 win/s), covered 14883/367290 (4.05%), stats={'win': 0, 'free': 0, 'irreducible': 14883, 'nosol': 0}
  14700 this session (2.98 win/s), covered 14983/367290 (4.08%), stats={'win': 0, 'free': 0, 'irreducible': 14983, 'nosol': 0}
  14800 this session (2.98 win/s), covered 15083/367290 (4.11%), stats={'win': 0, 'free': 0, 'irreducible': 15083, 'nosol': 0}
  14900 this session (2.98 win/s), covered 15183/367290 (4.13%), stats={'win': 0, 'free': 0, 'irreducible': 15183, 'nosol': 0}
  15000 this session (2.99 win/s), covered 15283/367290 (4.16%), stats={'win': 0, 'free': 0, 'irreducible': 15283, 'nosol': 0}
  15100 this session (3.00 win/s), covered 15383/367290 (4.19%), stats={'win': 0, 'free': 0, 'irreducible': 15383, 'nosol': 0}
  15200 this session (3.01 win/s), covered 15483/367290 (4.22%), stats={'win': 0, 'free': 0, 'irreducible': 15483, 'nosol': 0}
  15300 this session (3.00 win/s), covered 15583/367290 (4.24%), stats={'win': 0, 'free': 0, 'irreducible': 15583, 'nosol': 0}
  15400 this session (3.00 win/s), covered 15683/367290 (4.27%), stats={'win': 0, 'free': 0, 'irreducible': 15683, 'nosol': 0}
  15500 this session (3.00 win/s), covered 15783/367290 (4.30%), stats={'win': 0, 'free': 0, 'irreducible': 15783, 'nosol': 0}
  15600 this session (3.00 win/s), covered 15883/367290 (4.32%), stats={'win': 0, 'free': 0, 'irreducible': 15883, 'nosol': 0}
  15700 this session (3.00 win/s), covered 15983/367290 (4.35%), stats={'win': 0, 'free': 0, 'irreducible': 15983, 'nosol': 0}
  15800 this session (3.00 win/s), covered 16083/367290 (4.38%), stats={'win': 0, 'free': 0, 'irreducible': 16083, 'nosol': 0}
  15900 this session (3.00 win/s), covered 16183/367290 (4.41%), stats={'win': 0, 'free': 0, 'irreducible': 16183, 'nosol': 0}
  16000 this session (3.01 win/s), covered 16283/367290 (4.43%), stats={'win': 0, 'free': 0, 'irreducible': 16283, 'nosol': 0}
  16100 this session (3.02 win/s), covered 16383/367290 (4.46%), stats={'win': 0, 'free': 0, 'irreducible': 16383, 'nosol': 0}
  16200 this session (3.02 win/s), covered 16483/367290 (4.49%), stats={'win': 0, 'free': 0, 'irreducible': 16483, 'nosol': 0}
  16300 this session (3.01 win/s), covered 16583/367290 (4.51%), stats={'win': 0, 'free': 0, 'irreducible': 16583, 'nosol': 0}
  16400 this session (3.01 win/s), covered 16683/367290 (4.54%), stats={'win': 0, 'free': 0, 'irreducible': 16683, 'nosol': 0}
  16500 this session (3.02 win/s), covered 16783/367290 (4.57%), stats={'win': 0, 'free': 0, 'irreducible': 16783, 'nosol': 0}
  16600 this session (3.02 win/s), covered 16883/367290 (4.60%), stats={'win': 0, 'free': 0, 'irreducible': 16883, 'nosol': 0}
  16700 this session (3.01 win/s), covered 16983/367290 (4.62%), stats={'win': 0, 'free': 0, 'irreducible': 16983, 'nosol': 0}
  16800 this session (3.01 win/s), covered 17083/367290 (4.65%), stats={'win': 0, 'free': 0, 'irreducible': 17083, 'nosol': 0}
  16900 this session (3.01 win/s), covered 17183/367290 (4.68%), stats={'win': 0, 'free': 0, 'irreducible': 17183, 'nosol': 0}
  17000 this session (3.01 win/s), covered 17283/367290 (4.71%), stats={'win': 0, 'free': 0, 'irreducible': 17283, 'nosol': 0}
  17100 this session (3.01 win/s), covered 17383/367290 (4.73%), stats={'win': 0, 'free': 0, 'irreducible': 17383, 'nosol': 0}
  17200 this session (3.02 win/s), covered 17483/367290 (4.76%), stats={'win': 0, 'free': 0, 'irreducible': 17483, 'nosol': 0}
  17300 this session (3.02 win/s), covered 17583/367290 (4.79%), stats={'win': 0, 'free': 0, 'irreducible': 17583, 'nosol': 0}
  17400 this session (3.03 win/s), covered 17683/367290 (4.81%), stats={'win': 0, 'free': 0, 'irreducible': 17683, 'nosol': 0}
  17500 this session (3.03 win/s), covered 17783/367290 (4.84%), stats={'win': 0, 'free': 0, 'irreducible': 17783, 'nosol': 0}
  17600 this session (3.04 win/s), covered 17883/367290 (4.87%), stats={'win': 0, 'free': 0, 'irreducible': 17883, 'nosol': 0}
  17700 this session (3.04 win/s), covered 17983/367290 (4.90%), stats={'win': 0, 'free': 0, 'irreducible': 17983, 'nosol': 0}
  17800 this session (3.05 win/s), covered 18083/367290 (4.92%), stats={'win': 0, 'free': 0, 'irreducible': 18083, 'nosol': 0}
  17900 this session (3.06 win/s), covered 18183/367290 (4.95%), stats={'win': 0, 'free': 0, 'irreducible': 18183, 'nosol': 0}
  18000 this session (3.06 win/s), covered 18283/367290 (4.98%), stats={'win': 0, 'free': 0, 'irreducible': 18283, 'nosol': 0}
  18100 this session (3.07 win/s), covered 18383/367290 (5.01%), stats={'win': 0, 'free': 0, 'irreducible': 18383, 'nosol': 0}
  18200 this session (3.08 win/s), covered 18483/367290 (5.03%), stats={'win': 0, 'free': 0, 'irreducible': 18483, 'nosol': 0}
  18300 this session (3.09 win/s), covered 18583/367290 (5.06%), stats={'win': 0, 'free': 0, 'irreducible': 18583, 'nosol': 0}
  18400 this session (3.10 win/s), covered 18683/367290 (5.09%), stats={'win': 0, 'free': 0, 'irreducible': 18683, 'nosol': 0}
  18500 this session (3.11 win/s), covered 18783/367290 (5.11%), stats={'win': 0, 'free': 0, 'irreducible': 18783, 'nosol': 0}
  18600 this session (3.11 win/s), covered 18883/367290 (5.14%), stats={'win': 0, 'free': 0, 'irreducible': 18883, 'nosol': 0}
  18700 this session (3.12 win/s), covered 18983/367290 (5.17%), stats={'win': 0, 'free': 0, 'irreducible': 18983, 'nosol': 0}
  18800 this session (3.12 win/s), covered 19083/367290 (5.20%), stats={'win': 0, 'free': 0, 'irreducible': 19083, 'nosol': 0}
  18900 this session (3.12 win/s), covered 19183/367290 (5.22%), stats={'win': 0, 'free': 0, 'irreducible': 19183, 'nosol': 0}
  19000 this session (3.12 win/s), covered 19283/367290 (5.25%), stats={'win': 0, 'free': 0, 'irreducible': 19283, 'nosol': 0}
  19100 this session (3.13 win/s), covered 19383/367290 (5.28%), stats={'win': 0, 'free': 0, 'irreducible': 19383, 'nosol': 0}
  19200 this session (3.13 win/s), covered 19483/367290 (5.30%), stats={'win': 0, 'free': 0, 'irreducible': 19483, 'nosol': 0}
  19300 this session (3.13 win/s), covered 19583/367290 (5.33%), stats={'win': 0, 'free': 0, 'irreducible': 19583, 'nosol': 0}
  19400 this session (3.14 win/s), covered 19683/367290 (5.36%), stats={'win': 0, 'free': 0, 'irreducible': 19683, 'nosol': 0}
  19500 this session (3.14 win/s), covered 19783/367290 (5.39%), stats={'win': 0, 'free': 0, 'irreducible': 19783, 'nosol': 0}
  19600 this session (3.15 win/s), covered 19883/367290 (5.41%), stats={'win': 0, 'free': 0, 'irreducible': 19883, 'nosol': 0}
  19700 this session (3.15 win/s), covered 19983/367290 (5.44%), stats={'win': 0, 'free': 0, 'irreducible': 19983, 'nosol': 0}
  19800 this session (3.15 win/s), covered 20083/367290 (5.47%), stats={'win': 0, 'free': 0, 'irreducible': 20083, 'nosol': 0}
  19900 this session (3.15 win/s), covered 20183/367290 (5.50%), stats={'win': 0, 'free': 0, 'irreducible': 20183, 'nosol': 0}
  20000 this session (3.15 win/s), covered 20283/367290 (5.52%), stats={'win': 0, 'free': 0, 'irreducible': 20283, 'nosol': 0}
  20100 this session (3.14 win/s), covered 20383/367290 (5.55%), stats={'win': 0, 'free': 0, 'irreducible': 20383, 'nosol': 0}
  20200 this session (3.14 win/s), covered 20483/367290 (5.58%), stats={'win': 0, 'free': 0, 'irreducible': 20483, 'nosol': 0}
  20300 this session (3.14 win/s), covered 20583/367290 (5.60%), stats={'win': 0, 'free': 0, 'irreducible': 20583, 'nosol': 0}
  20400 this session (3.13 win/s), covered 20683/367290 (5.63%), stats={'win': 0, 'free': 0, 'irreducible': 20683, 'nosol': 0}
  20500 this session (3.13 win/s), covered 20783/367290 (5.66%), stats={'win': 0, 'free': 0, 'irreducible': 20783, 'nosol': 0}
  20600 this session (3.13 win/s), covered 20883/367290 (5.69%), stats={'win': 0, 'free': 0, 'irreducible': 20883, 'nosol': 0}
  session time cap reached
{
 "session_windows": 20691,
 "elapsed": 6600.106258153915,
 "throughput": 3.1349495281894724,
 "covered_total": 20974,
 "space": 367290,
 "coverage_pct": 5.710474012360804,
 "stats": {
  "win": 0,
  "free": 0,
  "irreducible": 20974,
  "nosol": 0
 }
}
resume: 20974 windows already decided {'win': 0, 'free': 0, 'irreducible': 20974, 'nosol': 0}
  100 this session (3.27 win/s), covered 21074/367290 (5.74%), stats={'win': 0, 'free': 0, 'irreducible': 21074, 'nosol': 0}
  200 this session (3.68 win/s), covered 21174/367290 (5.76%), stats={'win': 0, 'free': 0, 'irreducible': 21174, 'nosol': 0}
  300 this session (3.60 win/s), covered 21274/367290 (5.79%), stats={'win': 0, 'free': 0, 'irreducible': 21274, 'nosol': 0}
  400 this session (3.80 win/s), covered 21374/367290 (5.82%), stats={'win': 0, 'free': 0, 'irreducible': 21374, 'nosol': 0}
  500 this session (4.03 win/s), covered 21474/367290 (5.85%), stats={'win': 0, 'free': 0, 'irreducible': 21474, 'nosol': 0}
  600 this session (4.11 win/s), covered 21574/367290 (5.87%), stats={'win': 0, 'free': 0, 'irreducible': 21574, 'nosol': 0}
  700 this session (4.24 win/s), covered 21674/367290 (5.90%), stats={'win': 0, 'free': 0, 'irreducible': 21674, 'nosol': 0}
  800 this session (4.26 win/s), covered 21774/367290 (5.93%), stats={'win': 0, 'free': 0, 'irreducible': 21774, 'nosol': 0}
  900 this session (4.37 win/s), covered 21874/367290 (5.96%), stats={'win': 0, 'free': 0, 'irreducible': 21874, 'nosol': 0}
  1000 this session (4.50 win/s), covered 21974/367290 (5.98%), stats={'win': 0, 'free': 0, 'irreducible': 21974, 'nosol': 0}
  1100 this session (4.64 win/s), covered 22074/367290 (6.01%), stats={'win': 0, 'free': 0, 'irreducible': 22074, 'nosol': 0}
  1200 this session (4.71 win/s), covered 22174/367290 (6.04%), stats={'win': 0, 'free': 0, 'irreducible': 22174, 'nosol': 0}
  1300 this session (4.75 win/s), covered 22274/367290 (6.06%), stats={'win': 0, 'free': 0, 'irreducible': 22274, 'nosol': 0}
  1400 this session (4.80 win/s), covered 22374/367290 (6.09%), stats={'win': 0, 'free': 0, 'irreducible': 22374, 'nosol': 0}
  1500 this session (4.77 win/s), covered 22474/367290 (6.12%), stats={'win': 0, 'free': 0, 'irreducible': 22474, 'nosol': 0}
  1600 this session (4.60 win/s), covered 22574/367290 (6.15%), stats={'win': 0, 'free': 0, 'irreducible': 22574, 'nosol': 0}
  1700 this session (4.47 win/s), covered 22674/367290 (6.17%), stats={'win': 0, 'free': 0, 'irreducible': 22674, 'nosol': 0}
  1800 this session (4.45 win/s), covered 22774/367290 (6.20%), stats={'win': 0, 'free': 0, 'irreducible': 22774, 'nosol': 0}
  1900 this session (4.42 win/s), covered 22874/367290 (6.23%), stats={'win': 0, 'free': 0, 'irreducible': 22874, 'nosol': 0}
  2000 this session (4.45 win/s), covered 22974/367290 (6.26%), stats={'win': 0, 'free': 0, 'irreducible': 22974, 'nosol': 0}
  2100 this session (4.47 win/s), covered 23074/367290 (6.28%), stats={'win': 0, 'free': 0, 'irreducible': 23074, 'nosol': 0}
  2200 this session (4.54 win/s), covered 23174/367290 (6.31%), stats={'win': 0, 'free': 0, 'irreducible': 23174, 'nosol': 0}
  2300 this session (4.57 win/s), covered 23274/367290 (6.34%), stats={'win': 0, 'free': 0, 'irreducible': 23274, 'nosol': 0}
  2400 this session (4.56 win/s), covered 23374/367290 (6.36%), stats={'win': 0, 'free': 0, 'irreducible': 23374, 'nosol': 0}
  2500 this session (4.54 win/s), covered 23474/367290 (6.39%), stats={'win': 0, 'free': 0, 'irreducible': 23474, 'nosol': 0}
  2600 this session (4.55 win/s), covered 23574/367290 (6.42%), stats={'win': 0, 'free': 0, 'irreducible': 23574, 'nosol': 0}
  2700 this session (4.52 win/s), covered 23674/367290 (6.45%), stats={'win': 0, 'free': 0, 'irreducible': 23674, 'nosol': 0}
  2800 this session (4.56 win/s), covered 23774/367290 (6.47%), stats={'win': 0, 'free': 0, 'irreducible': 23774, 'nosol': 0}
  2900 this session (4.62 win/s), covered 23874/367290 (6.50%), stats={'win': 0, 'free': 0, 'irreducible': 23874, 'nosol': 0}
  3000 this session (4.66 win/s), covered 23974/367290 (6.53%), stats={'win': 0, 'free': 0, 'irreducible': 23974, 'nosol': 0}
  3100 this session (4.64 win/s), covered 24074/367290 (6.55%), stats={'win': 0, 'free': 0, 'irreducible': 24074, 'nosol': 0}
  3200 this session (4.64 win/s), covered 24174/367290 (6.58%), stats={'win': 0, 'free': 0, 'irreducible': 24174, 'nosol': 0}
  3300 this session (4.62 win/s), covered 24274/367290 (6.61%), stats={'win': 0, 'free': 0, 'irreducible': 24274, 'nosol': 0}
  3400 this session (4.63 win/s), covered 24374/367290 (6.64%), stats={'win': 0, 'free': 0, 'irreducible': 24374, 'nosol': 0}
  3500 this session (4.64 win/s), covered 24474/367290 (6.66%), stats={'win': 0, 'free': 0, 'irreducible': 24474, 'nosol': 0}
  3600 this session (4.64 win/s), covered 24574/367290 (6.69%), stats={'win': 0, 'free': 0, 'irreducible': 24574, 'nosol': 0}
  3700 this session (4.66 win/s), covered 24674/367290 (6.72%), stats={'win': 0, 'free': 0, 'irreducible': 24674, 'nosol': 0}
  3800 this session (4.65 win/s), covered 24774/367290 (6.75%), stats={'win': 0, 'free': 0, 'irreducible': 24774, 'nosol': 0}
  3900 this session (4.67 win/s), covered 24874/367290 (6.77%), stats={'win': 0, 'free': 0, 'irreducible': 24874, 'nosol': 0}
  4000 this session (4.71 win/s), covered 24974/367290 (6.80%), stats={'win': 0, 'free': 0, 'irreducible': 24974, 'nosol': 0}
  4100 this session (4.73 win/s), covered 25074/367290 (6.83%), stats={'win': 0, 'free': 0, 'irreducible': 25074, 'nosol': 0}
  4200 this session (4.76 win/s), covered 25174/367290 (6.85%), stats={'win': 0, 'free': 0, 'irreducible': 25174, 'nosol': 0}
  4300 this session (4.78 win/s), covered 25274/367290 (6.88%), stats={'win': 0, 'free': 0, 'irreducible': 25274, 'nosol': 0}
  4400 this session (4.80 win/s), covered 25374/367290 (6.91%), stats={'win': 0, 'free': 0, 'irreducible': 25374, 'nosol': 0}
  4500 this session (4.76 win/s), covered 25474/367290 (6.94%), stats={'win': 0, 'free': 0, 'irreducible': 25474, 'nosol': 0}
  4600 this session (4.71 win/s), covered 25574/367290 (6.96%), stats={'win': 0, 'free': 0, 'irreducible': 25574, 'nosol': 0}
  4700 this session (4.70 win/s), covered 25674/367290 (6.99%), stats={'win': 0, 'free': 0, 'irreducible': 25674, 'nosol': 0}
  4800 this session (4.71 win/s), covered 25774/367290 (7.02%), stats={'win': 0, 'free': 0, 'irreducible': 25774, 'nosol': 0}
  4900 this session (4.72 win/s), covered 25874/367290 (7.04%), stats={'win': 0, 'free': 0, 'irreducible': 25874, 'nosol': 0}
  5000 this session (4.72 win/s), covered 25974/367290 (7.07%), stats={'win': 0, 'free': 0, 'irreducible': 25974, 'nosol': 0}
  5100 this session (4.76 win/s), covered 26074/367290 (7.10%), stats={'win': 0, 'free': 0, 'irreducible': 26074, 'nosol': 0}
  5200 this session (4.76 win/s), covered 26174/367290 (7.13%), stats={'win': 0, 'free': 0, 'irreducible': 26174, 'nosol': 0}
  5300 this session (4.79 win/s), covered 26274/367290 (7.15%), stats={'win': 0, 'free': 0, 'irreducible': 26274, 'nosol': 0}
  5400 this session (4.81 win/s), covered 26374/367290 (7.18%), stats={'win': 0, 'free': 0, 'irreducible': 26374, 'nosol': 0}
  5500 this session (4.84 win/s), covered 26474/367290 (7.21%), stats={'win': 0, 'free': 0, 'irreducible': 26474, 'nosol': 0}
  5600 this session (4.86 win/s), covered 26574/367290 (7.24%), stats={'win': 0, 'free': 0, 'irreducible': 26574, 'nosol': 0}
  5700 this session (4.89 win/s), covered 26674/367290 (7.26%), stats={'win': 0, 'free': 0, 'irreducible': 26674, 'nosol': 0}
  5800 this session (4.91 win/s), covered 26774/367290 (7.29%), stats={'win': 0, 'free': 0, 'irreducible': 26774, 'nosol': 0}
  5900 this session (4.96 win/s), covered 26874/367290 (7.32%), stats={'win': 0, 'free': 0, 'irreducible': 26874, 'nosol': 0}
  6000 this session (5.00 win/s), covered 26974/367290 (7.34%), stats={'win': 0, 'free': 0, 'irreducible': 26974, 'nosol': 0}
  6100 this session (5.04 win/s), covered 27074/367290 (7.37%), stats={'win': 0, 'free': 0, 'irreducible': 27074, 'nosol': 0}
  6200 this session (5.08 win/s), covered 27174/367290 (7.40%), stats={'win': 0, 'free': 0, 'irreducible': 27174, 'nosol': 0}
  6300 this session (5.11 win/s), covered 27274/367290 (7.43%), stats={'win': 0, 'free': 0, 'irreducible': 27274, 'nosol': 0}
  6400 this session (5.15 win/s), covered 27374/367290 (7.45%), stats={'win': 0, 'free': 0, 'irreducible': 27374, 'nosol': 0}
  6500 this session (5.20 win/s), covered 27474/367290 (7.48%), stats={'win': 0, 'free': 0, 'irreducible': 27474, 'nosol': 0}
  6600 this session (5.24 win/s), covered 27574/367290 (7.51%), stats={'win': 0, 'free': 0, 'irreducible': 27574, 'nosol': 0}
  6700 this session (5.28 win/s), covered 27674/367290 (7.53%), stats={'win': 0, 'free': 0, 'irreducible': 27674, 'nosol': 0}
  6800 this session (5.31 win/s), covered 27774/367290 (7.56%), stats={'win': 0, 'free': 0, 'irreducible': 27774, 'nosol': 0}
  6900 this session (5.35 win/s), covered 27874/367290 (7.59%), stats={'win': 0, 'free': 0, 'irreducible': 27874, 'nosol': 0}
  7000 this session (5.35 win/s), covered 27974/367290 (7.62%), stats={'win': 0, 'free': 0, 'irreducible': 27974, 'nosol': 0}
  7100 this session (5.38 win/s), covered 28074/367290 (7.64%), stats={'win': 0, 'free': 0, 'irreducible': 28074, 'nosol': 0}
  7200 this session (5.41 win/s), covered 28174/367290 (7.67%), stats={'win': 0, 'free': 0, 'irreducible': 28174, 'nosol': 0}
  7300 this session (5.44 win/s), covered 28274/367290 (7.70%), stats={'win': 0, 'free': 0, 'irreducible': 28274, 'nosol': 0}
  7400 this session (5.46 win/s), covered 28374/367290 (7.73%), stats={'win': 0, 'free': 0, 'irreducible': 28374, 'nosol': 0}
  7500 this session (5.49 win/s), covered 28474/367290 (7.75%), stats={'win': 0, 'free': 0, 'irreducible': 28474, 'nosol': 0}
  7600 this session (5.51 win/s), covered 28574/367290 (7.78%), stats={'win': 0, 'free': 0, 'irreducible': 28574, 'nosol': 0}
  7700 this session (5.51 win/s), covered 28674/367290 (7.81%), stats={'win': 0, 'free': 0, 'irreducible': 28674, 'nosol': 0}
  7800 this session (5.53 win/s), covered 28774/367290 (7.83%), stats={'win': 0, 'free': 0, 'irreducible': 28774, 'nosol': 0}
  7900 this session (5.53 win/s), covered 28874/367290 (7.86%), stats={'win': 0, 'free': 0, 'irreducible': 28874, 'nosol': 0}
  8000 this session (5.54 win/s), covered 28974/367290 (7.89%), stats={'win': 0, 'free': 0, 'irreducible': 28974, 'nosol': 0}
  8100 this session (5.54 win/s), covered 29074/367290 (7.92%), stats={'win': 0, 'free': 0, 'irreducible': 29074, 'nosol': 0}
  8200 this session (5.53 win/s), covered 29174/367290 (7.94%), stats={'win': 0, 'free': 0, 'irreducible': 29174, 'nosol': 0}
  8300 this session (5.55 win/s), covered 29274/367290 (7.97%), stats={'win': 0, 'free': 0, 'irreducible': 29274, 'nosol': 0}
  8400 this session (5.55 win/s), covered 29374/367290 (8.00%), stats={'win': 0, 'free': 0, 'irreducible': 29374, 'nosol': 0}
  8500 this session (5.57 win/s), covered 29474/367290 (8.02%), stats={'win': 0, 'free': 0, 'irreducible': 29474, 'nosol': 0}
  8600 this session (5.59 win/s), covered 29574/367290 (8.05%), stats={'win': 0, 'free': 0, 'irreducible': 29574, 'nosol': 0}
  8700 this session (5.60 win/s), covered 29674/367290 (8.08%), stats={'win': 0, 'free': 0, 'irreducible': 29674, 'nosol': 0}
  8800 this session (5.63 win/s), covered 29774/367290 (8.11%), stats={'win': 0, 'free': 0, 'irreducible': 29774, 'nosol': 0}
  8900 this session (5.64 win/s), covered 29874/367290 (8.13%), stats={'win': 0, 'free': 0, 'irreducible': 29874, 'nosol': 0}
  9000 this session (5.66 win/s), covered 29974/367290 (8.16%), stats={'win': 0, 'free': 0, 'irreducible': 29974, 'nosol': 0}
  9100 this session (5.67 win/s), covered 30074/367290 (8.19%), stats={'win': 0, 'free': 0, 'irreducible': 30074, 'nosol': 0}
  9200 this session (5.69 win/s), covered 30174/367290 (8.22%), stats={'win': 0, 'free': 0, 'irreducible': 30174, 'nosol': 0}
  9300 this session (5.70 win/s), covered 30274/367290 (8.24%), stats={'win': 0, 'free': 0, 'irreducible': 30274, 'nosol': 0}
  9400 this session (5.70 win/s), covered 30374/367290 (8.27%), stats={'win': 0, 'free': 0, 'irreducible': 30374, 'nosol': 0}
  9500 this session (5.68 win/s), covered 30474/367290 (8.30%), stats={'win': 0, 'free': 0, 'irreducible': 30474, 'nosol': 0}
  9600 this session (5.66 win/s), covered 30574/367290 (8.32%), stats={'win': 0, 'free': 0, 'irreducible': 30574, 'nosol': 0}
  9700 this session (5.64 win/s), covered 30674/367290 (8.35%), stats={'win': 0, 'free': 0, 'irreducible': 30674, 'nosol': 0}
  9800 this session (5.63 win/s), covered 30774/367290 (8.38%), stats={'win': 0, 'free': 0, 'irreducible': 30774, 'nosol': 0}
  9900 this session (5.60 win/s), covered 30874/367290 (8.41%), stats={'win': 0, 'free': 0, 'irreducible': 30874, 'nosol': 0}
  10000 this session (5.60 win/s), covered 30974/367290 (8.43%), stats={'win': 0, 'free': 0, 'irreducible': 30974, 'nosol': 0}
  10100 this session (5.59 win/s), covered 31074/367290 (8.46%), stats={'win': 0, 'free': 0, 'irreducible': 31074, 'nosol': 0}
  10200 this session (5.59 win/s), covered 31174/367290 (8.49%), stats={'win': 0, 'free': 0, 'irreducible': 31174, 'nosol': 0}
  10300 this session (5.60 win/s), covered 31274/367290 (8.51%), stats={'win': 0, 'free': 0, 'irreducible': 31274, 'nosol': 0}
  10400 this session (5.58 win/s), covered 31374/367290 (8.54%), stats={'win': 0, 'free': 0, 'irreducible': 31374, 'nosol': 0}
  10500 this session (5.59 win/s), covered 31474/367290 (8.57%), stats={'win': 0, 'free': 0, 'irreducible': 31474, 'nosol': 0}
  10600 this session (5.59 win/s), covered 31574/367290 (8.60%), stats={'win': 0, 'free': 0, 'irreducible': 31574, 'nosol': 0}
  10700 this session (5.59 win/s), covered 31674/367290 (8.62%), stats={'win': 0, 'free': 0, 'irreducible': 31674, 'nosol': 0}
  10800 this session (5.59 win/s), covered 31774/367290 (8.65%), stats={'win': 0, 'free': 0, 'irreducible': 31774, 'nosol': 0}
  10900 this session (5.58 win/s), covered 31874/367290 (8.68%), stats={'win': 0, 'free': 0, 'irreducible': 31874, 'nosol': 0}
  11000 this session (5.57 win/s), covered 31974/367290 (8.71%), stats={'win': 0, 'free': 0, 'irreducible': 31974, 'nosol': 0}
  11100 this session (5.57 win/s), covered 32074/367290 (8.73%), stats={'win': 0, 'free': 0, 'irreducible': 32074, 'nosol': 0}
  11200 this session (5.56 win/s), covered 32174/367290 (8.76%), stats={'win': 0, 'free': 0, 'irreducible': 32174, 'nosol': 0}
  11300 this session (5.56 win/s), covered 32274/367290 (8.79%), stats={'win': 0, 'free': 0, 'irreducible': 32274, 'nosol': 0}
  11400 this session (5.56 win/s), covered 32374/367290 (8.81%), stats={'win': 0, 'free': 0, 'irreducible': 32374, 'nosol': 0}
  11500 this session (5.55 win/s), covered 32474/367290 (8.84%), stats={'win': 0, 'free': 0, 'irreducible': 32474, 'nosol': 0}
  11600 this session (5.56 win/s), covered 32574/367290 (8.87%), stats={'win': 0, 'free': 0, 'irreducible': 32574, 'nosol': 0}
  11700 this session (5.57 win/s), covered 32674/367290 (8.90%), stats={'win': 0, 'free': 0, 'irreducible': 32674, 'nosol': 0}
  session time cap reached
{
 "session_windows": 11703,
 "elapsed": 2100.365500688553,
 "throughput": 5.57188736730034,
 "covered_total": 32677,
 "space": 367290,
 "coverage_pct": 8.896784557161915,
 "stats": {
  "win": 0,
  "free": 0,
  "irreducible": 32677,
  "nosol": 0
 }
}
