harvested 84989 distinct 88-mask states (8.3s)
sanity: 25/25 sampled states realizable with all targets
resume: 40 done, 84949 todo; top distances [56, 56, 56, 56, 56]
  50 states scanned (3.54 st/s), 50 + done=40 / 84989
  100 states scanned (3.61 st/s), 100 + done=40 / 84989
  150 states scanned (3.78 st/s), 150 + done=40 / 84989
  200 states scanned (3.71 st/s), 200 + done=40 / 84989
  250 states scanned (3.84 st/s), 250 + done=40 / 84989
  300 states scanned (3.84 st/s), 300 + done=40 / 84989
  350 states scanned (3.87 st/s), 350 + done=40 / 84989
  400 states scanned (3.94 st/s), 400 + done=40 / 84989
  450 states scanned (3.93 st/s), 450 + done=40 / 84989
  500 states scanned (3.99 st/s), 500 + done=40 / 84989
  550 states scanned (3.98 st/s), 550 + done=40 / 84989
  600 states scanned (3.98 st/s), 600 + done=40 / 84989
  650 states scanned (4.02 st/s), 650 + done=40 / 84989
  700 states scanned (4.01 st/s), 700 + done=40 / 84989
  750 states scanned (4.04 st/s), 750 + done=40 / 84989
  800 states scanned (4.04 st/s), 800 + done=40 / 84989
  850 states scanned (4.01 st/s), 850 + done=40 / 84989
  900 states scanned (4.03 st/s), 900 + done=40 / 84989
  950 states scanned (4.01 st/s), 950 + done=40 / 84989
  1000 states scanned (4.03 st/s), 1000 + done=40 / 84989
  1050 states scanned (4.00 st/s), 1050 + done=40 / 84989
  1100 states scanned (4.00 st/s), 1100 + done=40 / 84989
  1150 states scanned (4.03 st/s), 1150 + done=40 / 84989
  1200 states scanned (4.02 st/s), 1200 + done=40 / 84989
  1250 states scanned (4.02 st/s), 1250 + done=40 / 84989
  1300 states scanned (3.99 st/s), 1300 + done=40 / 84989
  1350 states scanned (3.98 st/s), 1350 + done=40 / 84989
  1400 states scanned (3.95 st/s), 1400 + done=40 / 84989
  1450 states scanned (3.94 st/s), 1450 + done=40 / 84989
  1500 states scanned (3.93 st/s), 1500 + done=40 / 84989
  1550 states scanned (3.92 st/s), 1550 + done=40 / 84989
  1600 states scanned (3.92 st/s), 1600 + done=40 / 84989
  1650 states scanned (3.90 st/s), 1650 + done=40 / 84989
  1700 states scanned (3.91 st/s), 1700 + done=40 / 84989
  1750 states scanned (3.89 st/s), 1750 + done=40 / 84989
  1800 states scanned (3.90 st/s), 1800 + done=40 / 84989
  1850 states scanned (3.91 st/s), 1850 + done=40 / 84989
  1900 states scanned (3.93 st/s), 1900 + done=40 / 84989
  1950 states scanned (3.95 st/s), 1950 + done=40 / 84989
  2000 states scanned (3.96 st/s), 2000 + done=40 / 84989
  2050 states scanned (3.97 st/s), 2050 + done=40 / 84989
  2100 states scanned (3.99 st/s), 2100 + done=40 / 84989
  2150 states scanned (4.00 st/s), 2150 + done=40 / 84989
  2200 states scanned (4.00 st/s), 2200 + done=40 / 84989
  2250 states scanned (4.02 st/s), 2250 + done=40 / 84989
  2300 states scanned (4.02 st/s), 2300 + done=40 / 84989
  2350 states scanned (4.02 st/s), 2350 + done=40 / 84989
  2400 states scanned (4.00 st/s), 2400 + done=40 / 84989
  2450 states scanned (4.00 st/s), 2450 + done=40 / 84989
  2500 states scanned (4.01 st/s), 2500 + done=40 / 84989
  2550 states scanned (4.01 st/s), 2550 + done=40 / 84989
  2600 states scanned (4.02 st/s), 2600 + done=40 / 84989
  2650 states scanned (4.02 st/s), 2650 + done=40 / 84989
  2700 states scanned (4.02 st/s), 2700 + done=40 / 84989
  2750 states scanned (4.03 st/s), 2750 + done=40 / 84989
  2800 states scanned (4.02 st/s), 2800 + done=40 / 84989
  2850 states scanned (4.02 st/s), 2850 + done=40 / 84989
  2900 states scanned (4.02 st/s), 2900 + done=40 / 84989
  2950 states scanned (4.02 st/s), 2950 + done=40 / 84989
  3000 states scanned (4.02 st/s), 3000 + done=40 / 84989
  3050 states scanned (4.02 st/s), 3050 + done=40 / 84989
  3100 states scanned (4.03 st/s), 3100 + done=40 / 84989
  3150 states scanned (4.03 st/s), 3150 + done=40 / 84989
  3200 states scanned (4.04 st/s), 3200 + done=40 / 84989
  3250 states scanned (4.05 st/s), 3250 + done=40 / 84989
  3300 states scanned (4.06 st/s), 3300 + done=40 / 84989
  3350 states scanned (4.06 st/s), 3350 + done=40 / 84989
  3400 states scanned (4.07 st/s), 3400 + done=40 / 84989
  3450 states scanned (4.08 st/s), 3450 + done=40 / 84989
  3500 states scanned (4.08 st/s), 3500 + done=40 / 84989
  3550 states scanned (4.09 st/s), 3550 + done=40 / 84989
  3600 states scanned (4.09 st/s), 3600 + done=40 / 84989
  3650 states scanned (4.11 st/s), 3650 + done=40 / 84989
  3700 states scanned (4.11 st/s), 3700 + done=40 / 84989
  3750 states scanned (4.12 st/s), 3750 + done=40 / 84989
  3800 states scanned (4.13 st/s), 3800 + done=40 / 84989
  3850 states scanned (4.14 st/s), 3850 + done=40 / 84989
  3900 states scanned (4.15 st/s), 3900 + done=40 / 84989
  3950 states scanned (4.16 st/s), 3950 + done=40 / 84989
  4000 states scanned (4.16 st/s), 4000 + done=40 / 84989
  4050 states scanned (4.16 st/s), 4050 + done=40 / 84989
  4100 states scanned (4.17 st/s), 4100 + done=40 / 84989
  4150 states scanned (4.17 st/s), 4150 + done=40 / 84989
  4200 states scanned (4.17 st/s), 4200 + done=40 / 84989
  4250 states scanned (4.17 st/s), 4250 + done=40 / 84989
  4300 states scanned (4.17 st/s), 4300 + done=40 / 84989
  4350 states scanned (4.16 st/s), 4350 + done=40 / 84989
  4400 states scanned (4.14 st/s), 4400 + done=40 / 84989
  4450 states scanned (4.14 st/s), 4450 + done=40 / 84989
  4500 states scanned (4.16 st/s), 4500 + done=40 / 84989
  4550 states scanned (4.16 st/s), 4550 + done=40 / 84989
  4600 states scanned (4.17 st/s), 4600 + done=40 / 84989
  4650 states scanned (4.18 st/s), 4650 + done=40 / 84989
  4700 states scanned (4.18 st/s), 4700 + done=40 / 84989
  4750 states scanned (4.19 st/s), 4750 + done=40 / 84989
  4800 states scanned (4.19 st/s), 4800 + done=40 / 84989
  4850 states scanned (4.19 st/s), 4850 + done=40 / 84989
  4900 states scanned (4.20 st/s), 4900 + done=40 / 84989
  4950 states scanned (4.20 st/s), 4950 + done=40 / 84989
  5000 states scanned (4.19 st/s), 5000 + done=40 / 84989
  5050 states scanned (4.19 st/s), 5050 + done=40 / 84989
  5100 states scanned (4.19 st/s), 5100 + done=40 / 84989
  5150 states scanned (4.19 st/s), 5150 + done=40 / 84989
  5200 states scanned (4.19 st/s), 5200 + done=40 / 84989
  5250 states scanned (4.20 st/s), 5250 + done=40 / 84989
  5300 states scanned (4.21 st/s), 5300 + done=40 / 84989
  5350 states scanned (4.21 st/s), 5350 + done=40 / 84989
  5400 states scanned (4.22 st/s), 5400 + done=40 / 84989
  5450 states scanned (4.23 st/s), 5450 + done=40 / 84989
  5500 states scanned (4.24 st/s), 5500 + done=40 / 84989
  5550 states scanned (4.24 st/s), 5550 + done=40 / 84989
  5600 states scanned (4.25 st/s), 5600 + done=40 / 84989
  5650 states scanned (4.25 st/s), 5650 + done=40 / 84989
  5700 states scanned (4.25 st/s), 5700 + done=40 / 84989
  5750 states scanned (4.25 st/s), 5750 + done=40 / 84989
  5800 states scanned (4.24 st/s), 5800 + done=40 / 84989
  5850 states scanned (4.24 st/s), 5850 + done=40 / 84989
  5900 states scanned (4.25 st/s), 5900 + done=40 / 84989
  5950 states scanned (4.26 st/s), 5950 + done=40 / 84989
  6000 states scanned (4.26 st/s), 6000 + done=40 / 84989
  6050 states scanned (4.27 st/s), 6050 + done=40 / 84989
  6100 states scanned (4.27 st/s), 6100 + done=40 / 84989
  6150 states scanned (4.28 st/s), 6150 + done=40 / 84989
  6200 states scanned (4.29 st/s), 6200 + done=40 / 84989
  6250 states scanned (4.29 st/s), 6250 + done=40 / 84989
  6300 states scanned (4.29 st/s), 6300 + done=40 / 84989
  6350 states scanned (4.30 st/s), 6350 + done=40 / 84989
  6400 states scanned (4.29 st/s), 6400 + done=40 / 84989
  6450 states scanned (4.29 st/s), 6450 + done=40 / 84989
  6500 states scanned (4.30 st/s), 6500 + done=40 / 84989
  6550 states scanned (4.30 st/s), 6550 + done=40 / 84989
  6600 states scanned (4.31 st/s), 6600 + done=40 / 84989
  6650 states scanned (4.31 st/s), 6650 + done=40 / 84989
  6700 states scanned (4.31 st/s), 6700 + done=40 / 84989
  6750 states scanned (4.32 st/s), 6750 + done=40 / 84989
  6800 states scanned (4.33 st/s), 6800 + done=40 / 84989
  6850 states scanned (4.33 st/s), 6850 + done=40 / 84989
  6900 states scanned (4.34 st/s), 6900 + done=40 / 84989
  6950 states scanned (4.34 st/s), 6950 + done=40 / 84989
  7000 states scanned (4.35 st/s), 7000 + done=40 / 84989
  7050 states scanned (4.35 st/s), 7050 + done=40 / 84989
  7100 states scanned (4.35 st/s), 7100 + done=40 / 84989
  7150 states scanned (4.36 st/s), 7150 + done=40 / 84989
  7200 states scanned (4.36 st/s), 7200 + done=40 / 84989
  7250 states scanned (4.37 st/s), 7250 + done=40 / 84989
  7300 states scanned (4.38 st/s), 7300 + done=40 / 84989
  7350 states scanned (4.38 st/s), 7350 + done=40 / 84989
  7400 states scanned (4.39 st/s), 7400 + done=40 / 84989
  7450 states scanned (4.39 st/s), 7450 + done=40 / 84989
  7500 states scanned (4.40 st/s), 7500 + done=40 / 84989
  7550 states scanned (4.40 st/s), 7550 + done=40 / 84989
  7600 states scanned (4.41 st/s), 7600 + done=40 / 84989
  7650 states scanned (4.41 st/s), 7650 + done=40 / 84989
  7700 states scanned (4.42 st/s), 7700 + done=40 / 84989
  7750 states scanned (4.42 st/s), 7750 + done=40 / 84989
  7800 states scanned (4.43 st/s), 7800 + done=40 / 84989
  7850 states scanned (4.43 st/s), 7850 + done=40 / 84989
  7900 states scanned (4.44 st/s), 7900 + done=40 / 84989
  7950 states scanned (4.44 st/s), 7950 + done=40 / 84989
  8000 states scanned (4.44 st/s), 8000 + done=40 / 84989
  8050 states scanned (4.45 st/s), 8050 + done=40 / 84989
  8100 states scanned (4.46 st/s), 8100 + done=40 / 84989
  8150 states scanned (4.46 st/s), 8150 + done=40 / 84989
  8200 states scanned (4.47 st/s), 8200 + done=40 / 84989
  8250 states scanned (4.47 st/s), 8250 + done=40 / 84989
  8300 states scanned (4.48 st/s), 8300 + done=40 / 84989
  8350 states scanned (4.48 st/s), 8350 + done=40 / 84989
  8400 states scanned (4.48 st/s), 8400 + done=40 / 84989
  8450 states scanned (4.48 st/s), 8450 + done=40 / 84989
  8500 states scanned (4.49 st/s), 8500 + done=40 / 84989
  8550 states scanned (4.49 st/s), 8550 + done=40 / 84989
  8600 states scanned (4.49 st/s), 8600 + done=40 / 84989
  8650 states scanned (4.49 st/s), 8650 + done=40 / 84989
  8700 states scanned (4.50 st/s), 8700 + done=40 / 84989
  8750 states scanned (4.50 st/s), 8750 + done=40 / 84989
  8800 states scanned (4.51 st/s), 8800 + done=40 / 84989
  8850 states scanned (4.51 st/s), 8850 + done=40 / 84989
  8900 states scanned (4.52 st/s), 8900 + done=40 / 84989
  8950 states scanned (4.52 st/s), 8950 + done=40 / 84989
  9000 states scanned (4.53 st/s), 9000 + done=40 / 84989
  9050 states scanned (4.53 st/s), 9050 + done=40 / 84989
  9100 states scanned (4.54 st/s), 9100 + done=40 / 84989
  9150 states scanned (4.54 st/s), 9150 + done=40 / 84989
  9200 states scanned (4.55 st/s), 9200 + done=40 / 84989
  9250 states scanned (4.55 st/s), 9250 + done=40 / 84989
  9300 states scanned (4.55 st/s), 9300 + done=40 / 84989
  9350 states scanned (4.55 st/s), 9350 + done=40 / 84989
  9400 states scanned (4.56 st/s), 9400 + done=40 / 84989
  9450 states scanned (4.55 st/s), 9450 + done=40 / 84989
  9500 states scanned (4.56 st/s), 9500 + done=40 / 84989
  9550 states scanned (4.56 st/s), 9550 + done=40 / 84989
  9600 states scanned (4.56 st/s), 9600 + done=40 / 84989
  9650 states scanned (4.57 st/s), 9650 + done=40 / 84989
  9700 states scanned (4.57 st/s), 9700 + done=40 / 84989
  9750 states scanned (4.58 st/s), 9750 + done=40 / 84989
  9800 states scanned (4.58 st/s), 9800 + done=40 / 84989
  9850 states scanned (4.58 st/s), 9850 + done=40 / 84989
  9900 states scanned (4.59 st/s), 9900 + done=40 / 84989
  9950 states scanned (4.59 st/s), 9950 + done=40 / 84989
  10000 states scanned (4.60 st/s), 10000 + done=40 / 84989
  10050 states scanned (4.60 st/s), 10050 + done=40 / 84989
  10100 states scanned (4.60 st/s), 10100 + done=40 / 84989
  10150 states scanned (4.61 st/s), 10150 + done=40 / 84989
  10200 states scanned (4.61 st/s), 10200 + done=40 / 84989
  10250 states scanned (4.61 st/s), 10250 + done=40 / 84989
  10300 states scanned (4.62 st/s), 10300 + done=40 / 84989
  10350 states scanned (4.62 st/s), 10350 + done=40 / 84989
  10400 states scanned (4.63 st/s), 10400 + done=40 / 84989
  10450 states scanned (4.63 st/s), 10450 + done=40 / 84989
  10500 states scanned (4.63 st/s), 10500 + done=40 / 84989
  10550 states scanned (4.64 st/s), 10550 + done=40 / 84989
  time cap reached
{"session_states": 10577, "elapsed": 2280.1994638442993, "rate": 4.638629270060088}
