[     0.0s 20:50:38] orbit worker start: label=o2 tlim=900s modes=['mixed', 'sym']
[     0.0s 20:50:38] --- cycle 0: seed=sym90_a.json mode=mixed rng=2201000 ---
[     0.0s 21:03:01] orbit worker start: label=o2 tlim=900s modes=['mixed', 'sym']
[     0.0s 21:03:01] --- cycle 0: seed=sym90_a.json mode=mixed rng=2201000 ---
[     0.0s 21:10:33] orbit worker start: label=o2 tlim=900s modes=['mixed', 'sym']
[     0.0s 21:10:33] --- cycle 0: seed=sym90_a.json mode=mixed rng=2201000 ---
[   900.0s 21:25:33] --- cycle 1: seed=sym90_b.json mode=sym rng=2201001 ---
[  1800.1s 21:40:34] --- cycle 2: seed=div_05_g89_d8_j107.json mode=mixed rng=2201002 ---
[  2700.2s 21:55:34] --- cycle 3: seed=sym90_a.json mode=sym rng=2201003 ---
[  3600.3s 22:10:34] --- cycle 4: seed=sym90_b.json mode=mixed rng=2201004 ---
[     0.0s 22:22:30] orbit worker start: label=o2 tlim=900s modes=['mixed', 'sym']
[     0.0s 22:22:30] --- cycle 0: seed=sym90_a.json mode=mixed rng=2201000 ---
[   900.1s 22:37:30] --- cycle 1: seed=sym90_b.json mode=sym rng=2201001 ---
[  1800.1s 22:52:30] --- cycle 2: seed=div_05_g89_d8_j107.json mode=mixed rng=2201002 ---
[  2700.2s 23:07:30] --- cycle 3: seed=sym90_a.json mode=sym rng=2201003 ---
[  3600.3s 23:22:30] --- cycle 4: seed=sym90_b.json mode=mixed rng=2201004 ---
[  4500.4s 23:37:30] --- cycle 5: seed=div_13_g89_d9_j118.json mode=sym rng=2201005 ---
[  5400.5s 23:52:30] --- cycle 6: seed=sym90_a.json mode=mixed rng=2201006 ---
[  6300.6s 00:07:30] --- cycle 7: seed=sym90_b.json mode=sym rng=2201007 ---
[  7200.6s 00:22:30] --- cycle 8: seed=div_22_g91_d5_j115.json mode=mixed rng=2201008 ---
[  8100.7s 00:37:31] --- cycle 9: seed=sym90_a.json mode=sym rng=2201009 ---
[  9000.8s 00:52:31] --- cycle 10: seed=sym90_b.json mode=mixed rng=2201010 ---
[  9900.9s 01:07:31] --- cycle 11: seed=div_04_g89_d10_j107.json mode=sym rng=2201011 ---
[ 10801.0s 01:22:31] --- cycle 12: seed=sym90_a.json mode=mixed rng=2201012 ---
[ 11701.0s 01:37:31] --- cycle 13: seed=sym90_b.json mode=sym rng=2201013 ---
[ 12601.1s 01:52:31] --- cycle 14: seed=div_05_g89_d8_j107.json mode=mixed rng=2201014 ---
[ 13501.2s 02:07:31] --- cycle 15: seed=sym90_a.json mode=sym rng=2201015 ---
[ 14401.2s 02:22:31] --- cycle 16: seed=sym90_b.json mode=mixed rng=2201016 ---
[ 15301.3s 02:37:31] --- cycle 17: seed=div_13_g89_d9_j118.json mode=sym rng=2201017 ---
[ 16201.4s 02:52:31] --- cycle 18: seed=sym90_a.json mode=mixed rng=2201018 ---
[ 17101.5s 03:07:31] --- cycle 19: seed=sym90_b.json mode=sym rng=2201019 ---
[ 18001.5s 03:22:31] --- cycle 20: seed=div_01_g89_d9_j107.json mode=mixed rng=2201020 ---
[ 18901.6s 03:37:31] --- cycle 21: seed=sym90_a.json mode=sym rng=2201021 ---
[ 19801.7s 03:52:32] --- cycle 22: seed=sym90_b.json mode=mixed rng=2201022 ---
[ 20701.7s 04:07:32] --- cycle 23: seed=div_03_g89_d7_j107.json mode=sym rng=2201023 ---
[ 21601.9s 04:22:32] --- cycle 24: seed=sym90_a.json mode=mixed rng=2201024 ---
[ 22501.9s 04:37:32] --- cycle 25: seed=sym90_b.json mode=sym rng=2201025 ---
[ 23402.0s 04:52:32] --- cycle 26: seed=div_16_g89_d7_j118.json mode=mixed rng=2201026 ---
[ 24302.1s 05:07:32] --- cycle 27: seed=sym90_a.json mode=sym rng=2201027 ---
[ 25202.2s 05:22:32] --- cycle 28: seed=sym90_b.json mode=mixed rng=2201028 ---
[ 26102.2s 05:37:32] --- cycle 29: seed=div_15_g89_d9_j118.json mode=sym rng=2201029 ---
[ 27002.3s 05:52:32] --- cycle 30: seed=sym90_a.json mode=mixed rng=2201030 ---
[ 27902.4s 06:07:32] --- cycle 31: seed=sym90_b.json mode=sym rng=2201031 ---
[ 28802.5s 06:22:32] --- cycle 32: seed=div_08_g89_d9_j107.json mode=mixed rng=2201032 ---
[ 29702.6s 06:37:32] --- cycle 33: seed=sym90_a.json mode=sym rng=2201033 ---
[ 30602.7s 06:52:33] --- cycle 34: seed=sym90_b.json mode=mixed rng=2201034 ---
[ 31502.8s 07:07:33] --- cycle 35: seed=div_22_g91_d5_j115.json mode=sym rng=2201035 ---
[ 32402.9s 07:22:33] --- cycle 36: seed=sym90_a.json mode=mixed rng=2201036 ---
[ 33302.9s 07:37:33] --- cycle 37: seed=sym90_b.json mode=sym rng=2201037 ---
[ 34203.0s 07:52:33] --- cycle 38: seed=div_13_g89_d9_j118.json mode=mixed rng=2201038 ---
[ 35103.1s 08:07:33] --- cycle 39: seed=sym90_a.json mode=sym rng=2201039 ---
[ 36003.2s 08:22:33] --- cycle 40: seed=sym90_b.json mode=mixed rng=2201040 ---
[ 36903.2s 08:37:33] --- cycle 41: seed=div_22_g91_d5_j115.json mode=sym rng=2201041 ---
[ 37803.3s 08:52:33] --- cycle 42: seed=sym90_a.json mode=mixed rng=2201042 ---
[ 38703.4s 09:07:33] --- cycle 43: seed=sym90_b.json mode=sym rng=2201043 ---
[ 39603.4s 09:22:33] --- cycle 44: seed=div_19_g89_d7_j118.json mode=mixed rng=2201044 ---
[ 40503.6s 09:37:33] --- cycle 45: seed=sym90_a.json mode=sym rng=2201045 ---
[ 41403.6s 09:52:33] --- cycle 46: seed=sym90_b.json mode=mixed rng=2201046 ---
[ 42303.7s 10:07:34] --- cycle 47: seed=div_15_g89_d9_j118.json mode=sym rng=2201047 ---
[ 43203.8s 10:22:34] --- cycle 48: seed=sym90_a.json mode=mixed rng=2201048 ---
[ 44103.9s 10:37:34] --- cycle 49: seed=sym90_b.json mode=sym rng=2201049 ---
[ 45003.9s 10:52:34] --- cycle 50: seed=div_13_g89_d9_j118.json mode=mixed rng=2201050 ---
[ 45904.1s 11:07:34] --- cycle 51: seed=sym90_a.json mode=sym rng=2201051 ---
[ 46804.1s 11:22:34] --- cycle 52: seed=sym90_b.json mode=mixed rng=2201052 ---
[ 47704.2s 11:37:34] --- cycle 53: seed=div_15_g89_d9_j118.json mode=sym rng=2201053 ---
[ 48604.3s 11:52:34] --- cycle 54: seed=sym90_a.json mode=mixed rng=2201054 ---
[ 49504.4s 12:07:34] --- cycle 55: seed=sym90_b.json mode=sym rng=2201055 ---
[ 50404.5s 12:22:34] --- cycle 56: seed=div_06_g89_d10_j107.json mode=mixed rng=2201056 ---
[ 51304.6s 12:37:34] --- cycle 57: seed=sym90_a.json mode=sym rng=2201057 ---
[ 52204.7s 12:52:35] --- cycle 58: seed=sym90_b.json mode=mixed rng=2201058 ---
[ 53104.8s 13:07:35] --- cycle 59: seed=div_02_g89_d8_j107.json mode=sym rng=2201059 ---
[ 54004.9s 13:22:35] --- cycle 60: seed=sym90_a.json mode=mixed rng=2201060 ---
[ 54905.1s 13:37:35] --- cycle 61: seed=sym90_b.json mode=sym rng=2201061 ---
[ 55805.2s 13:52:35] --- cycle 62: seed=div_11_g89_d6_j118.json mode=mixed rng=2201062 ---
[ 56705.3s 14:07:35] --- cycle 63: seed=sym90_a.json mode=sym rng=2201063 ---
[ 57605.4s 14:22:35] --- cycle 64: seed=sym90_b.json mode=mixed rng=2201064 ---
[ 58505.5s 14:37:35] --- cycle 65: seed=div_09_g89_d9_j107.json mode=sym rng=2201065 ---
[ 59405.6s 14:52:35] --- cycle 66: seed=sym90_a.json mode=mixed rng=2201066 ---
[ 60305.7s 15:07:36] --- cycle 67: seed=sym90_b.json mode=sym rng=2201067 ---
[ 61205.8s 15:22:36] --- cycle 68: seed=div_06_g89_d10_j107.json mode=mixed rng=2201068 ---
[ 62105.9s 15:37:36] --- cycle 69: seed=sym90_a.json mode=sym rng=2201069 ---
[ 63006.0s 15:52:36] --- cycle 70: seed=sym90_b.json mode=mixed rng=2201070 ---
[ 63906.1s 16:07:36] --- cycle 71: seed=div_19_g89_d7_j118.json mode=sym rng=2201071 ---
[ 64806.2s 16:22:36] --- cycle 72: seed=sym90_a.json mode=mixed rng=2201072 ---
[ 65706.3s 16:37:36] --- cycle 73: seed=sym90_b.json mode=sym rng=2201073 ---
[ 66606.4s 16:52:36] --- cycle 74: seed=div_05_g89_d8_j107.json mode=mixed rng=2201074 ---
[ 67506.5s 17:07:36] --- cycle 75: seed=sym90_a.json mode=sym rng=2201075 ---
[ 68406.6s 17:22:36] --- cycle 76: seed=sym90_b.json mode=mixed rng=2201076 ---
[ 69306.6s 17:37:36] --- cycle 77: seed=div_22_g91_d5_j115.json mode=sym rng=2201077 ---
[ 70206.7s 17:52:37] --- cycle 78: seed=sym90_a.json mode=mixed rng=2201078 ---
[ 71106.8s 18:07:37] --- cycle 79: seed=sym90_b.json mode=sym rng=2201079 ---
[ 72006.9s 18:22:37] --- cycle 80: seed=div_22_g91_d5_j115.json mode=mixed rng=2201080 ---
[ 72907.1s 18:37:37] --- cycle 81: seed=sym90_a.json mode=sym rng=2201081 ---
[ 73807.1s 18:52:37] --- cycle 82: seed=sym90_b.json mode=mixed rng=2201082 ---
[ 74707.2s 19:07:37] --- cycle 83: seed=div_12_g89_d7_j118.json mode=sym rng=2201083 ---
[ 75607.4s 19:22:37] --- cycle 84: seed=sym90_a.json mode=mixed rng=2201084 ---
[ 76507.4s 19:37:37] --- cycle 85: seed=sym90_b.json mode=sym rng=2201085 ---
[ 77407.5s 19:52:37] --- cycle 86: seed=div_08_g89_d9_j107.json mode=mixed rng=2201086 ---
[ 78307.7s 20:07:38] --- cycle 87: seed=sym90_a.json mode=sym rng=2201087 ---
[ 79207.7s 20:22:38] --- cycle 88: seed=sym90_b.json mode=mixed rng=2201088 ---
[ 80107.8s 20:37:38] --- cycle 89: seed=div_14_g89_d8_j118.json mode=sym rng=2201089 ---
[ 81008.0s 20:52:38] --- cycle 90: seed=sym90_a.json mode=mixed rng=2201090 ---
[ 81908.0s 21:07:38] --- cycle 91: seed=sym90_b.json mode=sym rng=2201091 ---
[ 82808.1s 21:22:38] --- cycle 92: seed=div_22_g91_d5_j115.json mode=mixed rng=2201092 ---
[ 83708.2s 21:37:38] --- cycle 93: seed=sym90_a.json mode=sym rng=2201093 ---
[ 84608.3s 21:52:38] --- cycle 94: seed=sym90_b.json mode=mixed rng=2201094 ---
[ 85508.4s 22:07:38] --- cycle 95: seed=div_07_g89_d9_j107.json mode=sym rng=2201095 ---
[ 86408.5s 22:22:38] --- cycle 96: seed=sym90_a.json mode=mixed rng=2201096 ---
[ 87308.6s 22:37:38] --- cycle 97: seed=sym90_b.json mode=sym rng=2201097 ---
[ 88208.7s 22:52:39] --- cycle 98: seed=div_00_g89_d7_j107.json mode=mixed rng=2201098 ---
[ 89108.8s 23:07:39] --- cycle 99: seed=sym90_a.json mode=sym rng=2201099 ---
[ 90008.9s 23:22:39] --- cycle 100: seed=sym90_b.json mode=mixed rng=2201100 ---
[ 90909.0s 23:37:39] --- cycle 101: seed=div_01_g89_d9_j107.json mode=sym rng=2201101 ---
[ 91809.1s 23:52:39] --- cycle 102: seed=sym90_a.json mode=mixed rng=2201102 ---
[ 92709.2s 00:07:39] --- cycle 103: seed=sym90_b.json mode=sym rng=2201103 ---
[ 93609.2s 00:22:39] --- cycle 104: seed=div_08_g89_d9_j107.json mode=mixed rng=2201104 ---
[ 94509.4s 00:37:39] --- cycle 105: seed=sym90_a.json mode=sym rng=2201105 ---
[ 95409.5s 00:52:39] --- cycle 106: seed=sym90_b.json mode=mixed rng=2201106 ---
[ 96309.6s 01:07:39] --- cycle 107: seed=div_13_g89_d9_j118.json mode=sym rng=2201107 ---
[ 97209.7s 01:22:40] --- cycle 108: seed=sym90_a.json mode=mixed rng=2201108 ---
[ 98109.8s 01:37:40] --- cycle 109: seed=sym90_b.json mode=sym rng=2201109 ---
[ 99009.9s 01:52:40] --- cycle 110: seed=div_11_g89_d6_j118.json mode=mixed rng=2201110 ---
[ 99910.1s 02:07:40] --- cycle 111: seed=sym90_a.json mode=sym rng=2201111 ---
[100810.2s 02:22:40] --- cycle 112: seed=sym90_b.json mode=mixed rng=2201112 ---
[101710.3s 02:37:40] --- cycle 113: seed=div_04_g89_d10_j107.json mode=sym rng=2201113 ---
[102610.5s 02:52:40] --- cycle 114: seed=sym90_a.json mode=mixed rng=2201114 ---
[103510.6s 03:07:40] --- cycle 115: seed=sym90_b.json mode=sym rng=2201115 ---
[104410.7s 03:22:40] --- cycle 116: seed=div_15_g89_d9_j118.json mode=mixed rng=2201116 ---
[105310.8s 03:37:41] --- cycle 117: seed=sym90_a.json mode=sym rng=2201117 ---
[106210.9s 03:52:41] --- cycle 118: seed=sym90_b.json mode=mixed rng=2201118 ---
[107111.0s 04:07:41] --- cycle 119: seed=div_10_g89_d8_j107.json mode=sym rng=2201119 ---
[108011.2s 04:22:41] --- cycle 120: seed=sym90_a.json mode=mixed rng=2201120 ---
[108911.3s 04:37:41] --- cycle 121: seed=sym90_b.json mode=sym rng=2201121 ---
[109811.4s 04:52:41] --- cycle 122: seed=div_20_g89_d6_j118.json mode=mixed rng=2201122 ---
[110711.5s 05:07:41] --- cycle 123: seed=sym90_a.json mode=sym rng=2201123 ---
[111611.7s 05:22:42] --- cycle 124: seed=sym90_b.json mode=mixed rng=2201124 ---
[112511.8s 05:37:42] --- cycle 125: seed=div_19_g89_d7_j118.json mode=sym rng=2201125 ---
[113411.9s 05:52:42] --- cycle 126: seed=sym90_a.json mode=mixed rng=2201126 ---
[114312.0s 06:07:42] --- cycle 127: seed=sym90_b.json mode=sym rng=2201127 ---
[115212.1s 06:22:42] --- cycle 128: seed=div_11_g89_d6_j118.json mode=mixed rng=2201128 ---
[116112.3s 06:37:42] --- cycle 129: seed=sym90_a.json mode=sym rng=2201129 ---
[117012.4s 06:52:42] --- cycle 130: seed=sym90_b.json mode=mixed rng=2201130 ---
[117912.5s 07:07:42] --- cycle 131: seed=div_08_g89_d9_j107.json mode=sym rng=2201131 ---
[118812.6s 07:22:42] --- cycle 132: seed=sym90_a.json mode=mixed rng=2201132 ---
[119712.7s 07:37:43] --- cycle 133: seed=sym90_b.json mode=sym rng=2201133 ---
[120612.8s 07:52:43] --- cycle 134: seed=div_16_g89_d7_j118.json mode=mixed rng=2201134 ---
[121513.0s 08:07:43] --- cycle 135: seed=sym90_a.json mode=sym rng=2201135 ---
[122413.0s 08:22:43] --- cycle 136: seed=sym90_b.json mode=mixed rng=2201136 ---
[123313.1s 08:37:43] --- cycle 137: seed=div_15_g89_d9_j118.json mode=sym rng=2201137 ---
[124213.3s 08:52:43] --- cycle 138: seed=sym90_a.json mode=mixed rng=2201138 ---
[125113.4s 09:07:43] --- cycle 139: seed=sym90_b.json mode=sym rng=2201139 ---
[126013.5s 09:22:43] --- cycle 140: seed=div_12_g89_d7_j118.json mode=mixed rng=2201140 ---
[126913.7s 09:37:44] --- cycle 141: seed=sym90_a.json mode=sym rng=2201141 ---
[127813.8s 09:52:44] --- cycle 142: seed=sym90_b.json mode=mixed rng=2201142 ---
[128714.0s 10:07:44] --- cycle 143: seed=div_00_g89_d7_j107.json mode=sym rng=2201143 ---
[129614.2s 10:22:44] --- cycle 144: seed=sym90_a.json mode=mixed rng=2201144 ---
[130514.3s 10:37:44] --- cycle 145: seed=sym90_b.json mode=sym rng=2201145 ---
[131414.4s 10:52:44] --- cycle 146: seed=div_15_g89_d9_j118.json mode=mixed rng=2201146 ---
[132314.6s 11:07:44] --- cycle 147: seed=sym90_a.json mode=sym rng=2201147 ---
[133214.7s 11:22:45] --- cycle 148: seed=sym90_b.json mode=mixed rng=2201148 ---
[134114.9s 11:37:45] --- cycle 149: seed=div_09_g89_d9_j107.json mode=sym rng=2201149 ---
[135015.0s 11:52:45] --- cycle 150: seed=sym90_a.json mode=mixed rng=2201150 ---
[135915.3s 12:07:45] --- cycle 151: seed=sym90_b.json mode=sym rng=2201151 ---
[136815.5s 12:22:45] --- cycle 152: seed=div_08_g89_d9_j107.json mode=mixed rng=2201152 ---
[137715.6s 12:37:45] --- cycle 153: seed=sym90_a.json mode=sym rng=2201153 ---
[138615.7s 12:52:46] --- cycle 154: seed=sym90_b.json mode=mixed rng=2201154 ---
[139515.8s 13:07:46] --- cycle 155: seed=div_21_g90_d7_j127.json mode=sym rng=2201155 ---
[140416.0s 13:22:46] --- cycle 156: seed=sym90_a.json mode=mixed rng=2201156 ---
[141316.2s 13:37:46] --- cycle 157: seed=sym90_b.json mode=sym rng=2201157 ---
[142216.4s 13:52:46] --- cycle 158: seed=div_19_g89_d7_j118.json mode=mixed rng=2201158 ---
[143116.6s 14:07:46] --- cycle 159: seed=sym90_a.json mode=sym rng=2201159 ---
[144017.0s 14:22:47] --- cycle 160: seed=sym90_b.json mode=mixed rng=2201160 ---
[144917.2s 14:37:47] --- cycle 161: seed=div_19_g89_d7_j118.json mode=sym rng=2201161 ---
[145817.4s 14:52:47] --- cycle 162: seed=sym90_a.json mode=mixed rng=2201162 ---
[146717.5s 15:07:47] --- cycle 163: seed=sym90_b.json mode=sym rng=2201163 ---
[147617.6s 15:22:47] --- cycle 164: seed=div_22_g91_d5_j115.json mode=mixed rng=2201164 ---
